 Container open3dsg-train_views_full-run-b7a94b9942e2 Creating 
 Container open3dsg-train_views_full-run-b7a94b9942e2 Created 

==========
== CUDA ==
==========

CUDA Version 12.8.1

Container image Copyright (c) 2016-2023, NVIDIA CORPORATION & AFFILIATES. All rights reserved.

This container image and its contents are governed by the NVIDIA Deep Learning Container License.
By pulling and using the container, you accept the terms and conditions of this license:
https://developer.nvidia.com/ngc/nvidia-deep-learning-container-license

A copy of this license is made available in this container at /NGC-DL-CONTAINER-LICENSE for your convenience.

{"blockers": [], "status": "ready"}
[1/1178] 02b33df9-be2b-2d54-9062-1253be3ce186 already_ready ready=True objects=16
[2/1178] 02b33dfb-be2b-2d54-92d2-cd012b2b3c40 generated ready=True objects=17
[3/1178] 02b33dfd-be2b-2d54-91d2-55454852009e generated ready=True objects=22
[4/1178] 02b33e01-be2b-2d54-93fb-4145a709cec5 generated ready=True objects=24
[5/1178] 05c6ede7-2e69-23b1-8b27-c1cb868f1938 generated ready=True objects=29
[6/1178] 09582205-e2c2-2de1-9475-1cdac7639e60 generated ready=True objects=10
[7/1178] 02b33e03-be2b-2d54-9129-5d28efdd68fa generated ready=True objects=22
[8/1178] 09582207-e2c2-2de1-972c-225d968c2ab4 generated ready=True objects=11
[9/1178] 0958220b-e2c2-2de1-96bc-739f09c1e8f8 generated ready=True objects=9
[10/1178] 09582209-e2c2-2de1-9610-08baed932919 generated ready=True objects=11
[11/1178] 0958220d-e2c2-2de1-9710-c37018da1883 generated ready=True objects=13
[12/1178] 09582212-e2c2-2de1-9700-fa44b14fbded generated ready=True objects=11
[13/1178] 09582214-e2c2-2de1-956a-64d8da4ba7cc generated ready=True objects=7
[14/1178] 09582216-e2c2-2de1-97de-efcab1ef9c43 generated ready=True objects=12
[15/1178] 09582219-e2c2-2de1-9534-519142703037 generated ready=True objects=12
[16/1178] 09582223-e2c2-2de1-94b6-750684b4f80a generated ready=True objects=5
[17/1178] 0958221b-e2c2-2de1-96b1-6233099811a0 generated ready=True objects=13
[18/1178] 09582225-e2c2-2de1-9564-f6681ef5e511 generated ready=True objects=7
[19/1178] 09582228-e2c2-2de1-953d-f6f1ee4b3699 generated ready=True objects=7
[20/1178] 0958222a-e2c2-2de1-9474-35e601b3682a generated ready=True objects=6
[21/1178] 0958222d-e2c2-2de1-9732-e2fb990692ef generated ready=True objects=6
[22/1178] 09582237-e2c2-2de1-9758-862dc7a3d009 generated ready=True objects=7
[23/1178] 0958222f-e2c2-2de1-94fd-986561908cee generated ready=True objects=8
[24/1178] 09582242-e2c2-2de1-942f-d1001cbff56b generated ready=True objects=7
[25/1178] 0958223d-e2c2-2de1-9683-a76a4276d84c generated ready=True objects=6
[26/1178] 09582244-e2c2-2de1-956c-357092d949d1 generated ready=True objects=8
[27/1178] 09582246-e2c2-2de1-95ae-2afbd2e21231 generated ready=True objects=12
[28/1178] 09582248-e2c2-2de1-94ff-edbe78c9c0b4 generated ready=True objects=11
[29/1178] 0958224c-e2c2-2de1-948b-4417ac5f2711 generated ready=True objects=12
[30/1178] 0958224e-e2c2-2de1-943b-38e36345e2e7 generated ready=True objects=16
[31/1178] 0958224a-e2c2-2de1-950b-a53ea2cb660d generated ready=True objects=13
[32/1178] 09582250-e2c2-2de1-9541-3efcbdc2dca4 generated ready=True objects=13
[33/1178] 09582252-e2c2-2de1-96bf-d41dd0362f39 generated ready=True objects=17
[34/1178] 09582254-e2c2-2de1-9434-162187eb819e generated ready=True objects=17
[35/1178] 09582256-e2c2-2de1-9662-c4bc7ca7c497 generated ready=True objects=20
[36/1178] 0ad2d386-79e2-2212-9b40-43d081db442a generated ready=True objects=13
[37/1178] 0ad2d384-79e2-2212-9b18-72b44eb5463f generated ready=True objects=22
[38/1178] 0a4b8ef6-a83a-21f2-8672-dce34dd0d7ca generated ready=True objects=25
[39/1178] 0ad2d389-79e2-2212-9b0a-5f0e6f4982b5 generated ready=True objects=15
[40/1178] 0ad2d382-79e2-2212-98b3-641bf9d552c1 generated ready=True objects=36
[41/1178] 0ad2d391-79e2-2212-98a3-7e2440884395 generated ready=True objects=20
[42/1178] 0ad2d38f-79e2-2212-98d2-9b5060e5e9b5 generated ready=True objects=21
[43/1178] 0ad2d395-79e2-2212-9b89-83581fad7390 generated ready=True objects=27
[44/1178] 0ad2d39d-79e2-2212-99aa-1e95c5b94289 generated ready=True objects=20
[45/1178] 0ad2d3a1-79e2-2212-9b99-a96495d9f7fe generated ready=True objects=13
[46/1178] 0ad2d39b-79e2-2212-99ae-830c292cd079 generated ready=True objects=21
[47/1178] 0ad2d399-79e2-2212-99cf-7a3512734bd7 generated ready=True objects=31
[48/1178] 0ad2d3a3-79e2-2212-9a51-9094be707ec2 generated ready=True objects=16
[49/1178] 0ad2d3a5-79e2-2212-9a9e-2502a05fa678 generated ready=True objects=11
[50/1178] 0ad2d3a7-79e2-2212-9a1b-8737842a24e2 generated ready=True objects=14
[51/1178] 0cac753a-8d6f-2d13-8f04-2073b87af440 generated ready=True objects=11
[52/1178] 0cac7536-8d6f-2d13-8dc2-2f9d7aa62dc4 generated ready=True objects=13
[53/1178] 0cac7538-8d6f-2d13-8c23-d635c21d0f17 generated ready=True objects=11
[54/1178] 0cac753c-8d6f-2d13-8e27-e0664fc33bb9 generated ready=True objects=8
[55/1178] 0cac754d-8d6f-2d13-8c81-d134a19b0045 generated ready=True objects=15
[56/1178] 0cac7549-8d6f-2d13-8d56-b895956f571a generated ready=True objects=21
[57/1178] 0cac755e-8d6f-2d13-8c6a-c0979ca34a4f generated ready=True objects=5
[58/1178] 0cac7554-8d6f-2d13-8f1f-5f6fcf08f931 generated ready=True objects=19
[59/1178] 0cac7558-8d6f-2d13-8fe1-c8af0362735d generated ready=True objects=33
[60/1178] 0cac755a-8d6f-2d13-8fed-b1be02f4ef77 generated ready=True objects=21
[61/1178] 0cac7564-8d6f-2d13-8cb2-8b01c0a1b3d5 generated ready=True objects=9
[62/1178] 0cac7574-8d6f-2d13-8db6-4304f437e6d5 generated ready=True objects=37
[63/1178] 0cac757e-8d6f-2d13-8f1d-ef6123d53655 generated ready=True objects=24
[64/1178] 0cac7576-8d6f-2d13-8f3c-f01f8f14022c generated ready=True objects=31
[65/1178] 0cac7595-8d6f-2d13-8cad-f51af4c9aba2 generated ready=True objects=16
[66/1178] 0cac7578-8d6f-2d13-8c2d-bfa7a04f8af3 generated ready=True objects=39
[67/1178] 0cac7597-8d6f-2d13-8c9c-6f8542021d5c generated ready=True objects=28
[68/1178] 0cac7599-8d6f-2d13-8e7f-4217750a64cc generated ready=True objects=25
[69/1178] 0cac7580-8d6f-2d13-8c9d-d45247b5244b generated ready=True objects=39
[70/1178] 0cac759b-8d6f-2d13-8e3b-2e3bc1ee1158 generated ready=True objects=30
[71/1178] 0cac75a1-8d6f-2d13-8dab-0ecc3b317dc7 generated ready=True objects=16
[72/1178] 0cac759d-8d6f-2d13-8e8b-c3730d9fe563 generated ready=True objects=27
[73/1178] 0cac75a7-8d6f-2d13-8fdc-083ff44d10fb generated ready=True objects=18
[74/1178] 0cac75af-8d6f-2d13-8f9e-ed3f62665aed generated ready=True objects=2
[75/1178] 0cac75ad-8d6f-2d13-8c74-5de4dfc4affc generated ready=True objects=22
[76/1178] 0cac75ab-8d6f-2d13-8fea-b1eb7e9bf6e7 generated ready=True objects=20
[77/1178] 0cac75b3-8d6f-2d13-8f4b-3d74070429df generated ready=True objects=18
[78/1178] 0cac75c4-8d6f-2d13-8c37-fcfaf141ae5a generated ready=True objects=18
[79/1178] 0cac75c6-8d6f-2d13-8d35-f0128b4fb7a9 generated ready=True objects=20
[80/1178] 0cac75cc-8d6f-2d13-8ddf-7b3c05e8709c generated ready=True objects=11
[81/1178] 0cac75c8-8d6f-2d13-8c08-b3c40c58e0f7 generated ready=True objects=22
[82/1178] 0cac75ca-8d6f-2d13-8dfc-9932bfbb834d generated ready=True objects=21
[83/1178] 0cac75ce-8d6f-2d13-8cf1-add4e795b9b0 generated ready=True objects=28
[84/1178] 0cac75d6-8d6f-2d13-8dd7-26f14b02c0e7 generated ready=True objects=18
[85/1178] 0cac75ee-8d6f-2d13-8f1f-5f13d3b59ce3 generated ready=True objects=19
[86/1178] 0cac75d0-8d6f-2d13-8c26-d771a31c3f50 generated ready=True objects=21
[87/1178] 0cac75f0-8d6f-2d13-8d86-371deca33bb4 generated ready=True objects=25
[88/1178] 0cac75f2-8d6f-2d13-8f0f-f00e880b4e7b generated ready=True objects=30
[89/1178] 0cac75f4-8d6f-2d13-8c10-ce688f7ac0af generated ready=True objects=30
[90/1178] 0cac75f6-8d6f-2d13-8d7b-dc01a394149c generated ready=True objects=17
[91/1178] 0cac75b1-8d6f-2d13-8c17-9099db8915bc generated ready=True objects=70
[92/1178] 0cac75f8-8d6f-2d13-8f8a-30d9464cad6e generated ready=True objects=21
[93/1178] 0cac75fc-8d6f-2d13-8c59-13d52e366f38 generated ready=True objects=14
[94/1178] 0cac75fe-8d6f-2d13-8dd8-87c100e95f4d generated ready=True objects=14
[95/1178] 0cac7602-8d6f-2d13-8ca7-c26866c2e42f generated ready=True objects=23
[96/1178] 0cac7604-8d6f-2d13-8e39-784396ee3b8c generated ready=True objects=16
[97/1178] 0cac7611-8d6f-2d13-8f47-8ec4a6375ac3 generated ready=True objects=9
[98/1178] 0cac760f-8d6f-2d13-8d9d-2d8df8f8cb6e generated ready=True objects=21
[99/1178] 0cac7613-8d6f-2d13-8d92-487a50d40794 generated ready=True objects=16
[100/1178] 0cac760d-8d6f-2d13-8ea2-109ce4da9ac9 generated ready=True objects=27
[101/1178] 0cac761d-8d6f-2d13-8f35-2364ee20f2a9 generated ready=True objects=19
[102/1178] 0cac7621-8d6f-2d13-8cb1-ac43b90f4141 generated ready=True objects=18
[103/1178] 0cac761f-8d6f-2d13-8c29-90f19c5f65c6 generated ready=True objects=22
[104/1178] 0cac7623-8d6f-2d13-8da0-462e7fc0bea2 generated ready=True objects=15
[105/1178] 0cac7627-8d6f-2d13-8eac-41764b5f2c5b generated ready=True objects=7
[106/1178] 0cac7625-8d6f-2d13-8f72-9672f2345ef9 generated ready=True objects=12
[107/1178] 0cac7629-8d6f-2d13-8e5a-9f17681451c8 generated ready=True objects=11
[108/1178] 0cac762d-8d6f-2d13-8c70-b523afdf6989 generated ready=True objects=19
[109/1178] 0cac7635-8d6f-2d13-8ea5-25f4dc197d1d generated ready=True objects=29
[110/1178] 0cac7637-8d6f-2d13-8e6f-f79dce250314 generated ready=True objects=27
[111/1178] 0cac763b-8d6f-2d13-8c67-de3d97b48d39 generated ready=True objects=22
[112/1178] 0cac762f-8d6f-2d13-8e48-ed83163799fb generated ready=True objects=44
[113/1178] 0cac7640-8d6f-2d13-8d50-e374f145f2b6 generated ready=True objects=23
[114/1178] 0cac7642-8d6f-2d13-8f9f-eb19016049fa generated ready=True objects=24
[115/1178] 0cac7644-8d6f-2d13-8e31-4a5219d710b9 generated ready=True objects=21
[116/1178] 0cac762b-8d6f-2d13-8de2-832a3c07864b generated ready=True objects=60
[117/1178] 0cac7646-8d6f-2d13-8d24-1bc724028d31 generated ready=True objects=29
[118/1178] 0cac7648-8d6f-2d13-8e30-76663c19baa4 generated ready=True objects=31
[119/1178] 0cac764a-8d6f-2d13-8fbd-2966f09c65d0 generated ready=True objects=24
[120/1178] 0cac7652-8d6f-2d13-8f0e-a1dd07a8a847 generated ready=True objects=20
[121/1178] 0cac764c-8d6f-2d13-8fec-15edfc3e53ad generated ready=True objects=22
[122/1178] 0cac765e-8d6f-2d13-8d01-8f28e99c016c generated ready=True objects=18
[123/1178] 0cac7660-8d6f-2d13-8ecb-3e29d78a7718 generated ready=True objects=12
[124/1178] 0cac7654-8d6f-2d13-8e68-ddd1767454ad generated ready=True objects=27
[125/1178] 0cac7662-8d6f-2d13-8e2c-189aab269bae generated ready=True objects=21
[126/1178] 0cac7664-8d6f-2d13-8e1d-b97c9ab20b12 generated ready=True objects=24
[127/1178] 0cac766c-8d6f-2d13-8cde-44c997b5e8a7 generated ready=True objects=22
[128/1178] 0cac7672-8d6f-2d13-8d84-a0418e452bb7 generated ready=True objects=24
[129/1178] 0cac768a-8d6f-2d13-8dd3-3cbb7d916641 generated ready=True objects=2
[130/1178] 0cac767c-8d6f-2d13-8e22-50ba98af68e6 generated ready=True objects=30
[131/1178] 0cac768c-8d6f-2d13-8cc8-7ace156fc3e7 generated ready=True objects=4
[132/1178] 0cac7680-8d6f-2d13-8e05-f6da6172d239 generated ready=True objects=22
[133/1178] 0cf75f4b-564d-23f5-899f-ff97701d3f3b generated ready=True objects=31
[134/1178] 0cf75f50-564d-23f5-8a6b-cf1f98afcbce generated ready=True objects=26
[135/1178] 0cac767e-8d6f-2d13-8d1a-d5e9b184df15 generated ready=True objects=44
[136/1178] 0cf75f4e-564d-23f5-8a9a-3ceecab0afe1 generated ready=True objects=23
[137/1178] 0d7054f5-4c6e-2ab6-844f-c1328fe572bf generated ready=True objects=20
[138/1178] 0f2f2713-b736-2f71-8c10-dcecbef587f9 generated ready=True objects=35
[139/1178] 0f2f2719-b736-2f71-8e3e-46490f5fe5fe generated ready=True objects=23
[140/1178] 0f2f2711-b736-2f71-8c6a-245a9d820a8c generated ready=True objects=41
[141/1178] 0f2f2717-b736-2f71-8d6a-28817c01a17f generated ready=True objects=41
[142/1178] 0f2f271d-b736-2f71-8d77-dfc428e30c1e generated ready=True objects=28
[143/1178] 0f2f271f-b736-2f71-8f74-15fd679c80d5 generated ready=True objects=33
[144/1178] 0f2f271b-b736-2f71-8f3a-e9265463abcb generated ready=True objects=39
[145/1178] 0f2f2721-b736-2f71-8cd7-8f86d4bd0437 generated ready=True objects=32
[146/1178] 10a993b0-b1ad-2404-85b7-3eac1e66b413 generated ready=True objects=26
[147/1178] 10b17932-3938-2467-8b89-08efc4dc9924 generated ready=True objects=13
[148/1178] 10b1792c-3938-2467-8b57-bc0b18bc6b13 generated ready=True objects=33
[149/1178] 0f2f2723-b736-2f71-8c94-f692cca76661 generated ready=True objects=28
[150/1178] 10b17934-3938-2467-8959-93297ad1b22d generated ready=True objects=16
[151/1178] 10b1793c-3938-2467-897f-85961a4b3677 generated ready=True objects=5
[152/1178] 10b1793a-3938-2467-8a84-eb8c081481b8 generated ready=True objects=20
[153/1178] 10b17938-3938-2467-8a37-21820ba7efc8 generated ready=True objects=20
[154/1178] 10b17936-3938-2467-88ba-ba5fe2debf14 generated ready=True objects=25
[155/1178] 10b17946-3938-2467-8bd9-0cc6be6dff91 generated ready=True objects=24
[156/1178] 10b17948-3938-2467-8bb9-fcd621974410 generated ready=True objects=32
[157/1178] 10b17951-3938-2467-881b-3bcb3b80bad3 generated ready=True objects=27
[158/1178] 10b1795b-3938-2467-88fe-b10cad8913f8 generated ready=True objects=24
[159/1178] 10b1794c-3938-2467-8b2b-4e5c91cc5cc3 generated ready=True objects=37
[160/1178] 10b1795d-3938-2467-887f-fedbef4df869 generated ready=True objects=27
[161/1178] 10b17967-3938-2467-88c5-a299519f9ad7 generated ready=True objects=15
[162/1178] 10b1795f-3938-2467-8aa6-c985377d32fb generated ready=True objects=23
[163/1178] 10b17965-3938-2467-8997-5dabffaa41a9 generated ready=True objects=22
[164/1178] 10b1796b-3938-2467-88bc-c224c21bc91c generated ready=True objects=26
[165/1178] 10b17969-3938-2467-8b12-9a43fea68e63 generated ready=True objects=32
[166/1178] 13124cb2-cec3-27a6-8583-cc0a9d6d1a9a generated ready=True objects=21
[167/1178] 13124cad-cec3-27a6-857f-914a832a87c3 generated ready=True objects=13
[168/1178] 10b17973-3938-2467-8906-5ba39b48458d generated ready=True objects=42
[169/1178] 13124cbe-cec3-27a6-8745-6e02a03494d2 generated ready=True objects=8
[170/1178] 10b17971-3938-2467-8a86-2b42613aa7ec generated ready=True objects=48
[171/1178] 13124cb4-cec3-27a6-848c-7599f34ef5a8 generated ready=True objects=22
[172/1178] 13124cc0-cec3-27a6-84bd-1f56cb6d11a8 generated ready=True objects=25
[173/1178] 13124cc6-cec3-27a6-86dc-7f23b894c85c generated ready=True objects=5
[174/1178] 137a8156-1db5-2cc0-80ff-73ceef09cc7c generated ready=True objects=12
[175/1178] 13124cc2-cec3-27a6-86ad-946fe3a73493 generated ready=True objects=26
[176/1178] 170725d2-9f1b-2d87-803b-c3210c0d30ff generated ready=True objects=20
[177/1178] 13124cc8-cec3-27a6-87e6-11de5c4a40dd generated ready=True objects=30
[178/1178] 1713f852-5300-2104-8658-73b77b66af61 generated ready=True objects=33
[179/1178] 1713f857-5300-2104-85c7-5e6e0b50713c generated ready=True objects=27
[180/1178] 170725d4-9f1b-2d87-812a-b126916caa9f generated ready=True objects=39
[181/1178] 1776ad76-4db7-2333-8ab2-6de6191f3d11 generated ready=True objects=22
[182/1178] 1776ad7a-4db7-2333-8afa-5fb5440b2edc generated ready=True objects=21
[183/1178] 1776ad78-4db7-2333-887f-d6b6a617255a generated ready=True objects=16
[184/1178] 1713f859-5300-2104-841c-c60e88ded469 generated ready=True objects=31
[185/1178] 1776ad7e-4db7-2333-89e1-66854e82170c generated ready=True objects=6
[186/1178] 1776ad82-4db7-2333-89e4-d73159ac81d0 generated ready=True objects=7
[187/1178] 1776ad80-4db7-2333-8b18-f02ef42f3569 generated ready=True objects=9
[188/1178] 1776ad7c-4db7-2333-88b3-edb7a9803f6f generated ready=True objects=14
[189/1178] 1776ad84-4db7-2333-8aa7-2cc9126d5f71 generated ready=True objects=6
[190/1178] 1776ad86-4db7-2333-8935-240e44ccb16d generated ready=True objects=8
[191/1178] 1776ad88-4db7-2333-887f-8be533122e06 generated ready=True objects=10
[192/1178] 185d7417-3698-223c-8a26-b3a5fce593d4 generated ready=True objects=22
[193/1178] 1776ad8a-4db7-2333-8909-97b950726515 generated ready=True objects=11
[194/1178] 185d7419-3698-223c-8b18-2dccc08c66d9 generated ready=True objects=18
[195/1178] 185d741f-3698-223c-8a4c-5e77f82f9251 generated ready=True objects=16
[196/1178] 185d741b-3698-223c-8ba0-48db6ecbe220 generated ready=True objects=19
[197/1178] 185d741d-3698-223c-8837-9dafd682c7f0 generated ready=True objects=16
[198/1178] 185d7423-3698-223c-8879-80ad9339afce generated ready=True objects=19
[199/1178] 185d7425-3698-223c-8ac8-78643cbdc3d1 generated ready=True objects=21
[200/1178] 185d7427-3698-223c-8996-74a451349121 generated ready=True objects=20
[201/1178] 18d4d922-7eb5-280e-87bb-af3229fb1f13 generated ready=True objects=13
[202/1178] 185d7429-3698-223c-8a42-8c2d18d51531 generated ready=True objects=21
[203/1178] 18d4d91f-7eb5-280e-8757-1eb6f43ecfd2 generated ready=True objects=27
[204/1178] 18d4d924-7eb5-280e-8764-f9654f215144 generated ready=True objects=16
[205/1178] 185d7421-3698-223c-8b02-a4befeb2dab9 generated ready=True objects=35
[206/1178] 18d4d926-7eb5-280e-87df-199e66f2babd generated ready=True objects=59
[207/1178] 198aaa74-0ba3-26f6-8792-66b6388b17ca generated ready=True objects=37
[208/1178] 198aaa76-0ba3-26f6-84de-6c13263a60bc generated ready=True objects=41
[209/1178] 19f1a892-a988-2bf8-8c91-0705cf396888 generated ready=True objects=39
[210/1178] 19f1a897-a988-2bf8-8f8d-f3b64da81c2a generated ready=True objects=21
[211/1178] 1c211544-f201-2d25-85bb-7569eac370e9 generated ready=True objects=14
[212/1178] 1abf0914-a3da-2be8-8014-c0e3f94d64f0 generated ready=True objects=17
[213/1178] 1c211548-f201-2d25-8686-8e8069116451 generated ready=True objects=16
[214/1178] 19eda6f4-55aa-29a0-8893-8eac3a4d8193 generated ready=True objects=53
[215/1178] 1c211546-f201-2d25-862b-6323518ec6e1 generated ready=True objects=38
[216/1178] 1c21154c-f201-2d25-875c-01ab18e03231 generated ready=True objects=17
[217/1178] 1c21154e-f201-2d25-8794-7746336ad397 generated ready=True objects=16
[218/1178] 1c211552-f201-2d25-87ce-81e360c07b4a generated ready=True objects=14
[219/1178] 1c21154a-f201-2d25-8573-d3e22ddfe900 generated ready=True objects=36
[220/1178] 1d233fea-e280-2b1a-8f15-cd60d12ae197 generated ready=True objects=24
[221/1178] 1c211556-f201-2d25-87f8-b0ac6ffb74fe generated ready=True objects=30
[222/1178] 1c211554-f201-2d25-8680-513a91547c2f generated ready=True objects=34
[223/1178] 1d233fec-e280-2b1a-8e12-986a9af880f0 generated ready=True objects=23
[224/1178] 1d233fee-e280-2b1a-8e0d-1dc297439839 generated ready=True objects=15
[225/1178] 1d233ffa-e280-2b1a-8e92-2540f61e5501 generated ready=True objects=30
[226/1178] 1d233ffc-e280-2b1a-8c3a-af74ca2b0cea generated ready=True objects=27
[227/1178] 1d233ff6-e280-2b1a-8ed5-3eec62f9bb3f generated ready=True objects=27
[228/1178] 1d234000-e280-2b1a-8d5e-bd2403a8dbfa generated ready=True objects=2
[229/1178] 1d234002-e280-2b1a-8c8d-6aafb5b35a24 generated ready=True objects=3
[230/1178] 1d234006-e280-2b1a-8e34-b2f670259e8d generated ready=True objects=12
[231/1178] 1d234008-e280-2b1a-8cc9-c573097cd272 generated ready=True objects=11
[232/1178] 1d233ffe-e280-2b1a-8f1e-7ddb66c98d36 generated ready=True objects=37
[233/1178] 1d234004-e280-2b1a-8ec8-560046b9fc96 generated ready=True objects=16
[234/1178] 1d23400a-e280-2b1a-8e83-f7344ba74475 generated ready=True objects=14
[235/1178] 1d23400e-e280-2b1a-8dec-67a551146c3a generated ready=True objects=6
[236/1178] 1d23400c-e280-2b1a-8d36-1f20202baaf9 generated ready=True objects=25
[237/1178] 1d234010-e280-2b1a-8da8-205855a16b6b generated ready=True objects=18
[238/1178] 1d234016-e280-2b1a-8c7c-ce441e1ebb0f generated ready=True objects=5
[239/1178] 1d234014-e280-2b1a-8eab-fe44989693aa generated ready=True objects=20
[240/1178] 1d23401e-e280-2b1a-8cef-f28df9df2618 generated ready=True objects=19
[241/1178] 1d234012-e280-2b1a-8dea-0d1d53e0572d generated ready=True objects=27
[242/1178] 1d2f850e-d757-207c-8eea-5d41656673f4 generated ready=True objects=23
[243/1178] 1d2f8510-d757-207c-8c48-3684433860e1 generated ready=True objects=21
[244/1178] 1d234018-e280-2b1a-8f22-da2b997865e8 generated ready=True objects=29
[245/1178] 1d23401c-e280-2b1a-8ecd-1d677f57530e generated ready=True objects=28
[246/1178] 1d2f8512-d757-207c-8c76-9ce179890827 generated ready=True objects=31
[247/1178] 1d2f8516-d757-207c-8e08-5fef80bf34d8 generated ready=True objects=17
[248/1178] 1d2f8514-d757-207c-8e40-377957df6f67 generated ready=True objects=27
[249/1178] 1dd7209f-2ba0-22d9-8b9e-b5e270b2580f generated ready=True objects=24
[250/1178] 1d2f851e-d757-207c-8c3f-db6373d91f11 generated ready=True objects=25
[251/1178] 1dd720a1-2ba0-22d9-8b6e-bb00c888a414 generated ready=True objects=22
[252/1178] 1d2f8518-d757-207c-8d4a-b2f43254c68f generated ready=True objects=46
[253/1178] 20c99397-698f-29c5-8534-5304111c28af generated ready=True objects=3
[254/1178] 1d2f851a-d757-207c-8faa-3625b6dda1e5 generated ready=True objects=32
[255/1178] 20c99399-698f-29c5-863d-607d5c927cbe generated ready=True objects=11
[256/1178] 20c9939b-698f-29c5-85a4-68c286bd7053 generated ready=True objects=12
[257/1178] 20c99392-698f-29c5-8439-54bec948ecb1 generated ready=True objects=46
[258/1178] 20c9939f-698f-29c5-86fa-653fe33ff6fc generated ready=True objects=19
[259/1178] 1e0ccbe6-9783-2bd7-8d51-ca9e9226bf35 generated ready=True objects=42
[260/1178] 20c9939d-698f-29c5-85c6-3c618e00061f generated ready=True objects=29
[261/1178] 20c993a3-698f-29c5-86ee-4e979740ea56 generated ready=True objects=16
[262/1178] 20c993a1-698f-29c5-8716-5a937fdd879a generated ready=True objects=22
[263/1178] 20c993a5-698f-29c5-8565-40e064af0fc4 generated ready=True objects=15
[264/1178] 20c993ad-698f-29c5-8580-879f93258149 generated ready=True objects=18
[265/1178] 20c993b5-698f-29c5-85a5-12b8deae78fb generated ready=True objects=31
[266/1178] 20c993c5-698f-29c5-8604-3248ede4091f generated ready=True objects=3
[267/1178] 20c993c7-698f-29c5-8685-0d1a2a4a3496 generated ready=True objects=3
[268/1178] 20c993b1-698f-29c5-865d-3a86c19acb3b generated ready=True objects=39
[269/1178] 20c993c1-698f-29c5-86b8-50a2a0907e2b generated ready=True objects=26
[270/1178] 20c993cb-698f-29c5-86fd-1a409a569219 generated ready=True objects=20
[271/1178] 20c993c9-698f-29c5-850e-2a93df894437 generated ready=True objects=34
[272/1178] 20c993cf-698f-29c5-86c7-e2ee784936a1 generated ready=True objects=11
[273/1178] 20c993af-698f-29c5-84b2-972451f94cfb generated ready=True objects=54
[274/1178] 20c993cd-698f-29c5-8575-6a18e0e920cc generated ready=True objects=24
[275/1178] 210cdbb2-9e8d-2832-87e5-7e474cf621ea generated ready=True objects=25
[276/1178] 210cdbbd-9e8d-2832-87c1-a1a2c71cde80 generated ready=True objects=24
[277/1178] 210cdbab-9e8d-2832-85fa-87d12badb00e generated ready=True objects=24
[278/1178] 22312380-b828-2c09-92f8-061e80aafe34 generated ready=True objects=7
[279/1178] 22312382-b828-2c09-9267-bad5dd60ac79 generated ready=True objects=6
[280/1178] 210cdba9-9e8d-2832-862b-b37293fcc0e1 generated ready=True objects=32
[281/1178] 210cdbc9-9e8d-2832-849c-9a10b4c87123 generated ready=True objects=25
[282/1178] 2451c03f-fae8-24f6-90ac-6ba38cab8c92 generated ready=True objects=9
[283/1178] 210cdbc5-9e8d-2832-853e-137542cf1a9b generated ready=True objects=27
[284/1178] 2451c046-fae8-24f6-91fb-c25185c51c7b generated ready=True objects=12
[285/1178] 2451c041-fae8-24f6-9213-b8b6af8d86c1 generated ready=True objects=13
[286/1178] 2451c057-fae8-24f6-92b8-df89e0429f6e generated ready=True objects=10
[287/1178] 2451c053-fae8-24f6-91f0-6bebca1fe741 generated ready=True objects=14
[288/1178] 28298cd3-15b5-24be-89cc-1ed5870c1f57 generated ready=True objects=9
[289/1178] 283ccfed-107c-24d5-8b72-5f6004ef4f94 generated ready=True objects=14
[290/1178] 283ccfef-107c-24d5-8aa6-c570e923c134 generated ready=True objects=16
[291/1178] 28298cd1-15b5-24be-8a19-49c0bf7c55b3 generated ready=True objects=13
[292/1178] 283ccff5-107c-24d5-886c-1d3a1319186a generated ready=True objects=16
[293/1178] 2a7f9476-080c-26f9-86e9-c7ce1c76fc07 generated ready=True objects=22
[294/1178] 2e369523-e133-204c-91f9-6f3deaa8e11e generated ready=True objects=10
[295/1178] 283ccff1-107c-24d5-8b6f-9bd3a42ca380 generated ready=True objects=23
[296/1178] 2e369525-e133-204c-93ab-2b23ce5ef16e generated ready=True objects=8
[297/1178] 2e369527-e133-204c-91cc-bb874b8fd4ae generated ready=True objects=9
[298/1178] 2e369529-e133-204c-91f5-6ab463d511c1 generated ready=True objects=13
[299/1178] 2e36953b-e133-204c-931b-a2cf0f93fed6 generated ready=True objects=4
[300/1178] 2e36952b-e133-204c-911e-7644cb34e8b2 generated ready=True objects=7
[301/1178] 2e36953d-e133-204c-9045-d52ab9f09dcb generated ready=True objects=6
[302/1178] 2e369549-e133-204c-91af-a19767a23bf2 generated ready=True objects=6
[303/1178] 2e36954b-e133-204c-92ad-1a66c6f63e1a generated ready=True objects=7
[304/1178] 2e36954d-e133-204c-92aa-5cf8c2f8b46f generated ready=True objects=9
[305/1178] 2e36954f-e133-204c-9320-34d52370eb4d generated ready=True objects=9
[306/1178] 2e36955d-e133-204c-90da-122ae14d42a3 generated ready=True objects=11
[307/1178] 2e36955f-e133-204c-9372-e883fa503f74 generated ready=True objects=11
[308/1178] 2e4a3960-d452-21a0-9f23-4b5f2548b05f generated ready=True objects=14
[309/1178] 2e4a3962-d452-21a0-9fd2-7a325c600a49 generated ready=True objects=8
[310/1178] 2e4a395e-d452-21a0-9e17-3e0b72d47337 generated ready=True objects=40
[311/1178] 2e4a3964-d452-21a0-9de5-4f7895499143 generated ready=True objects=32
[312/1178] 2ea047cd-aeca-2021-8b73-675adae64f19 generated ready=True objects=38
[313/1178] 2e4a3966-d452-21a0-9c4b-c021c4b66ce3 generated ready=True objects=29
[314/1178] 352e9c36-69fb-27a7-889f-69b450a22b74 generated ready=True objects=37
[315/1178] 352e9c3a-69fb-27a7-897c-83e7341b28eb generated ready=True objects=31
[316/1178] 2ea047d1-aeca-2021-8a44-8ca8d08fe50b generated ready=True objects=37
[317/1178] 352e9c46-69fb-27a7-8b1d-bc83c253c676 generated ready=True objects=7
[318/1178] 352e9c3e-69fb-27a7-8976-a6860f84f876 generated ready=True objects=20
[319/1178] 352e9c48-69fb-27a7-8a35-3dbf699637c8 generated ready=True objects=6
[320/1178] 352e9c40-69fb-27a7-8a6d-d2ca32644e09 generated ready=True objects=19
[321/1178] 355465d0-d29b-29f9-94f2-7707ac505bae generated ready=True objects=7
[322/1178] 352e9c57-69fb-27a7-8bc7-4cf12e417e21 generated ready=True objects=14
[323/1178] 352e9c55-69fb-27a7-8bac-3b46e5b77c10 generated ready=True objects=27
[324/1178] 355465d2-d29b-29f9-9460-4c597924ac63 generated ready=True objects=7
[325/1178] 355465d4-d29b-29f9-9550-e366a10d6924 generated ready=True objects=3
[326/1178] 355465d6-d29b-29f9-957c-e9ebbb5751ec generated ready=True objects=5
[327/1178] 3544f968-0327-249b-909d-83e3fb0f7bfc generated ready=True objects=17
[328/1178] 35788e22-696e-2374-8898-bc5d06109906 generated ready=True objects=39
[329/1178] 38770c9d-86d7-27b8-869e-4f713b04f290 generated ready=True objects=37
[330/1178] 38770c99-86d7-27b8-85c7-2a09ba38e105 generated ready=True objects=40
[331/1178] 3b7b33a9-1b11-283e-9b02-e8f35f6ba24c generated ready=True objects=16
[332/1178] 3b7b33b1-1b11-283e-9ac0-8843e072d7d5 generated ready=True objects=14
[333/1178] 38770c95-86d7-27b8-8717-3485b411ddc7 generated ready=True objects=40
[334/1178] 41385827-a238-2435-8320-d8d3eb507f5e generated ready=True objects=20
[335/1178] 3b7b33af-1b11-283e-9abd-170c6329c0e6 generated ready=True objects=29
[336/1178] 4138583f-a238-2435-8304-d0ccada0d1c6 generated ready=True objects=15
[337/1178] 4138584b-a238-2435-8128-a939fb07c1c8 generated ready=True objects=11
[338/1178] 4138584f-a238-2435-8242-4c9b86032127 generated ready=True objects=31
[339/1178] 41385867-a238-2435-8152-dc84ef14eae1 generated ready=True objects=17
[340/1178] 422885ab-192d-25fc-8448-e7f34c7b5eea generated ready=True objects=17
[341/1178] 41385851-a238-2435-8056-b7d662a97c93 generated ready=True objects=31
[342/1178] 422885ad-192d-25fc-8631-c3a978a9d3d4 generated ready=True objects=14
[343/1178] 422885af-192d-25fc-8651-420062adb475 generated ready=True objects=18
[344/1178] 422885b1-192d-25fc-868c-110216f86479 generated ready=True objects=9
[345/1178] 41385847-a238-2435-838b-61864922c518 generated ready=True objects=38
[346/1178] 422885b7-192d-25fc-86da-e1beaae7c8ba generated ready=True objects=23
[347/1178] 422885bd-192d-25fc-8571-abff2237f383 generated ready=True objects=13
[348/1178] 422885c1-192d-25fc-8798-e8a7aab48121 generated ready=True objects=11
[349/1178] 422885bf-192d-25fc-8509-1fd7def9cc19 generated ready=True objects=16
[350/1178] 422885c3-192d-25fc-844a-645180810bfd generated ready=True objects=9
[351/1178] 422885c7-192d-25fc-85f5-67ba0d80ade5 generated ready=True objects=20
[352/1178] 422885ce-192d-25fc-851a-df2d675a6559 generated ready=True objects=35
[353/1178] 422885d4-192d-25fc-862e-b0cc5a8c13e1 generated ready=True objects=56
[354/1178] 422885d9-192d-25fc-85de-b954f526b2ac generated ready=True objects=61
[355/1178] 422885e0-192d-25fc-844a-62e395291839 generated ready=True objects=32
[356/1178] 422885e2-192d-25fc-86cd-076ee5f2b412 generated ready=True objects=32
[357/1178] 422885e5-192d-25fc-871f-83fa4d7af432 generated ready=True objects=14
[358/1178] 422885dc-192d-25fc-857a-0c4af3695e4b generated ready=True objects=57
[359/1178] 422885e7-192d-25fc-8767-177a507a913c generated ready=True objects=14
[360/1178] 42384914-60a7-271e-9c5f-f0e1eee114ae generated ready=True objects=25
[361/1178] 42384916-60a7-271e-9c1f-6722abc6495d generated ready=True objects=25
[362/1178] 422885de-192d-25fc-8753-c094c3aaae0b generated ready=True objects=57
[363/1178] 4238491e-60a7-271e-9fe8-eb04b4209883 generated ready=True objects=16
[364/1178] 43b8cae5-6678-2e38-98db-a2d49b1ecdfb generated ready=True objects=18
[365/1178] 43b8cae7-6678-2e38-9986-dc6f18ac7bb0 generated ready=True objects=16
[366/1178] 43b8caeb-6678-2e38-9933-b351784e8750 generated ready=True objects=13
[367/1178] 43b8caed-6678-2e38-98f8-a76f51ef79af generated ready=True objects=11
[368/1178] 43b8caf1-6678-2e38-9ab4-0bdde7337aac generated ready=True objects=3
[369/1178] 43b8cae9-6678-2e38-9bc2-8c31ab832242 generated ready=True objects=21
[370/1178] 43b8caf3-6678-2e38-99da-2aeb70cf8e95 generated ready=True objects=5
[371/1178] 422885e9-192d-25fc-87a9-7013fe4114f2 generated ready=True objects=55
[372/1178] 4731976a-f9f7-2a1a-9737-305b709ca37f generated ready=True objects=38
[373/1178] 47319772-f9f7-2a1a-9768-108df4f37ab9 generated ready=True objects=15
[374/1178] 47319770-f9f7-2a1a-9583-5aa0374a4d35 generated ready=True objects=22
[375/1178] 47319776-f9f7-2a1a-9461-d2e201735263 generated ready=True objects=23
[376/1178] 47319768-f9f7-2a1a-97ba-25a4f441e010 generated ready=True objects=38
[377/1178] 47319774-f9f7-2a1a-9412-d4a1c89c8aa3 generated ready=True objects=24
[378/1178] 47319778-f9f7-2a1a-9684-445309ac8cf9 generated ready=True objects=24
[379/1178] 4731977a-f9f7-2a1a-97ae-97ad06041da5 generated ready=True objects=14
[380/1178] 4731977c-f9f7-2a1a-976c-34c48a84405c generated ready=True objects=17
[381/1178] 4731977e-f9f7-2a1a-955d-8cdd12ec7337 generated ready=True objects=15
[382/1178] 48005c65-7d67-29ec-85e0-6a925eb15a27 generated ready=True objects=31
[383/1178] 48005c67-7d67-29ec-85e7-ad30a2aac1e0 generated ready=True objects=32
[384/1178] 4a9a43d8-7736-2874-86fc-098deb94c868 generated ready=True objects=2
[385/1178] 48699c02-d4a2-2f10-81c3-552d06ffcbb8 generated ready=True objects=30
[386/1178] 4a9a43d6-7736-2874-84c3-86ec156a3b2d generated ready=True objects=40
[387/1178] 4a9a43e4-7736-2874-8479-0e81135ccdb0 generated ready=True objects=25
[388/1178] 4a9a43e2-7736-2874-841a-f239715be4c6 generated ready=True objects=31
[389/1178] 4a9a43e0-7736-2874-87ac-c589da4d0f00 generated ready=True objects=30
[390/1178] 4a9a43e6-7736-2874-8723-08ae98eccd16 generated ready=True objects=28
[391/1178] 4a9a43e8-7736-2874-8519-29915757c372 generated ready=True objects=23
[392/1178] 4acaebba-6c10-2a2a-8650-34c2f160db99 generated ready=True objects=17
[393/1178] 4acaebc0-6c10-2a2a-852e-0226d6539299 generated ready=True objects=23
[394/1178] 4acaebbe-6c10-2a2a-866a-f0e58185caf7 generated ready=True objects=15
[395/1178] 4acaebc8-6c10-2a2a-8525-fe9c4b7f4b25 generated ready=True objects=24
[396/1178] 4a9a43eb-7736-2874-862e-a4c23d88831f generated ready=True objects=45
[397/1178] 4d3d829e-8cf4-2e04-8318-b76f02d91c93 generated ready=True objects=25
[398/1178] 4d3d82a2-8cf4-2e04-810b-7634c83eed98 generated ready=True objects=9
[399/1178] 4acaebce-6c10-2a2a-852f-98c6902bcc88 generated ready=True objects=25
[400/1178] 4acaebcc-6c10-2a2a-858b-29c7e4fb410d generated ready=True objects=25
[401/1178] 4d3d82a0-8cf4-2e04-800f-97deb20e860b generated ready=True objects=25
[402/1178] 4d3d82a4-8cf4-2e04-8144-95d355266160 generated ready=True objects=7
[403/1178] 4d3d82a6-8cf4-2e04-828b-ceb5235b58a8 generated ready=True objects=8
[404/1178] 4d3d82a8-8cf4-2e04-8025-48aca980e0be generated ready=True objects=7
[405/1178] 4d3d82b6-8cf4-2e04-830a-4303fa0e79c7 generated ready=True objects=36
[406/1178] 4d3d82b8-8cf4-2e04-803d-3091a545e57a generated ready=True objects=37
[407/1178] 4d3d82ba-8cf4-2e04-8218-432a802344be generated ready=True objects=13
[408/1178] 4d3d82bc-8cf4-2e04-8007-e2f7fe679737 generated ready=True objects=20
[409/1178] 4e858c81-fd93-2cb4-8469-d9226116b5de generated ready=True objects=25
[410/1178] 4e858c89-fd93-2cb4-8459-7542184fd2ad generated ready=True objects=26
[411/1178] 4e858c85-fd93-2cb4-87e4-8d8ff1f31652 generated ready=True objects=20
[412/1178] 4e858c83-fd93-2cb4-864f-f127e87e0783 generated ready=True objects=24
[413/1178] 4e858c8f-fd93-2cb4-8676-36cea7ef23cc generated ready=True objects=11
[414/1178] 4e858c91-fd93-2cb4-85e4-02c198efe788 generated ready=True objects=13
[415/1178] 4e858c97-fd93-2cb4-8773-ac1f3171f4d1 generated ready=True objects=11
[416/1178] 4e858c93-fd93-2cb4-86d6-12f652012a40 generated ready=True objects=17
[417/1178] 4e858c95-fd93-2cb4-853e-1233ae90402a generated ready=True objects=19
[418/1178] 4e858c9b-fd93-2cb4-851f-b65dcef6e6e1 generated ready=True objects=12
[419/1178] 4e858c9d-fd93-2cb4-859e-c508af1e5449 generated ready=True objects=12
[420/1178] 4e858c9f-fd93-2cb4-8427-8d729dcc80ae generated ready=True objects=11
[421/1178] 4e858c99-fd93-2cb4-8781-d0e7fc86003a generated ready=True objects=30
[422/1178] 4fbad31a-465b-2a5d-8566-f4e4845c1a78 generated ready=True objects=48
[423/1178] 4fbad329-465b-2a5d-8401-a3f550ef3de5 generated ready=True objects=45
[424/1178] 501ebf0b-a3bb-263f-86fd-7ef000a19588 generated ready=True objects=7
[425/1178] 501ebf0d-a3bb-263f-8483-2f0bc7e44767 generated ready=True objects=25
[426/1178] 4e858ca1-fd93-2cb4-84b6-490997979830 generated ready=True objects=63
[427/1178] 501ebf0f-a3bb-263f-867d-7c2af21b54d0 generated ready=True objects=8
[428/1178] 4fbad32b-465b-2a5d-8499-85100e88f454 generated ready=True objects=36
[429/1178] 50e7c0b1-0730-2a5f-8471-b240fa51b1d7 generated ready=True objects=21
[430/1178] 50e7c0ad-0730-2a5f-8635-252404ee82e0 generated ready=True objects=35
[431/1178] 4fbad314-465b-2a5d-8445-9d021f278c1e generated ready=True objects=54
[432/1178] 5104a9c9-adc4-2a85-917e-92cb27d635fb generated ready=True objects=41
[433/1178] 531cfefe-0021-28f6-8c6c-35ae26d2158f generated ready=True objects=23
[434/1178] 5104a9cd-adc4-2a85-91f5-8030e69ee955 generated ready=True objects=40
[435/1178] 5104a9c7-adc4-2a85-9026-45557dcf9a87 generated ready=True objects=41
[436/1178] 531cff00-0021-28f6-8f9c-d0fe2a031f9e generated ready=True objects=26
[437/1178] 531cff06-0021-28f6-8ce2-e13a4801e5a8 generated ready=True objects=24
[438/1178] 531cff02-0021-28f6-8deb-a71f6c628346 generated ready=True objects=36
[439/1178] 531cff04-0021-28f6-8d49-e51826f43468 generated ready=True objects=36
[440/1178] 5341b790-8a66-2cdd-8472-90e738e30995 generated ready=True objects=19
[441/1178] 531cff12-0021-28f6-8d9c-2001f6dbbe05 generated ready=True objects=17
[442/1178] 5341b79b-8a66-2cdd-84cd-d6dfbb614837 generated ready=True objects=18
[443/1178] 5341b797-8a66-2cdd-8456-9d0e8ec333ec generated ready=True objects=19
[444/1178] 5341b79d-8a66-2cdd-85e0-e95b96563cd3 generated ready=True objects=14
[445/1178] 5341b7ab-8a66-2cdd-865a-c27c4263d24a generated ready=True objects=9
[446/1178] 5341b7a7-8a66-2cdd-86e5-6b641b0004d2 generated ready=True objects=39
[447/1178] 5341b7b5-8a66-2cdd-841d-805bfa2c44b5 generated ready=True objects=22
[448/1178] 531cff10-0021-28f6-8f94-80db8fdbbbee generated ready=True objects=50
[449/1178] 5341b7bf-8a66-2cdd-8794-026113b7c312 generated ready=True objects=35
[450/1178] 5341b7c1-8a66-2cdd-853b-598d8f2780ce generated ready=True objects=14
[451/1178] 5341b7c3-8a66-2cdd-8651-225a7489523a generated ready=True objects=20
[452/1178] 5341b7c7-8a66-2cdd-86f4-c9dadf37c419 generated ready=True objects=19
[453/1178] 531cff08-0021-28f6-8e08-ba2eeb945e09 generated ready=True objects=55
[454/1178] 5341b7d3-8a66-2cdd-8633-0a3da632befa generated ready=True objects=57
[455/1178] 5341b7d7-8a66-2cdd-8413-00cf17af67ba generated ready=True objects=22
[456/1178] 5341b7d9-8a66-2cdd-844b-cfdadb69ed63 generated ready=True objects=22
[457/1178] 5341b7db-8a66-2cdd-85c5-66dbe881bd5f generated ready=True objects=23
[458/1178] 5341b7dd-8a66-2cdd-8789-886081e65f53 generated ready=True objects=24
[459/1178] 5341b7e1-8a66-2cdd-87a3-02aad508ff86 generated ready=True objects=22
[460/1178] 5341b7e9-8a66-2cdd-86a9-62cf7da55c0a generated ready=True objects=17
[461/1178] 55551068-36f1-29c0-8896-0fa81b7a1fe7 generated ready=True objects=15
[462/1178] 54b263a3-0199-2df4-87db-40539528902d generated ready=True objects=17
[463/1178] 55551075-36f1-29c0-8b64-97a4e71b90ba generated ready=True objects=11
[464/1178] 5555106a-36f1-29c0-8913-df1ba3c3cfd5 generated ready=True objects=28
[465/1178] 55551071-36f1-29c0-8a92-6c77b608161f generated ready=True objects=26
[466/1178] 55551079-36f1-29c0-8bcf-aa3b2450b9c5 generated ready=True objects=9
[467/1178] 55551073-36f1-29c0-8a7d-91902bdddb1f generated ready=True objects=23
[468/1178] 55551077-36f1-29c0-89ec-2e7690991cb2 generated ready=True objects=9
[469/1178] 5555107d-36f1-29c0-896a-5c8ccfb81965 generated ready=True objects=10
[470/1178] 5555107f-36f1-29c0-8903-9b66fb2301d0 generated ready=True objects=10
[471/1178] 55551083-36f1-29c0-8876-7e0b46d7996d generated ready=True objects=23
[472/1178] 55551081-36f1-29c0-88ad-9518e9fd2f4f generated ready=True objects=22
[473/1178] 5555108b-36f1-29c0-8bdd-1e94534bc134 generated ready=True objects=18
[474/1178] 5555108d-36f1-29c0-8b37-5efa2bef59d4 generated ready=True objects=19
[475/1178] 55551093-36f1-29c0-8b29-f80bcfdcc5df generated ready=True objects=19
[476/1178] 5555108f-36f1-29c0-8b75-21a0bb8b1833 generated ready=True objects=21
[477/1178] 55551095-36f1-29c0-8832-90e4ea43176b generated ready=True objects=17
[478/1178] 55551097-36f1-29c0-88fe-2fb72427887a generated ready=True objects=19
[479/1178] 55551099-36f1-29c0-88f9-114729f2705a generated ready=True objects=13
[480/1178] 55551091-36f1-29c0-8bae-687acbf664a0 generated ready=True objects=39
[481/1178] 5630cfd5-12bf-2860-857e-914ddf3d09f5 generated ready=True objects=14
[482/1178] 5630cfcd-12bf-2860-87f0-65937859709c generated ready=True objects=29
[483/1178] 5630cfc9-12bf-2860-84ed-5bb189f0e94e generated ready=True objects=27
[484/1178] 5630cfda-12bf-2860-8511-9baf30eec4ad generated ready=True objects=11
[485/1178] 5630cfcb-12bf-2860-87ee-b4e4a5bf0cb0 generated ready=True objects=52
[486/1178] 5630cfd8-12bf-2860-8773-e3dde9da2aff generated ready=True objects=29
[487/1178] 5630cfe9-12bf-2860-840b-7363340dd0c4 generated ready=True objects=9
[488/1178] 569d8f01-72aa-2f24-88fe-19788529b4a4 generated ready=True objects=20
[489/1178] 569d8f03-72aa-2f24-882f-1ce08cc072e6 generated ready=True objects=14
[490/1178] 569d8f05-72aa-2f24-899c-58b243c8189d generated ready=True objects=21
[491/1178] 569d8f07-72aa-2f24-8b3d-47a4ceb4b966 generated ready=True objects=14
[492/1178] 569d8f0b-72aa-2f24-8bfb-8159cfb5e7f4 generated ready=True objects=17
[493/1178] 569d8f09-72aa-2f24-887c-26497a35f26a generated ready=True objects=26
[494/1178] 569d8f0f-72aa-2f24-89a6-77f8b8779ae9 generated ready=True objects=27
[495/1178] 569d8f11-72aa-2f24-88ea-bd6aa4f1d84c generated ready=True objects=30
[496/1178] 569d8f15-72aa-2f24-8b0a-2a9bbe4c9a3d generated ready=True objects=31
[497/1178] 569d8f18-72aa-2f24-8bb2-fb8211412783 generated ready=True objects=31
[498/1178] 569d8f1c-72aa-2f24-89bb-0df7a0653c26 generated ready=True objects=15
[499/1178] 569d8f13-72aa-2f24-8b64-3bde3b0603ab generated ready=True objects=35
[500/1178] 569d8f0d-72aa-2f24-8ac6-c6ee8d927c4b generated ready=True objects=60
[501/1178] 56d957e9-0184-2301-8c3e-ff1c86c6b50c generated ready=True objects=2
[502/1178] 56d957ed-0184-2301-8f4f-616c3b537e45 generated ready=True objects=2
[503/1178] 569d8f20-72aa-2f24-8a85-2d43d390ff9d generated ready=True objects=28
[504/1178] 569d8f1e-72aa-2f24-8a3e-837f59c9e1dc generated ready=True objects=29
[505/1178] 634b2181-f5d0-2fb7-8547-fd27b0795137 generated ready=True objects=21
[506/1178] 5ed77dd4-c4f5-27a0-8476-f3048ea53ef5 generated ready=True objects=52
[507/1178] 5ed77dd8-c4f5-27a0-85c7-c9cfc4feb6dd generated ready=True objects=63
[508/1178] 634d11c7-6833-255d-8d76-86fe90beafdc generated ready=True objects=16
[509/1178] 634d11cb-6833-255d-8ff4-b1812575e7dd generated ready=True objects=18
[510/1178] 634d11d5-6833-255d-8d0a-c0da83387d01 generated ready=True objects=13
[511/1178] 634d11d7-6833-255d-8c1e-2a0af54ac101 generated ready=True objects=12
[512/1178] 634d11d9-6833-255d-8fa2-ce325873192d generated ready=True objects=13
[513/1178] 63b87cef-ef3f-28f2-87a7-81c3fffbfa2d generated ready=True objects=16
[514/1178] 63b87cf1-ef3f-28f2-871a-c1551f129ce6 generated ready=True objects=16
[515/1178] 68bae766-3567-2f7c-825a-f0522da62564 generated ready=True objects=16
[516/1178] 68bae762-3567-2f7c-80f8-2d44a8d24782 generated ready=True objects=14
[517/1178] 68bae76a-3567-2f7c-8143-f70365deb0f7 generated ready=True objects=14
[518/1178] 68bae76c-3567-2f7c-827d-373035a2d942 generated ready=True objects=12
[519/1178] 68bae76e-3567-2f7c-82bd-a09641695364 generated ready=True objects=16
[520/1178] 634d11d3-6833-255d-8cb0-12c4fb3ea031 generated ready=True objects=33
[521/1178] 68bae770-3567-2f7c-80b4-0ff21a8fee10 generated ready=True objects=24
[522/1178] 68bae772-3567-2f7c-804c-d77a47cdc508 generated ready=True objects=20
[523/1178] 6a36051f-fa53-2915-9497-19bbbf3df0c4 generated ready=True objects=18
[524/1178] 6a360521-fa53-2915-94f6-8c3b9d084ee7 generated ready=True objects=19
[525/1178] 6a360523-fa53-2915-9506-4b95fa02cc56 generated ready=True objects=16
[526/1178] 6a360525-fa53-2915-97f3-1be9b98cddb3 generated ready=True objects=13
[527/1178] 6993478e-1286-2e5b-82d0-eb36d75214de generated ready=True objects=37
[528/1178] 6993478c-1286-2e5b-8023-181d6efc14f9 generated ready=True objects=37
[529/1178] 6a360527-fa53-2915-9649-f5c6c7eeeb01 generated ready=True objects=14
[530/1178] 6a36052d-fa53-2915-9764-30d81b2cc2b5 generated ready=True objects=11
[531/1178] 6a36052b-fa53-2915-94fe-f6c908e61c52 generated ready=True objects=18
[532/1178] 6a36052f-fa53-2915-9400-831b60c63077 generated ready=True objects=10
[533/1178] 6a36053b-fa53-2915-9716-6b5361c7791a generated ready=True objects=14
[534/1178] 6a36053f-fa53-2915-9579-3938283bc154 generated ready=True objects=13
[535/1178] 6a360541-fa53-2915-9432-e4b7e065aa73 generated ready=True objects=10
[536/1178] 6a360543-fa53-2915-95a7-697af24d1d25 generated ready=True objects=16
[537/1178] 6a360545-fa53-2915-9484-a3de8990a423 generated ready=True objects=6
[538/1178] 6a360549-fa53-2915-97ad-3853a1cb460c generated ready=True objects=15
[539/1178] 6a360547-fa53-2915-9606-a90f1c737290 generated ready=True objects=6
[540/1178] 6a36054b-fa53-2915-946e-4ec15f811f6e generated ready=True objects=6
[541/1178] 6a36054d-fa53-2915-94a6-7e44f4f7a6cf generated ready=True objects=12
[542/1178] 6a360551-fa53-2915-9739-7b7c1857bed3 generated ready=True objects=13
[543/1178] 6a360565-fa53-2915-974c-3a8844e1a451 generated ready=True objects=5
[544/1178] 6a36055f-fa53-2915-9432-786820630ea7 generated ready=True objects=19
[545/1178] 6a360561-fa53-2915-94d5-2b7d2ce9b169 generated ready=True objects=13
[546/1178] 6a360567-fa53-2915-9617-da8aa432752d generated ready=True objects=4
[547/1178] 6bde603f-9162-246f-8ca4-5bb5c9fe9974 generated ready=True objects=6
[548/1178] 6bde6041-9162-246f-8e57-11444a314136 generated ready=True objects=8
[549/1178] 6bde6043-9162-246f-8e11-613aba0df55c generated ready=True objects=8
[550/1178] 6bde6045-9162-246f-8dff-b27ff180a6ae generated ready=True objects=9
[551/1178] 6bde6047-9162-246f-8f57-9da22a267db0 generated ready=True objects=13
[552/1178] 6bde6049-9162-246f-8c0e-25e1e80c0a45 generated ready=True objects=10
[553/1178] 6bde604d-9162-246f-8d7d-631c1e992162 generated ready=True objects=2
[554/1178] 6bde604b-9162-246f-8fb2-2dea80e7fb4c generated ready=True objects=13
[555/1178] 6bde6051-9162-246f-8fa1-c88a8a60a97e generated ready=True objects=2
[556/1178] 6bde6053-9162-246f-8d5d-54e5e3dd721d generated ready=True objects=2
[557/1178] 6bde6055-9162-246f-8f44-e3efc21c9e14 generated ready=True objects=7
[558/1178] 6bde6057-9162-246f-8d07-dfba45622e09 generated ready=True objects=5
[559/1178] 6bde6059-9162-246f-8f04-3dc6f8624ad2 generated ready=True objects=6
[560/1178] 6bde605b-9162-246f-8f73-3a0e3627db01 generated ready=True objects=16
[561/1178] 6bde605d-9162-246f-8c75-fb2f7781bc40 generated ready=True objects=12
[562/1178] 6bde6061-9162-246f-8d02-8c10ae9f10aa generated ready=True objects=12
[563/1178] 6bde605f-9162-246f-8d03-644a980c1cbb generated ready=True objects=14
[564/1178] 6bde6063-9162-246f-8fea-cf3292226c38 generated ready=True objects=13
[565/1178] 6bde6065-9162-246f-8d78-827bb6cbd6fe generated ready=True objects=13
[566/1178] 6bde6072-9162-246f-8fa1-71ec9bc5ebeb generated ready=True objects=18
[567/1178] 6bde606a-9162-246f-8d00-6f12f032e27d generated ready=True objects=21
[568/1178] 6bde6070-9162-246f-8ea9-c8bbe5d7133a generated ready=True objects=23
[569/1178] 6bde606c-9162-246f-8dbf-b0334f524501 generated ready=True objects=24
[570/1178] 6bde6074-9162-246f-8d34-5d8a64c07009 generated ready=True objects=14
[571/1178] 6bde6077-9162-246f-8c20-c85ea2964342 generated ready=True objects=13
[572/1178] 6bde6079-9162-246f-8fad-d8f2358bd413 generated ready=True objects=15
[573/1178] 6bde608d-9162-246f-8dde-3f158d134d50 generated ready=True objects=12
[574/1178] 6bde608f-9162-246f-8e28-7c487fbbdfa1 generated ready=True objects=9
[575/1178] 6bde6097-9162-246f-8d95-70c71505f2e3 generated ready=True objects=5
[576/1178] 6bde6099-9162-246f-8d20-43caaaf32911 generated ready=True objects=6
[577/1178] 6bde6091-9162-246f-8ea8-fdfd6c0a7f77 generated ready=True objects=14
[578/1178] 6bde609b-9162-246f-8f90-c3d2444a5ab8 generated ready=True objects=6
[579/1178] 6bde609f-9162-246f-8c79-3b26507f2ffd generated ready=True objects=9
[580/1178] 6bde60a1-9162-246f-8c51-a147225db6bd generated ready=True objects=8
[581/1178] 6bde609d-9162-246f-8e6e-a3f462f77042 generated ready=True objects=19
[582/1178] 6bde60a7-9162-246f-8c6b-2f431eb7cb26 generated ready=True objects=11
[583/1178] 6bde60a3-9162-246f-8ca3-48f7e86e95b8 generated ready=True objects=17
[584/1178] 6bde60a9-9162-246f-8f1a-2441db12c4d1 generated ready=True objects=9
[585/1178] 6bde60ad-9162-246f-8cc8-71bfdd742b43 generated ready=True objects=12
[586/1178] 6bde60b7-9162-246f-8e93-2738e71ccafd generated ready=True objects=9
[587/1178] 6bde60af-9162-246f-8f0e-7b3e8cb00aaf generated ready=True objects=13
[588/1178] 6bde60bc-9162-246f-8e50-ca5054c79322 generated ready=True objects=9
[589/1178] 6bde60ba-9162-246f-8eaf-b462f3cf6234 generated ready=True objects=13
[590/1178] 6bde60be-9162-246f-8e66-adb6a3511e6e generated ready=True objects=13
[591/1178] 6bde60c6-9162-246f-8d25-4df09330450c generated ready=True objects=21
[592/1178] 6bde60c2-9162-246f-8e01-7b0b9b12cca4 generated ready=True objects=30
[593/1178] 6bde60c4-9162-246f-8c1e-b0c518544104 generated ready=True objects=19
[594/1178] 6bde60da-9162-246f-8ec0-a5f4760ef7b8 generated ready=True objects=10
[595/1178] 6bde60c0-9162-246f-8d1f-32543babecfb generated ready=True objects=44
[596/1178] 6bde60d8-9162-246f-8f11-834bec23f91e generated ready=True objects=13
[597/1178] 6bde60dc-9162-246f-8c8c-9403300d2636 generated ready=True objects=12
[598/1178] 6bde60e0-9162-246f-8df9-b07dc8fa8ddf generated ready=True objects=25
[599/1178] 6bde60de-9162-246f-8cb4-87b39c9ac5e7 generated ready=True objects=23
[600/1178] 6bde60e8-9162-246f-8f82-83326a675ee0 generated ready=True objects=53
[601/1178] 6bde60e6-9162-246f-8d7f-823d12b5e358 generated ready=True objects=62
[602/1178] 6ed384fe-7db9-2d45-8086-01bab3279730 generated ready=True objects=24
[603/1178] 6ed38500-7db9-2d45-810c-865e82827b54 generated ready=True objects=24
[604/1178] 6ed38502-7db9-2d45-8219-6521d44b8025 generated ready=True objects=25
[605/1178] 6bde60ec-9162-246f-8d34-324b01605c9c generated ready=True objects=65
[606/1178] 6bde60ea-9162-246f-8e87-899570bd80e6 generated ready=True objects=61
[607/1178] 6ed38504-7db9-2d45-81b6-b57de59a603b generated ready=True objects=31
[608/1178] 717ad1f3-b350-2996-8897-3c57a14e3d05 generated ready=True objects=11
[609/1178] 6ed38506-7db9-2d45-826e-645bbd9614e6 generated ready=True objects=31
[610/1178] 7272e161-a01b-20f6-8b5a-0b97efeb6545 generated ready=True objects=29
[611/1178] 7272e182-a01b-20f6-89b8-3bdec0091c89 generated ready=True objects=22
[612/1178] 7272e189-a01b-20f6-8a2e-05b6c8395143 generated ready=True objects=17
[613/1178] 7272e190-a01b-20f6-8bde-769bcd548633 generated ready=True objects=28
[614/1178] 7272e196-a01b-20f6-880f-dbca4564e4a5 generated ready=True objects=20
[615/1178] 7272e198-a01b-20f6-8a8b-6688d9ac044e generated ready=True objects=15
[616/1178] 7272e1a0-a01b-20f6-8b34-1fdc43d1f911 generated ready=True objects=17
[617/1178] 73315a29-185c-2c8a-860a-e0303d3dd492 generated ready=True objects=37
[618/1178] 73315a2b-185c-2c8a-8772-fe23ddd2f531 generated ready=True objects=37
[619/1178] 73315a2d-185c-2c8a-87e9-d8dfe07ae3cb generated ready=True objects=30
[620/1178] 73315a27-185c-2c8a-848a-46d989c1112a generated ready=True objects=39
[621/1178] 73315a31-185c-2c8a-8559-79c05e1e8b6f generated ready=True objects=29
[622/1178] 74ef846e-9dce-2d66-83d5-294aac7b1b0f generated ready=True objects=28
[623/1178] 74ef8470-9dce-2d66-8339-4b51b8406cef generated ready=True objects=20
[624/1178] 74ef8474-9dce-2d66-82e5-309429937089 generated ready=True objects=22
[625/1178] 73315a33-185c-2c8a-87a3-7915ecadfa45 generated ready=True objects=30
[626/1178] 751a5584-fe61-2c3b-8eb1-cfbcd57469dc generated ready=True objects=25
[627/1178] 751a5588-fe61-2c3b-8f6d-1e454269dd55 generated ready=True objects=16
[628/1178] 751a5581-fe61-2c3b-8cac-76cacfb277e0 generated ready=True objects=32
[629/1178] 751a558e-fe61-2c3b-8d62-3b2ddfeb7758 generated ready=True objects=25
[630/1178] 751a558a-fe61-2c3b-8f24-9c288e5fca94 generated ready=True objects=33
[631/1178] 751a557f-fe61-2c3b-8f60-a1ba913060c4 generated ready=True objects=47
[632/1178] 751a5590-fe61-2c3b-8dd8-414f615e5a97 generated ready=True objects=22
[633/1178] 751a558c-fe61-2c3b-8f4e-340ddb43b8bd generated ready=True objects=48
[634/1178] 751a55a3-fe61-2c3b-8d1b-daad80d1af30 generated ready=True objects=33
[635/1178] 751a55a5-fe61-2c3b-8d49-350e8169e05e generated ready=True objects=22
[636/1178] 751a55a7-fe61-2c3b-8caa-1aa9dfb86ece generated ready=True objects=21
[637/1178] 751a5594-fe61-2c3b-8d40-d10f380079b3 generated ready=True objects=44
[638/1178] 751a55a1-fe61-2c3b-8df5-925bfeac2496 generated ready=True objects=46
[639/1178] 752cc576-920c-26f5-8f6b-040d544069b2 generated ready=True objects=36
[640/1178] 751a559f-fe61-2c3b-8cec-258075450954 generated ready=True objects=47
[641/1178] 752cc578-920c-26f5-8d8d-8a4239658074 generated ready=True objects=40
[642/1178] 752cc57a-920c-26f5-8ce3-828413bc3cd4 generated ready=True objects=41
[643/1178] 752cc57d-920c-26f5-8db9-9831c97088fe generated ready=True objects=44
[644/1178] 752cc583-920c-26f5-8fcc-02c767693c60 generated ready=True objects=32
[645/1178] 752cc581-920c-26f5-8e51-9520e8441118 generated ready=True objects=32
[646/1178] 752cc585-920c-26f5-8e40-9e37e31cc861 generated ready=True objects=30
[647/1178] 752cc57f-920c-26f5-8e8d-1f9d567cffd7 generated ready=True objects=33
[648/1178] 752cc595-920c-26f5-8d66-d08f8f111c92 generated ready=True objects=32
[649/1178] 752cc589-920c-26f5-8ffe-8166547078c1 generated ready=True objects=31
[650/1178] 752cc59b-920c-26f5-8cbc-2b014d7b351c generated ready=True objects=30
[651/1178] 752cc597-920c-26f5-8c1b-a8a5c90a21d7 generated ready=True objects=30
[652/1178] 752cc59d-920c-26f5-8d45-d78b49fe63f3 generated ready=True objects=29
[653/1178] 752cc5a1-920c-26f5-8e94-4711ff3be870 generated ready=True objects=46
[654/1178] 752cc5a5-920c-26f5-8ef1-aac2937ab135 generated ready=True objects=48
[655/1178] 752cc5a3-920c-26f5-8ff3-49518eff94c6 generated ready=True objects=47
[656/1178] 754e884c-ea24-2175-8b34-cead19d4198d generated ready=True objects=24
[657/1178] 75c25977-9ca2-2844-97ba-92479480fc00 generated ready=True objects=23
[658/1178] 75c25973-9ca2-2844-96f4-90cd531364ac generated ready=True objects=22
[659/1178] 75c2598b-9ca2-2844-967d-a16c92acf4ea generated ready=True objects=7
[660/1178] 75c25999-9ca2-2844-9761-7642c9829210 generated ready=True objects=18
[661/1178] 75c2599b-9ca2-2844-9683-a503346d840a generated ready=True objects=15
[662/1178] 75c259a5-9ca2-2844-9441-d72912c1e696 generated ready=True objects=16
[663/1178] 77361fbc-d054-2a22-8bd1-20da69ee28dc generated ready=True objects=8
[664/1178] 77361fb6-d054-2a22-8bc5-f4f1a2f34cfb generated ready=True objects=9
[665/1178] 75c259b9-9ca2-2844-9473-43d990560f90 generated ready=True objects=22
[666/1178] 77361fbe-d054-2a22-885b-a5437892d854 generated ready=True objects=8
[667/1178] 77361fc4-d054-2a22-899f-58d6462c9d6a generated ready=True objects=17
[668/1178] 77361fc2-d054-2a22-8ae5-c56022c5e974 generated ready=True objects=9
[669/1178] 77361fc6-d054-2a22-8971-e4faf5504a44 generated ready=True objects=14
[670/1178] 77361fc8-d054-2a22-8868-c3de4283fff7 generated ready=True objects=7
[671/1178] 77361fca-d054-2a22-8974-547ca1fbb90f generated ready=True objects=9
[672/1178] 77361fcc-d054-2a22-89ce-6bc2aa429596 generated ready=True objects=5
[673/1178] 77361fce-d054-2a22-8bb2-a870ab051854 generated ready=True objects=6
[674/1178] 77361fd2-d054-2a22-88bd-8b14f5969890 generated ready=True objects=5
[675/1178] 77361fd0-d054-2a22-8b5a-9d2acada2031 generated ready=True objects=5
[676/1178] 754e884e-ea24-2175-88bf-5fd89d996e36 generated ready=True objects=53
[677/1178] 7747a502-9431-24e8-8456-5c6bc3e2eea3 generated ready=True objects=34
[678/1178] 7747a4ee-9431-24e8-87be-433088b665c2 generated ready=True objects=38
[679/1178] 7747a504-9431-24e8-8587-7e4443481e6c generated ready=True objects=36
[680/1178] 7747a500-9431-24e8-8705-84f904e3bc57 generated ready=True objects=37
[681/1178] 7747a506-9431-24e8-87d9-37a5654d41f4 generated ready=True objects=37
[682/1178] 7747a50a-9431-24e8-85c6-3488c128ac26 generated ready=True objects=42
[683/1178] 7747a508-9431-24e8-863c-c53906506d8b generated ready=True objects=40
[684/1178] 7747a51f-9431-24e8-8720-19e267b3b828 generated ready=True objects=44
[685/1178] 7747a523-9431-24e8-86ca-377091c35f6e generated ready=True objects=40
[686/1178] 7747a521-9431-24e8-84e7-7e01eaee08c4 generated ready=True objects=39
[687/1178] 77941460-cfdf-29cb-86c7-1f60e2ecd07a generated ready=True objects=14
[688/1178] 77941464-cfdf-29cb-87f4-0465d3b9ab00 generated ready=True objects=3
[689/1178] 77941462-cfdf-29cb-85a6-eb23498f9206 generated ready=True objects=13
[690/1178] 77941466-cfdf-29cb-865f-0e2fcea3af87 generated ready=True objects=9
[691/1178] 7794146a-cfdf-29cb-8705-f3f89d9ed3ae generated ready=True objects=9
[692/1178] 787ed580-9d98-2c97-8167-6d3b445da2c0 generated ready=True objects=19
[693/1178] 787ed58a-9d98-2c97-826e-8e98355c30d7 generated ready=True objects=22
[694/1178] 787ed590-9d98-2c97-80db-89baaa605049 generated ready=True objects=14
[695/1178] 7ab2a9c3-ebc6-2056-8965-ecbce808b905 generated ready=True objects=21
[696/1178] 7ab2a9bf-ebc6-2056-8bd5-903a96eb7e99 generated ready=True objects=27
[697/1178] 7ab2a9c1-ebc6-2056-896d-09dd5328b781 generated ready=True objects=26
[698/1178] 7ab2a9c7-ebc6-2056-8973-f34c559f7e0d generated ready=True objects=13
[699/1178] 7ab2a9c5-ebc6-2056-89c7-920e98f0cf5a generated ready=True objects=19
[700/1178] 7ab2a9cd-ebc6-2056-88a0-7f85836edb91 generated ready=True objects=17
[701/1178] 7ab2a9cb-ebc6-2056-8ba2-7835e43d47d3 generated ready=True objects=6
[702/1178] 7ab2a9c9-ebc6-2056-89b6-c78dbb4290d3 generated ready=True objects=13
[703/1178] 7ab2a9cf-ebc6-2056-88d4-865e66cc1940 generated ready=True objects=14
[704/1178] 7ab2a9d3-ebc6-2056-8afd-e80dc7e1558f generated ready=True objects=14
[705/1178] 7ab2a9d1-ebc6-2056-8880-07b5c7404d58 generated ready=True objects=19
[706/1178] 80b8588f-4a8d-222f-8712-eaa02a5450a9 generated ready=True objects=10
[707/1178] 80b8588d-4a8d-222f-84c5-8c51b9af1c2f generated ready=True objects=29
[708/1178] 80b85891-4a8d-222f-85d0-2b8bf16d79a8 generated ready=True objects=12
[709/1178] 82def5da-25ba-20f9-8810-71be905b83db generated ready=True objects=15
[710/1178] 7f30f36c-42f9-27ed-87c6-23ceb65f1f9b generated ready=True objects=99
[711/1178] 82def5dc-25ba-20f9-8ba3-3bb706799abd generated ready=True objects=11
[712/1178] 7f30f368-42f9-27ed-852b-e6cfc067acea generated ready=True objects=55
[713/1178] 80b85893-4a8d-222f-8519-a9d06c205653 generated ready=True objects=30
[714/1178] 87e6cf6d-9d1a-289f-879a-543d3fa7ba74 generated ready=True objects=14
[715/1178] 87e6cf6b-9d1a-289f-866c-b90904d9487d generated ready=True objects=30
[716/1178] 87e6cf79-9d1a-289f-845c-abe4deb8642f generated ready=True objects=12
[717/1178] 87e6cf6f-9d1a-289f-8693-db8b73a4c4f4 generated ready=True objects=24
[718/1178] 87e6cf71-9d1a-289f-8510-bddeda7aaad8 generated ready=True objects=34
[719/1178] 87e6cf7b-9d1a-289f-8692-57e5757dac99 generated ready=True objects=19
[720/1178] 8e0f1c26-9e28-2339-8799-53c13e81d9ff generated ready=True objects=33
[721/1178] 8e0f1c24-9e28-2339-840c-7e135addd26b generated ready=True objects=31
[722/1178] 8e0f1c2f-9e28-2339-85ae-05fc50d1a3a7 generated ready=True objects=25
[723/1178] 8e0f1c37-9e28-2339-85b0-6a08741718f7 generated ready=True objects=19
[724/1178] 8e0f1c39-9e28-2339-8432-ca5ca8653c58 generated ready=True objects=13
[725/1178] 8e0f1c42-9e28-2339-861e-2d29caae3f9a generated ready=True objects=16
[726/1178] 8e0f1c53-9e28-2339-8588-2b24d9e9f3e8 generated ready=True objects=40
[727/1178] 8eabc403-5af7-2f32-84aa-ecb06ef26b8b generated ready=True objects=23
[728/1178] 8eabc405-5af7-2f32-86d2-d757fa7b019d generated ready=True objects=26
[729/1178] 8eabc401-5af7-2f32-85fe-77e22d8d97f8 generated ready=True objects=23
[730/1178] 8eabc407-5af7-2f32-86af-6e962fa7cebd generated ready=True objects=23
[731/1178] 8eabc416-5af7-2f32-862f-bc1a368d2932 generated ready=True objects=13
[732/1178] 8eabc414-5af7-2f32-8797-72769173455b generated ready=True objects=11
[733/1178] 8eabc409-5af7-2f32-85b1-54d9794543c9 generated ready=True objects=24
[734/1178] 8eabc418-5af7-2f32-85a1-a2709b29c46d generated ready=True objects=20
[735/1178] 8eabc41a-5af7-2f32-8677-c1e3f9b04e62 generated ready=True objects=21
[736/1178] 8eabc422-5af7-2f32-860b-db7caac59e10 generated ready=True objects=30
[737/1178] 8eabc424-5af7-2f32-8624-5cba04f952bc generated ready=True objects=30
[738/1178] 8eabc428-5af7-2f32-8659-97a21d90a06b generated ready=True objects=25
[739/1178] 8eabc42a-5af7-2f32-855e-f114989e7025 generated ready=True objects=25
[740/1178] 8eabc42c-5af7-2f32-87c4-bf646779aa62 generated ready=True objects=25
[741/1178] 8eabc426-5af7-2f32-87bb-a16609b099e3 generated ready=True objects=30
[742/1178] 8eabc42e-5af7-2f32-862f-b120deba1f93 generated ready=True objects=26
[743/1178] 8eabc430-5af7-2f32-84da-1b01b293f2d3 generated ready=True objects=27
[744/1178] 8eabc437-5af7-2f32-8703-8e6aeb65db26 generated ready=True objects=22
[745/1178] 8eabc435-5af7-2f32-85c3-163c1fa6e280 generated ready=True objects=29
[746/1178] 8eabc43a-5af7-2f32-85d7-b62167a48e58 generated ready=True objects=22
[747/1178] 8eabc441-5af7-2f32-85e5-f1bd241503de generated ready=True objects=25
[748/1178] 8eabc43e-5af7-2f32-84f8-4bb45c0d6460 generated ready=True objects=25
[749/1178] 8eabc443-5af7-2f32-866f-bd64e5df6196 generated ready=True objects=19
[750/1178] 8eabc447-5af7-2f32-8712-301083e291b3 generated ready=True objects=14
[751/1178] 8eabc44b-5af7-2f32-8553-18fd693ab49f generated ready=True objects=25
[752/1178] 8eabc449-5af7-2f32-8669-f776ccecc6fa generated ready=True objects=15
[753/1178] 8eabc44d-5af7-2f32-8529-ab5255a6ae7f generated ready=True objects=23
[754/1178] 8eabc44f-5af7-2f32-87af-ff14de136a7c generated ready=True objects=24
[755/1178] 8eabc451-5af7-2f32-87b5-026aa18e3190 generated ready=True objects=23
[756/1178] 8eabc453-5af7-2f32-859d-405eb6a2e0d0 generated ready=True objects=11
[757/1178] 8eabc45c-5af7-2f32-85b8-7cb0efc7372d generated ready=True objects=15
[758/1178] 8eabc465-5af7-2f32-840a-96fb8ac605cf generated ready=True objects=15
[759/1178] 8eabc469-5af7-2f32-840f-c1be88e46c62 generated ready=True objects=8
[760/1178] 8eabc45a-5af7-2f32-85ed-572ae21920df generated ready=True objects=29
[761/1178] 8f0f142a-55de-28ce-81f2-5d5c683204b8 generated ready=True objects=15
[762/1178] 8eabc46b-5af7-2f32-84ce-53d68eca91fb generated ready=True objects=10
[763/1178] 8eabc46d-5af7-2f32-85bd-f957e754c064 generated ready=True objects=31
[764/1178] 8f0f142e-55de-28ce-8073-1629a4573a6a generated ready=True objects=14
[765/1178] 8f0f1434-55de-28ce-80ee-1f84b796e1cc generated ready=True objects=14
[766/1178] 8f0f1447-55de-28ce-83c5-092887498eea generated ready=True objects=6
[767/1178] 8f0f1437-55de-28ce-828e-dbf210a7f472 generated ready=True objects=15
[768/1178] 8f0f144b-55de-28ce-8053-2828b87a0cc9 generated ready=True objects=8
[769/1178] 8f0f1455-55de-28ce-832d-d58f1c6c398d generated ready=True objects=9
[770/1178] 8f0f144d-55de-28ce-8075-69a0a3b631b5 generated ready=True objects=8
[771/1178] 8f0f145e-55de-28ce-8203-45b4e2bb36d9 generated ready=True objects=9
[772/1178] 8f0f1461-55de-28ce-821c-d2eeaa217cc1 generated ready=True objects=9
[773/1178] 8f0f1463-55de-28ce-80e5-d3294f7795ba generated ready=True objects=8
[774/1178] 8f0f1467-55de-28ce-8331-b670a7274af9 generated ready=True objects=9
[775/1178] 8f0f1469-55de-28ce-81e1-3777a48d711e generated ready=True objects=7
[776/1178] 95be45d7-a558-22da-9c39-ea7e57c68be5 generated ready=True objects=10
[777/1178] 95be45d9-a558-22da-9d6f-3d380c02f40e generated ready=True objects=20
[778/1178] 95be45dd-a558-22da-9de4-002d61e13deb generated ready=True objects=17
[779/1178] 95be45db-a558-22da-9eac-5cea5debfcd8 generated ready=True objects=28
[780/1178] 9c27de4d-6184-2cda-80c6-174eddb07154 generated ready=True objects=19
[781/1178] 9c27de4b-6184-2cda-8293-fa3e68da0041 generated ready=True objects=22
[782/1178] 9c27de56-6184-2cda-8196-591957b6387d generated ready=True objects=23
[783/1178] 9c27de4f-6184-2cda-81d6-9c806607918e generated ready=True objects=39
[784/1178] a0905fe8-66f7-2272-9e46-073291573af6 generated ready=True objects=18
[785/1178] a0905fdf-66f7-2272-9c4c-e2390af0546d generated ready=True objects=25
[786/1178] a0905fea-66f7-2272-9d2c-15612116fe96 generated ready=True objects=17
[787/1178] a0905fec-66f7-2272-9d99-205da6e213fe generated ready=True objects=25
[788/1178] a0905fee-66f7-2272-9d07-032a9a4e7cc9 generated ready=True objects=29
[789/1178] a0905ff2-66f7-2272-9ec9-303aefe3713c generated ready=True objects=31
[790/1178] a0905ff4-66f7-2272-9e2c-823789eb613a generated ready=True objects=19
[791/1178] a0905ff8-66f7-2272-9f85-f2fd1396d445 generated ready=True objects=22
[792/1178] a0905ffa-66f7-2272-9ca9-24c7ec00f34f generated ready=True objects=27
[793/1178] a0906000-66f7-2272-9dcf-c57990d8eab4 generated ready=True objects=18
[794/1178] a0905ffe-66f7-2272-9c39-02f47d8bbb0f generated ready=True objects=31
[795/1178] a0906008-66f7-2272-9e70-748b317145dd generated ready=True objects=4
[796/1178] a0905ffc-66f7-2272-9f05-966bab3ce8ad generated ready=True objects=52
[797/1178] a0906006-66f7-2272-9e46-51000ffe6623 generated ready=True objects=20
[798/1178] a090600c-66f7-2272-9d26-5a98b70d30c5 generated ready=True objects=30
[799/1178] a090600e-66f7-2272-9cfe-63b80d55da17 generated ready=True objects=14
[800/1178] a38a57d6-8a91-2e91-9090-e2625e960187 generated ready=True objects=9
[801/1178] a38a57da-8a91-2e91-93eb-0b7f675da4ba generated ready=True objects=10
[802/1178] a38a57d8-8a91-2e91-9237-0f8c220feef5 generated ready=True objects=11
[803/1178] a38a57dc-8a91-2e91-937b-fac2c2e4949f generated ready=True objects=22
[804/1178] a38a57e0-8a91-2e91-9349-9a2e62dbda62 generated ready=True objects=19
[805/1178] a38a57de-8a91-2e91-90b2-910244171e92 generated ready=True objects=19
[806/1178] a644cb91-0ee5-2f66-9da1-5edabca2f13d generated ready=True objects=4
[807/1178] a644cb93-0ee5-2f66-9efb-b16adfb14eff generated ready=True objects=3
[808/1178] a644cb97-0ee5-2f66-9cc7-3ecaa29c19df generated ready=True objects=11
[809/1178] a644cb9b-0ee5-2f66-9ee4-52027f9ba7d5 generated ready=True objects=11
[810/1178] a7616234-a0aa-2dea-80e1-69c253cfa9b2 generated ready=True objects=34
[811/1178] a8952591-9035-254b-8f0a-d23a65253b5f generated ready=True objects=9
[812/1178] a8952593-9035-254b-8f40-bc82e6bcbbb1 generated ready=True objects=2
[813/1178] a8952595-9035-254b-8c74-9c22ced19216 generated ready=True objects=8
[814/1178] a895258d-9035-254b-8e61-2307a9926e62 generated ready=True objects=25
[815/1178] aa20278a-8bc8-2c5b-9c90-fec1272e21f7 generated ready=True objects=25
[816/1178] aa20278e-8bc8-2c5b-9cfe-01db71781ed4 generated ready=True objects=20
[817/1178] aa202790-8bc8-2c5b-9d03-129b42efee05 generated ready=True objects=21
[818/1178] aa20278c-8bc8-2c5b-9d18-016312e4463a generated ready=True objects=44
[819/1178] ab835f8b-54c6-29a1-9a7a-4770a0eb74ff generated ready=True objects=13
[820/1178] ab835f8e-54c6-29a1-9aeb-3973d3d59915 generated ready=True objects=16
[821/1178] ab835f92-54c6-29a1-99eb-63169a21d553 generated ready=True objects=14
[822/1178] ab835f7d-54c6-29a1-9aae-bf97735dd235 generated ready=True objects=24
[823/1178] ab835f94-54c6-29a1-9872-210a98f12c12 generated ready=True objects=14
[824/1178] ab835f9d-54c6-29a1-9aa1-f481b67b4a6d generated ready=True objects=21
[825/1178] ab835f98-54c6-29a1-9b55-b33723227477 generated ready=True objects=20
[826/1178] ab835fa1-54c6-29a1-9982-116396773f00 generated ready=True objects=31
[827/1178] ab835fa3-54c6-29a1-9a47-92dbaf9eb4b9 generated ready=True objects=30
[828/1178] ab835f9f-54c6-29a1-9bd1-878814fe22f7 generated ready=True objects=32
[829/1178] ad408c8b-84db-2095-8b87-5c3079e807fe generated ready=True objects=24
[830/1178] ad408c8d-84db-2095-8963-4570e5546cbd generated ready=True objects=28
[831/1178] 9766cbfd-6321-2e2f-8348-7da212a30beb generated ready=True objects=100
[832/1178] ad408c93-84db-2095-8829-6100d1b70d80 generated ready=True objects=20
[833/1178] ad408c8f-84db-2095-8a45-03100fbc4f86 generated ready=True objects=26
[834/1178] ab835fa7-54c6-29a1-997b-3804159c15ea generated ready=True objects=37
[835/1178] ad408c97-84db-2095-88e0-de11e52a06ef generated ready=True objects=26
[836/1178] ad408c95-84db-2095-8af5-735ff2eb50f5 generated ready=True objects=31
[837/1178] ad408c99-84db-2095-8b23-0a011526b47b generated ready=True objects=26
[838/1178] ad408c9f-84db-2095-8acf-bdfbe88fbf78 generated ready=True objects=14
[839/1178] ad408ca1-84db-2095-8970-40e09dac6ed0 generated ready=True objects=11
[840/1178] ad408ca3-84db-2095-89cf-05d249a54412 generated ready=True objects=18
[841/1178] ad408ca5-84db-2095-884e-e84bf0bb16d7 generated ready=True objects=10
[842/1178] ad408ca7-84db-2095-898d-5a3449578bb2 generated ready=True objects=10
[843/1178] ad408ca9-84db-2095-8afa-cc17150ea346 generated ready=True objects=11
[844/1178] ad408cab-84db-2095-89c7-4a7d5aead447 generated ready=True objects=11
[845/1178] ad408cad-84db-2095-8be8-68c0f94d8d14 generated ready=True objects=29
[846/1178] ad408caf-84db-2095-88ac-c955accacd31 generated ready=True objects=20
[847/1178] ae73fa15-5a60-2398-8646-dd46c46a9a3d generated ready=True objects=4
[848/1178] ad408cb1-84db-2095-8a03-942866890a31 generated ready=True objects=23
[849/1178] ad408cb3-84db-2095-8930-d8244e349008 generated ready=True objects=20
[850/1178] ae73fa17-5a60-2398-86e8-aa1145c0c9b7 generated ready=True objects=6
[851/1178] b05fdd58-fca0-2d4f-8bd7-e80abe1ddb4c generated ready=True objects=14
[852/1178] b05fdd66-fca0-2d4f-88bb-210da4439475 generated ready=True objects=19
[853/1178] b05fdd5a-fca0-2d4f-89fd-d54bd26a115b generated ready=True objects=21
[854/1178] b05fdd68-fca0-2d4f-895a-2f40f6b4aca9 generated ready=True objects=25
[855/1178] b05fdd92-fca0-2d4f-89dd-723db1a8d78c generated ready=True objects=14
[856/1178] b05fdda6-fca0-2d4f-8973-9f8a5cdac3ad generated ready=True objects=22
[857/1178] b05fddd1-fca0-2d4f-8ab9-ecffab72e046 generated ready=True objects=30
[858/1178] b05fddcf-fca0-2d4f-8a01-c6bdcc9fba8d generated ready=True objects=28
[859/1178] b05fddd9-fca0-2d4f-8904-936aa0b678e6 generated ready=True objects=20
[860/1178] b1d87fac-e72e-2c8c-9ef9-82e3277c3c35 generated ready=True objects=14
[861/1178] b1cf996a-9fdd-2189-95b2-2a97331daf35 generated ready=True objects=24
[862/1178] b1cf9968-9fdd-2189-97dd-d5f0d48bf70a generated ready=True objects=25
[863/1178] b1d87fae-e72e-2c8c-9cf3-c927fdb7c685 generated ready=True objects=25
[864/1178] b1d87fb0-e72e-2c8c-9f01-25dafeddf472 generated ready=True objects=19
[865/1178] b1d87fb2-e72e-2c8c-9f82-ce7e4b3808e2 generated ready=True objects=15
[866/1178] b1d87fb8-e72e-2c8c-9eda-712d51a0175f generated ready=True objects=20
[867/1178] b1d87fb4-e72e-2c8c-9ddc-75cf44f9984c generated ready=True objects=25
[868/1178] b1d87fb6-e72e-2c8c-9eb0-c7a40f6f4877 generated ready=True objects=25
[869/1178] b1f23303-d255-2761-9622-61de85559f99 generated ready=True objects=13
[870/1178] b1f23305-d255-2761-95c6-9d89279ef29e generated ready=True objects=12
[871/1178] b8837e16-57ec-29c6-89c3-0e8b7d668f56 generated ready=True objects=5
[872/1178] b8837e18-57ec-29c6-8919-d767d4811461 generated ready=True objects=6
[873/1178] b8837e1a-57ec-29c6-8a01-dec1dcb87460 generated ready=True objects=6
[874/1178] b8837e1c-57ec-29c6-8900-ce1eaa76e959 generated ready=True objects=5
[875/1178] b8837e1f-57ec-29c6-88ad-4c19a5afbf36 generated ready=True objects=3
[876/1178] b8837e21-57ec-29c6-891b-6b94255462c3 generated ready=True objects=8
[877/1178] b8837e26-57ec-29c6-8912-0cf70aa80f98 generated ready=True objects=9
[878/1178] b8837e28-57ec-29c6-89cf-e1768353440f generated ready=True objects=9
[879/1178] b8837e2c-57ec-29c6-89f3-98eb20a959bb generated ready=True objects=8
[880/1178] b8837e2e-57ec-29c6-8896-de41de986b5d generated ready=True objects=8
[881/1178] b8837e32-57ec-29c6-893c-77fce535b159 generated ready=True objects=5
[882/1178] b3d355dd-7f5b-2091-86d0-b81f777eb9c1 generated ready=True objects=59
[883/1178] b8837e38-57ec-29c6-88a0-58602a876ed0 generated ready=True objects=7
[884/1178] b8837e3a-57ec-29c6-8b54-d440ca79a11f generated ready=True objects=8
[885/1178] b8837e34-57ec-29c6-8b50-775098de406a generated ready=True objects=6
[886/1178] b8837e41-57ec-29c6-8a7e-3cf8b52de8b6 generated ready=True objects=6
[887/1178] b8837e3c-57ec-29c6-881d-aa1c1c08679e generated ready=True objects=9
[888/1178] b8837e3f-57ec-29c6-89a2-b2417e091d50 generated ready=True objects=6
[889/1178] ad408c9d-84db-2095-89c7-8a54f6260252 generated ready=True objects=73
[890/1178] b901681b-e754-293c-8c97-c988f204f2b6 generated ready=True objects=23
[891/1178] b9016821-e754-293c-8f2b-832f5cb6f0db generated ready=True objects=28
[892/1178] b901681d-e754-293c-8cb3-22aae72dbd42 generated ready=True objects=22
[893/1178] ba6fda98-a4c1-2dca-8230-bce60f5a0f85 generated ready=True objects=6
[894/1178] ba6fda9e-a4c1-2dca-8381-c08ad16a6170 generated ready=True objects=11
[895/1178] ba6fdaa0-a4c1-2dca-80a9-df196c04fcc8 generated ready=True objects=8
[896/1178] ba6fda96-a4c1-2dca-8248-86e771ef875a generated ready=True objects=37
[897/1178] ba6fdaa2-a4c1-2dca-81a8-2aacd785edd7 generated ready=True objects=9
[898/1178] ba6fda9a-a4c1-2dca-8264-792c15aa9ef9 generated ready=True objects=37
[899/1178] ba6fdaa6-a4c1-2dca-8137-f7b371e665f4 generated ready=True objects=14
[900/1178] ba6fdab2-a4c1-2dca-8159-a5da9cccb8ab generated ready=True objects=8
[901/1178] ba6fda9c-a4c1-2dca-8185-456923749a4e generated ready=True objects=40
[902/1178] ba6fdaa8-a4c1-2dca-814b-4dd6cf0ed226 generated ready=True objects=19
[903/1178] ba6fdab4-a4c1-2dca-83e2-f5878fdf688a generated ready=True objects=14
[904/1178] baf0a8f2-26d4-2033-890f-b1b42adeac06 generated ready=True objects=21
[905/1178] baf0a8f4-26d4-2033-896f-27e7fa6a3c6d generated ready=True objects=19
[906/1178] baf0a8f8-26d4-2033-8af4-9d0603924ce1 generated ready=True objects=21
[907/1178] baf0a8fb-26d4-2033-8a28-2001356bbb9a generated ready=True objects=19
[908/1178] baf0a8f0-26d4-2033-8948-52ae41fdd30f generated ready=True objects=48
[909/1178] baf6738d-8e94-22f8-83db-20528ddbef86 generated ready=True objects=7
[910/1178] baf67389-8e94-22f8-8055-1d869ecfede9 generated ready=True objects=14
[911/1178] baf6738b-8e94-22f8-8085-24c4e5ef5220 generated ready=True objects=8
[912/1178] baf67397-8e94-22f8-8066-c32fbe984412 generated ready=True objects=11
[913/1178] baf67399-8e94-22f8-81b1-900b40b196d7 generated ready=True objects=12
[914/1178] baf67393-8e94-22f8-8198-961bc5ea7f20 generated ready=True objects=24
[915/1178] baf0a8e8-26d4-2033-8bbb-975c6002fbb7 generated ready=True objects=52
[916/1178] baf67395-8e94-22f8-8100-9c9d7ce1c2b7 generated ready=True objects=22
[917/1178] baf6739f-8e94-22f8-82fd-b0cc4f4da8ae generated ready=True objects=3
[918/1178] baf673a1-8e94-22f8-824b-1139a8fc8bda generated ready=True objects=6
[919/1178] baf6739d-8e94-22f8-8147-feefe48f828b generated ready=True objects=15
[920/1178] baf673a4-8e94-22f8-83af-b4e879365685 generated ready=True objects=9
[921/1178] baf673a6-8e94-22f8-8047-575f7de04f21 generated ready=True objects=8
[922/1178] baf673ac-8e94-22f8-83d4-31a21cc201af generated ready=True objects=12
[923/1178] baf673a8-8e94-22f8-837d-d39420725d90 generated ready=True objects=7
[924/1178] baf673aa-8e94-22f8-815f-0a3f3d250071 generated ready=True objects=11
[925/1178] baf673ae-8e94-22f8-82be-ce30b52711a4 generated ready=True objects=9
[926/1178] baf673b0-8e94-22f8-8136-0b6b5028de14 generated ready=True objects=8
[927/1178] bcb0fe0e-4f39-2c70-9e02-22b2f980cc35 generated ready=True objects=24
[928/1178] bcb0fe10-4f39-2c70-9c4e-602f1186d2e9 generated ready=True objects=25
[929/1178] bcb0fe13-4f39-2c70-9fdd-eff98a9fbf7e generated ready=True objects=26
[930/1178] bcb0fe15-4f39-2c70-9f48-a26b76dfe042 generated ready=True objects=19
[931/1178] bcb0fe17-4f39-2c70-9d19-dafd03e967d8 generated ready=True objects=12
[932/1178] bcb0fe19-4f39-2c70-9cb7-a6993671cc91 generated ready=True objects=9
[933/1178] bcb0fe1b-4f39-2c70-9f8c-2256ea9752ab generated ready=True objects=12
[934/1178] bcb0fe1d-4f39-2c70-9e89-5c098ed27d6d generated ready=True objects=15
[935/1178] bcb0fe23-4f39-2c70-9d69-698c5ff4435c generated ready=True objects=8
[936/1178] bcb0fe27-4f39-2c70-9dae-5c8625b3553d generated ready=True objects=15
[937/1178] bcb0fe29-4f39-2c70-9f18-79507a4e9a30 generated ready=True objects=12
[938/1178] bcb0fe1f-4f39-2c70-9e7f-a9d783c159fc generated ready=True objects=19
[939/1178] bcb0fe2f-4f39-2c70-9eaf-a074d1b3e47b generated ready=True objects=10
[940/1178] bcb0fe2b-4f39-2c70-9d6b-5e92d634ac35 generated ready=True objects=18
[941/1178] bcb0fe2d-4f39-2c70-9d1a-49a4a6868d7d generated ready=True objects=14
[942/1178] bf9a3da0-45a5-2e80-8099-e46f3ec15e14 generated ready=True objects=9
[943/1178] bf9a3d9c-45a5-2e80-832c-618e55d4e705 generated ready=True objects=17
[944/1178] bcb0fe33-4f39-2c70-9cb1-081014d8a9b8 generated ready=True objects=22
[945/1178] bf9a3db4-45a5-2e80-80d9-a1842899ef45 generated ready=True objects=18
[946/1178] bf9a3daa-45a5-2e80-8162-9bf768132559 generated ready=True objects=23
[947/1178] bf9a3db6-45a5-2e80-825a-e599db74ba26 generated ready=True objects=27
[948/1178] bf9a3db8-45a5-2e80-8112-d2c2429fdb79 generated ready=True objects=21
[949/1178] bf9a3dbe-45a5-2e80-80ee-f78c2b525234 generated ready=True objects=4
[950/1178] bf9a3dba-45a5-2e80-8282-0ee19d0447c7 generated ready=True objects=16
[951/1178] bf9a3dbc-45a5-2e80-80d0-6dc2f6a6f1e9 generated ready=True objects=12
[952/1178] bf9a3dac-45a5-2e80-8073-0fe4e80c0e99 generated ready=True objects=43
[953/1178] bf9a3dc3-45a5-2e80-832d-842aa34cc859 generated ready=True objects=12
[954/1178] bf9a3dc5-45a5-2e80-8068-91ac8398b4cd generated ready=True objects=12
[955/1178] bf9a3dc9-45a5-2e80-80cc-29579f2928e6 generated ready=True objects=16
[956/1178] bf9a3dcd-45a5-2e80-8071-e4eeb6596460 generated ready=True objects=13
[957/1178] bf9a3dcf-45a5-2e80-8196-c38271d91bcf generated ready=True objects=15
[958/1178] bf9a3dcb-45a5-2e80-83df-181fa8da160f generated ready=True objects=26
[959/1178] bf9a3dd3-45a5-2e80-8163-8a5b2573aca4 generated ready=True objects=23
[960/1178] bf9a3dd5-45a5-2e80-8306-ccbca5eea15a generated ready=True objects=18
[961/1178] bf9a3de3-45a5-2e80-82fc-a5d0db3138c6 generated ready=True objects=26
[962/1178] bf9a3dd7-45a5-2e80-8330-58904c51c1a9 generated ready=True objects=37
[963/1178] bf9a3de1-45a5-2e80-8325-6cf2b519d40c generated ready=True objects=39
[964/1178] bf9a3de5-45a5-2e80-80ff-056b013f1064 generated ready=True objects=39
[965/1178] bf9a3deb-45a5-2e80-8291-f0039d671ea1 generated ready=True objects=25
[966/1178] bf9a3de7-45a5-2e80-81a4-fd6126f6417b generated ready=True objects=35
[967/1178] bf9a3def-45a5-2e80-83f8-65c351d6169b generated ready=True objects=16
[968/1178] bf9a3df1-45a5-2e80-8198-0652e415e289 generated ready=True objects=28
[969/1178] c12890cc-d3df-2d0d-85cd-eebc3e1c4b62 generated ready=True objects=29
[970/1178] c12890cf-d3df-2d0d-876d-f774cb9d9861 generated ready=True objects=25
[971/1178] c12890d1-d3df-2d0d-868c-f9a62ca423f7 generated ready=True objects=44
[972/1178] c12890c7-d3df-2d0d-8541-a72f5bc6a668 generated ready=True objects=47
[973/1178] c12890d5-d3df-2d0d-86d3-b8dac6bea6a9 generated ready=True objects=23
[974/1178] c12890dc-d3df-2d0d-87b5-90e9596c3de4 generated ready=True objects=9
[975/1178] c12890da-d3df-2d0d-862f-db6f9df19711 generated ready=True objects=13
[976/1178] c12890de-d3df-2d0d-85bf-b248e7c3431d generated ready=True objects=8
[977/1178] c12890e3-d3df-2d0d-87cf-a5510bc39c3a generated ready=True objects=13
[978/1178] c12890d8-d3df-2d0d-87cc-da303a47b893 generated ready=True objects=48
[979/1178] c2d9934b-1947-2fbf-8133-76cf48000d74 generated ready=True objects=12
[980/1178] c6707938-2ecb-2de2-811c-69f6f7a0e638 generated ready=True objects=36
[981/1178] c670793a-2ecb-2de2-8276-7d00f11b8f69 generated ready=True objects=30
[982/1178] c670793d-2ecb-2de2-81fe-76776e342133 generated ready=True objects=38
[983/1178] c6707941-2ecb-2de2-8236-13d2d850cf65 generated ready=True objects=25
[984/1178] c12890e0-d3df-2d0d-87f7-9b8b04f663a5 generated ready=True objects=39
[985/1178] c6942e7f-695b-27bf-8145-4b47b41edad6 generated ready=True objects=12
[986/1178] c54c6eff-7124-2bf6-88ba-a46f4e2e76b1 generated ready=True objects=53
[987/1178] c7895f09-339c-2d13-830d-e150ff0df2b3 generated ready=True objects=9
[988/1178] c7895f0b-339c-2d13-80e2-1d2aa04aa528 generated ready=True objects=11
[989/1178] c6707944-2ecb-2de2-8369-bd291653f5c3 generated ready=True objects=40
[990/1178] c6707946-2ecb-2de2-8381-d5eae12243ee generated ready=True objects=42
[991/1178] c7895f0d-339c-2d13-837c-6e5d8b7be7a8 generated ready=True objects=10
[992/1178] c7895f1f-339c-2d13-8172-b32de97f8cce generated ready=True objects=6
[993/1178] c7895f1b-339c-2d13-8348-d178c1c4b687 generated ready=True objects=23
[994/1178] c7895f1d-339c-2d13-820f-f998ab956707 generated ready=True objects=26
[995/1178] c7895f21-339c-2d13-8376-d703f09e7b3b generated ready=True objects=20
[996/1178] c7895f0f-339c-2d13-807d-cb2e7fe646fd generated ready=True objects=35
[997/1178] c7895f23-339c-2d13-818e-2375ea0ba6d6 generated ready=True objects=18
[998/1178] c7895f25-339c-2d13-820a-5cfc7d4d3359 generated ready=True objects=18
[999/1178] c7895f33-339c-2d13-83d1-720cfdc0c4b1 generated ready=True objects=15
[1000/1178] c7895f35-339c-2d13-805c-47570e126422 generated ready=True objects=13
[1001/1178] c7895f39-339c-2d13-81c3-261003fc3b01 generated ready=True objects=34
[1002/1178] c7895f3e-339c-2d13-832a-b3636f113063 generated ready=True objects=25
[1003/1178] c7895f40-339c-2d13-82c7-8a2810cdf02e generated ready=True objects=17
[1004/1178] c7895f42-339c-2d13-814f-994062b318b0 generated ready=True objects=18
[1005/1178] c7895f44-339c-2d13-8103-3e9dcc3be375 generated ready=True objects=12
[1006/1178] c7895f4c-339c-2d13-8383-527f405b18c3 generated ready=True objects=12
[1007/1178] c7895f4e-339c-2d13-80d3-90eaa1403a25 generated ready=True objects=15
[1008/1178] c7895f46-339c-2d13-81c6-395674134ef2 generated ready=True objects=20
[1009/1178] c7895f5d-339c-2d13-8003-0763dfb1b23c generated ready=True objects=15
[1010/1178] c7895f50-339c-2d13-828c-1d01eab90a00 generated ready=True objects=18
[1011/1178] c7895f61-339c-2d13-8004-3cbebf317f21 generated ready=True objects=13
[1012/1178] c7895f5f-339c-2d13-82db-e99a08b5f679 generated ready=True objects=20
[1013/1178] c7895f6d-339c-2d13-8078-90c61bd6f685 generated ready=True objects=16
[1014/1178] c7895f6f-339c-2d13-830a-81f71c3bfb78 generated ready=True objects=21
[1015/1178] c7895f86-339c-2d13-82c8-3976988cd327 generated ready=True objects=10
[1016/1178] c7895f74-339c-2d13-8030-f7f2f8504589 generated ready=True objects=23
[1017/1178] c7895f88-339c-2d13-80f8-a904e8f2fff0 generated ready=True objects=11
[1018/1178] c7895f76-339c-2d13-8291-06be5ae81d2e generated ready=True objects=25
[1019/1178] c7895f8a-339c-2d13-82a6-bc530140d95d generated ready=True objects=7
[1020/1178] c7895f91-339c-2d13-8095-ca529bcb8be5 generated ready=True objects=12
[1021/1178] c7895f8f-339c-2d13-81a3-84bc18b475b5 generated ready=True objects=16
[1022/1178] c92fb570-f771-2064-8700-e44ec1355c49 generated ready=True objects=16
[1023/1178] c92fb573-f771-2064-87cc-2fd7faae29e0 generated ready=True objects=12
[1024/1178] c8b34d04-5ea0-2d69-9284-486dc8fab63f generated ready=True objects=20
[1025/1178] c8b34d02-5ea0-2d69-9179-be3dfe72d97b generated ready=True objects=33
[1026/1178] c92fb578-f771-2064-85fc-485dbfba73df generated ready=True objects=20
[1027/1178] c92fb57c-f771-2064-8536-7d7f40cfdf51 generated ready=True objects=15
[1028/1178] c92fb57e-f771-2064-86e4-5f4c7c77a8c7 generated ready=True objects=14
[1029/1178] c92fb582-f771-2064-86b3-52c04298e4e6 generated ready=True objects=16
[1030/1178] c92fb580-f771-2064-866d-8aeb53e8360d generated ready=True objects=27
[1031/1178] c92fb586-f771-2064-8678-a16eca03ac79 generated ready=True objects=21
[1032/1178] c92fb576-f771-2064-845a-a52a44a9539f generated ready=True objects=41
[1033/1178] c92fb58a-f771-2064-8432-02b46f2b3e49 generated ready=True objects=12
[1034/1178] c92fb588-f771-2064-840a-17748e8c20ad generated ready=True objects=21
[1035/1178] c92fb58c-f771-2064-8496-688a5baaf5c6 generated ready=True objects=9
[1036/1178] c92fb590-f771-2064-8665-19d71d08c0ef generated ready=True objects=9
[1037/1178] c92fb592-f771-2064-8446-c2605c0202e9 generated ready=True objects=27
[1038/1178] c92fb596-f771-2064-86ba-d429f869e52f generated ready=True objects=31
[1039/1178] c92fb58e-f771-2064-85ec-a3446ebee692 generated ready=True objects=38
[1040/1178] c92fb598-f771-2064-876d-327776fda299 generated ready=True objects=23
[1041/1178] c92fb594-f771-2064-879b-cc598a9dabe5 generated ready=True objects=34
[1042/1178] c92fb5a2-f771-2064-8557-1dcf9c0e31a8 generated ready=True objects=8
[1043/1178] c92fb5a0-f771-2064-8631-ec197369e100 generated ready=True objects=7
[1044/1178] c92fb5a4-f771-2064-87c5-f2d2162ceae7 generated ready=True objects=15
[1045/1178] c92fb59e-f771-2064-8431-6a20d3396067 generated ready=True objects=23
[1046/1178] c92fb5a9-f771-2064-86fc-ae25bdd558c4 generated ready=True objects=13
[1047/1178] c92fb5a7-f771-2064-8766-1200dca296ac generated ready=True objects=14
[1048/1178] c92fb5ab-f771-2064-842c-c342564aabcc generated ready=True objects=14
[1049/1178] c92fb5ad-f771-2064-8720-947242f8d474 generated ready=True objects=27
[1050/1178] c92fb5b3-f771-2064-86f2-f14da264bfcf generated ready=True objects=24
[1051/1178] c92fb5b1-f771-2064-8492-1233552bf94d generated ready=True objects=24
[1052/1178] c92fb5af-f771-2064-8476-871572e38970 generated ready=True objects=25
[1053/1178] c9fb7aa5-2a5b-2cf7-902e-42a0339c7242 generated ready=True objects=8
[1054/1178] c9fb7aa7-2a5b-2cf7-916d-d38eeeeda87f generated ready=True objects=9
[1055/1178] ca653994-dbf9-207c-91a3-9085f4f169c8 generated ready=True objects=29
[1056/1178] cdcaf5bb-ddd8-2ed6-9714-55394577db57 generated ready=True objects=36
[1057/1178] cdcaf5b9-ddd8-2ed6-9407-e5600914b733 generated ready=True objects=44
[1058/1178] cdcaf5bf-ddd8-2ed6-971c-d8e07f06e98f generated ready=True objects=21
[1059/1178] d63767bc-3205-226c-9b7c-72e4a9c0a79f generated ready=True objects=11
[1060/1178] d63767be-3205-226c-9a89-3a27969053a7 generated ready=True objects=9
[1061/1178] cdcaf5c1-ddd8-2ed6-9553-bcaa06ad43da generated ready=True objects=17
[1062/1178] d63767c3-3205-226c-98c2-fdccc047d36e generated ready=True objects=13
[1063/1178] d63767c1-3205-226c-9a47-70f388b93739 generated ready=True objects=23
[1064/1178] d7d40d35-7a5d-2b36-9739-6072a7a25907 generated ready=True objects=18
[1065/1178] d7d40d37-7a5d-2b36-97cc-108f3c8e07f9 generated ready=True objects=18
[1066/1178] d73fd1da-8aae-2838-81c0-a7482e6a76f5 generated ready=True objects=22
[1067/1178] d7d40d39-7a5d-2b36-972e-a7c800ca7bbf generated ready=True objects=19
[1068/1178] d7d40d3e-7a5d-2b36-97b3-dd11abc0e876 generated ready=True objects=9
[1069/1178] d7d40d40-7a5d-2b36-977c-4e35fdd5f03a generated ready=True objects=8
[1070/1178] d7d40d42-7a5d-2b36-9602-71e348ded22e generated ready=True objects=15
[1071/1178] d7d40d44-7a5d-2b36-96d7-23cb75af862f generated ready=True objects=14
[1072/1178] d7d40d46-7a5d-2b36-9734-659bccb1c202 generated ready=True objects=10
[1073/1178] d7d40d48-7a5d-2b36-97ad-692c9b56b508 generated ready=True objects=14
[1074/1178] cf00577e-b8f0-2aa8-8751-be34df30341f generated ready=True objects=105
[1075/1178] cf00577c-b8f0-2aa8-869e-175d8b655d12 generated ready=True objects=104
[1076/1178] d7d40d56-7a5d-2b36-970b-9aad70998d20 generated ready=True objects=20
[1077/1178] d7d40d64-7a5d-2b36-9760-5e432257897d generated ready=True objects=15
[1078/1178] d7d40d5c-7a5d-2b36-9433-ee98b893988d generated ready=True objects=29
[1079/1178] d7d40d66-7a5d-2b36-941c-8c8d61e4e0ab generated ready=True objects=30
[1080/1178] d7d40d68-7a5d-2b36-9671-6d4fcab1912a generated ready=True objects=28
[1081/1178] d7d40d6a-7a5d-2b36-954e-6faa597aea5f generated ready=True objects=22
[1082/1178] d7d40d60-7a5d-2b36-9573-5d5fe8bae949 generated ready=True objects=45
[1083/1178] d7d40d6c-7a5d-2b36-9674-c435fa58a2d1 generated ready=True objects=22
[1084/1178] d7d40d6e-7a5d-2b36-9548-8c19e9b50063 generated ready=True objects=22
[1085/1178] d7d40d62-7a5d-2b36-955e-86a394caeabb generated ready=True objects=49
[1086/1178] d7d40d70-7a5d-2b36-960f-ddf3159cb360 generated ready=True objects=43
[1087/1178] d7d40d73-7a5d-2b36-9709-0be87127a141 generated ready=True objects=48
[1088/1178] d7d40d75-7a5d-2b36-9746-3e807d3e7558 generated ready=True objects=43
[1089/1178] d9725be3-7513-2d91-853f-22df440e48a3 generated ready=True objects=12
[1090/1178] d9725be1-7513-2d91-8723-770169ff5b75 generated ready=True objects=16
[1091/1178] d7d40d77-7a5d-2b36-9576-25354ef37dd9 generated ready=True objects=38
[1092/1178] d7d40d79-7a5d-2b36-9740-15f8e687b25c generated ready=True objects=38
[1093/1178] d9725be5-7513-2d91-8518-d324d081f19c generated ready=True objects=15
[1094/1178] dbeb4d06-faf9-2324-9bca-4df3f194818e generated ready=True objects=16
[1095/1178] dbeb4d09-faf9-2324-9b85-dabd70dba4d0 generated ready=True objects=22
[1096/1178] dbeb4d0b-faf9-2324-99bf-259c104b313b generated ready=True objects=16
[1097/1178] dbeb4cee-faf9-2324-991e-79c1f7e0b908 generated ready=True objects=34
[1098/1178] dbeb4d1b-faf9-2324-9ac8-cbad7aa51d12 generated ready=True objects=25
[1099/1178] dbeb4d1f-faf9-2324-98d1-605c3c0c0658 generated ready=True objects=8
[1100/1178] dc42b36c-8d5c-2d2a-86aa-19a8929361fd generated ready=True objects=9
[1101/1178] dbeb4d67-faf9-2324-9960-d9db614caeff generated ready=True objects=21
[1102/1178] dc42b382-8d5c-2d2a-8424-d19d7bc2eec3 generated ready=True objects=7
[1103/1178] dc42b378-8d5c-2d2a-8477-c1f077da4e56 generated ready=True objects=22
[1104/1178] dcb6a32b-5526-23f1-9cbc-3d257a8096fa generated ready=True objects=25
[1105/1178] dcb6a329-5526-23f1-9d81-7718f682269c generated ready=True objects=31
[1106/1178] ddc73795-765b-241a-9c5d-b97744afe077 generated ready=True objects=17
[1107/1178] ddc73793-765b-241a-9ecd-b0cebb7cf916 generated ready=True objects=34
[1108/1178] ddc737a3-765b-241a-9c99-f98a3c126686 generated ready=True objects=22
[1109/1178] dc42b37a-8d5c-2d2a-84dd-83aff10e0abe generated ready=True objects=43
[1110/1178] ddc737a5-765b-241a-9cd2-c6e7a89aa43d generated ready=True objects=17
[1111/1178] ddc737a7-765b-241a-9f27-0958b929deb5 generated ready=True objects=23
[1112/1178] ddc737a9-765b-241a-9dd7-bf14079f4804 generated ready=True objects=18
[1113/1178] ddc737ab-765b-241a-9c5d-cf3cd8838f28 generated ready=True objects=10
[1114/1178] ddc737ad-765b-241a-9d9f-1f19fab18318 generated ready=True objects=14
[1115/1178] ddc737af-765b-241a-9ea5-0a02dc0876f2 generated ready=True objects=12
[1116/1178] ddc737b3-765b-241a-9c35-6b7662c04fc9 generated ready=True objects=25
[1117/1178] ddc737b5-765b-241a-9efa-a3356768562d generated ready=True objects=23
[1118/1178] ddc737b1-765b-241a-9c21-a4e2674b2853 generated ready=True objects=36
[1119/1178] def7fbc1-48c2-2895-91d9-cb5e6f3e3589 generated ready=True objects=29
[1120/1178] def7fbb9-48c2-2895-9249-16ce01ca2e59 generated ready=True objects=30
[1121/1178] e2847ff5-a506-2b60-8767-25c70c889de3 generated ready=True objects=22
[1122/1178] e3004a81-9f2a-2778-874e-fa76b0e67096 generated ready=True objects=45
[1123/1178] e2847ff3-a506-2b60-876a-e16960aa5fb2 generated ready=True objects=51
[1124/1178] e44d238c-52a2-2879-89d9-a29ba04436e0 generated ready=True objects=43
[1125/1178] e44d238f-52a2-2879-88ec-e383a4d9abf3 generated ready=True objects=45
[1126/1178] e48c48f4-8b2f-2858-88c2-fd5e4c33f5b8 generated ready=True objects=33
[1127/1178] e48c48f8-8b2f-2858-89d1-36e9b49a06b0 generated ready=True objects=29
[1128/1178] e83fe655-2171-26c8-8eb2-b89a89af4928 generated ready=True objects=22
[1129/1178] e2847ff7-a506-2b60-869c-2780e8694ae0 generated ready=True objects=54
[1130/1178] e83fe657-2171-26c8-8c64-199f0871f98d generated ready=True objects=17
[1131/1178] ebc42044-82a4-2113-8789-1c8c8bb7cbcd generated ready=True objects=13
[1132/1178] e48c48fb-8b2f-2858-890d-fb49b3db5573 generated ready=True objects=29
[1133/1178] ebc4204c-82a4-2113-85cb-529a884b1629 generated ready=True objects=14
[1134/1178] ebc4204e-82a4-2113-8726-a494a47ce349 generated ready=True objects=14
[1135/1178] ee527b51-0df9-2dae-829e-a0543a6e4074 generated ready=True objects=20
[1136/1178] ea31825e-0a4c-2749-91f9-1cc45973a0f6 generated ready=True objects=26
[1137/1178] eee5b056-ee2d-28f4-9bbe-f7ddf37895a6 generated ready=True objects=25
[1138/1178] eee5b052-ee2d-28f4-99fd-c3c5380db25e generated ready=True objects=24
[1139/1178] f24d4c1d-6e46-207b-858d-0aec6dfe1c14 generated ready=True objects=38
[1140/1178] f38169cf-378c-2a65-855f-05d491a3f26e generated ready=True objects=24
[1141/1178] f38169c7-378c-2a65-8543-3c7481e856fe generated ready=True objects=32
[1142/1178] f3d7fa58-2835-2805-83bc-d2c583045bb4 generated ready=True objects=23
[1143/1178] f4f315fe-8408-2255-974c-e485355f9f9d generated ready=True objects=30
[1144/1178] f62fd5f4-9a3f-2f44-8b81-246b93170189 generated ready=True objects=37
[1145/1178] f62fd5fd-9a3f-2f44-883a-1e5cf819608e already_ready ready=True objects=53
[1146/1178] f4f31600-8408-2255-971c-b8c20605563a generated ready=True objects=33
[1147/1178] f62fd5fa-9a3f-2f44-8b04-9c754f6a5a8d generated ready=True objects=31
[1148/1178] f62fd5f8-9a3f-2f44-8b1e-1289a3a61e26 generated ready=True objects=33
[1149/1178] f62fd5ff-9a3f-2f44-894c-462b3997d695 generated ready=True objects=40
[1150/1178] fcf66d79-622d-291c-84dd-a88fa9c4e664 generated ready=True objects=15
[1151/1178] fcf66d7d-622d-291c-8542-f708b096b45f generated ready=True objects=29
[1152/1178] f6f1d5ae-a401-23c0-89ad-8ddea9ae5a6c generated ready=True objects=36
/workspace/local_dataset/Open3DSG_staged/training_repro/work/open3dsg_train_source/open3dsg/data/get_object_frame.py:310: RuntimeWarning: invalid value encountered in long_scalars
  ratio = (homog_points).sum()/mapping.shape[0]
[1153/1178] fcf66d88-622d-291c-871f-699b2d063630 generated ready=True objects=8
[1154/1178] fcf66d82-622d-291c-87be-78d421381146 generated ready=True objects=20
[1155/1178] fcf66d8a-622d-291c-8429-0e1109c6bb26 generated ready=True objects=12
[1156/1178] fcf66d96-622d-291c-842c-836d61a13779 generated ready=True objects=16
[1157/1178] fcf66d94-622d-291c-85fc-284b68d64c81 generated ready=True objects=24
[1158/1178] fa79392d-7766-2d5c-87c0-b444b76eb266 generated ready=True objects=52
[1159/1178] fcf66d98-622d-291c-851a-a16c117a91bb generated ready=True objects=15
[1160/1178] fcf66d9e-622d-291c-84c2-bb23dfe31327 generated ready=True objects=19
[1161/1178] fa79392f-7766-2d5c-869a-f5d6cfb62fc6 generated ready=True objects=38
[1162/1178] fcf66da6-622d-291c-8685-46cd96a8af4e generated ready=True objects=36
[1163/1178] fcf66da8-622d-291c-8565-c44cf20e39b9 generated ready=True objects=35
[1164/1178] fcf66daa-622d-291c-8548-a1163ee299b4 generated ready=True objects=24
[1165/1178] fcf66dae-622d-291c-862d-dc03f6f1d562 generated ready=True objects=16
[1166/1178] fcf66dac-622d-291c-8542-d108fb4a91f5 generated ready=True objects=21
[1167/1178] fcf66db0-622d-291c-8734-2a41fae7deb2 generated ready=True objects=10
[1168/1178] fcf66da4-622d-291c-8642-c11ea83a329c generated ready=True objects=47
[1169/1178] fcf66db4-622d-291c-8720-d0a6bbd17846 generated ready=True objects=19
[1170/1178] fcf66db6-622d-291c-8740-9e40c21de689 generated ready=True objects=26
[1171/1178] fcf66db8-622d-291c-8502-863b391b9ef1 generated ready=True objects=25
[1172/1178] fcf66dbc-622d-291c-8481-6e8761c93e21 generated ready=True objects=13
[1173/1178] fcf66dbe-622d-291c-8790-49f1fe8a02e5 generated ready=True objects=25
[1174/1178] feefd90b-9d00-2ce5-8119-b936443cc39b generated ready=True objects=41
[1175/1178] ffa41872-6f78-2040-8600-7b90c9a0fa89 generated ready=True objects=23
[1176/1178] fcf66db2-622d-291c-8493-4f2517282f3f generated ready=True objects=46
[1177/1178] ffa41874-6f78-2040-85a8-8056ac60c764 generated ready=True objects=20
[1178/1178] fcf66dba-622d-291c-8537-1ab5313bc52a generated ready=True objects=39
{
  "all_selected_scan_count": 1178,
  "audit_only": false,
  "blockers": [],
  "claim_limit": "No Open3DSG raw dump, prediction JSONL, geometry join, metric, or improvement claim exists after view pickle generation.",
  "config_patch": "experiments/H001_geom_reliability/sources/open3dsg/train_views/config_patch.diff",
  "date_checked": "2026-05-07T15:39:16+00:00",
  "limit": null,
  "mode": "train",
  "next_action": "Run Open3DSG preprocess generation after view pickles are ready.",
  "offset": 0,
  "open3dsg_source": "local_dataset/Open3DSG_staged/h001_runtime/source/open3dsg_source",
  "processed_scan_count": 1178,
  "schema_version": "h001_open3dsg_views_v1",
  "selected_scans_file": "local_dataset/Open3DSG_staged/training_repro/data/3RScan/3DSSG_subset/train_scans.txt",
  "staged_root": "local_dataset/Open3DSG_staged/training_repro",
  "status": "views_ready",
  "summary": {
    "actions": {
      "already_ready": 2,
      "generated": 1176
    },
    "failed_records": [],
    "missing_scan_count": 0,
    "processed_scan_count": 1178,
    "ready_scan_count": 1178,
    "total_frame_ref_count": 108366,
    "total_object_count": 25563,
    "total_size_bytes": 157863844
  },
  "view_root": "local_dataset/Open3DSG_staged/training_repro/output/datasets/OpenSG_3RScan/views",
  "work_source": "local_dataset/Open3DSG_staged/training_repro/work/open3dsg_train_source",
  "workers": 4
}
