#0 building with "default" instance using docker driver

#1 [internal] load build definition from Dockerfile.tex
#1 transferring dockerfile: 481B done
#1 DONE 0.0s

#2 [internal] load metadata for docker.io/library/ubuntu:24.04
#2 ...

#3 [auth] library/ubuntu:pull token for registry-1.docker.io
#3 DONE 0.0s

#2 [internal] load metadata for docker.io/library/ubuntu:24.04
#2 DONE 1.1s

#4 [internal] load .dockerignore
#4 transferring context: 2B done
#4 DONE 0.0s

#5 [1/3] FROM docker.io/library/ubuntu:24.04@sha256:c4a8d5503dfb2a3eb8ab5f807da5bc69a85730fb49b5cfca2330194ebcc41c7b
#5 resolve docker.io/library/ubuntu:24.04@sha256:c4a8d5503dfb2a3eb8ab5f807da5bc69a85730fb49b5cfca2330194ebcc41c7b 0.0s done
#5 DONE 0.0s

#6 [2/3] RUN apt-get update && apt-get install -y --no-install-recommends     ca-certificates     latexmk     texlive-bibtex-extra     texlive-fonts-recommended     texlive-latex-base     texlive-latex-extra     texlive-latex-recommended     && rm -rf /var/lib/apt/lists/*
#6 CACHED

#7 [3/3] WORKDIR /work/aaai
#7 DONE 0.0s

#8 exporting to image
#8 exporting layers 0.1s done
#8 exporting manifest sha256:43b4a3b4322738d52ac44eb21500c813f27d8fe41c4d15666811331a45f6bf75 0.0s done
#8 exporting config sha256:e07920c2af0c779342fec3aa2160264b33ee1a85693dafa266487358349ebfa0 0.0s done
#8 exporting attestation manifest sha256:376924d921b4c4e89812d927136ff34fd0b5abdf5ece3b14986bfdf1b2454a75 0.1s done
#8 exporting manifest list sha256:c35c69a850952d27652754d49b967f5578662ddb3e0a6c2022c7b5c19f47538c
#8 exporting manifest list sha256:c35c69a850952d27652754d49b967f5578662ddb3e0a6c2022c7b5c19f47538c 0.0s done
#8 naming to docker.io/library/h001-aaai-tex:20260526 done
#8 unpacking to docker.io/library/h001-aaai-tex:20260526 0.0s done
#8 DONE 0.3s
