#0 building with "default" instance using docker driver

#1 [internal] load build definition from Dockerfile
#1 transferring dockerfile: 335B done
#1 DONE 0.0s

#2 [internal] load metadata for docker.io/library/python:3.11.9-slim-bookworm
#2 ...

#3 [auth] library/python:pull token for registry-1.docker.io
#3 DONE 0.0s

#2 [internal] load metadata for docker.io/library/python:3.11.9-slim-bookworm
#2 DONE 1.2s

#4 [internal] load .dockerignore
#4 transferring context: 2B done
#4 DONE 0.0s

#5 [internal] load build context
#5 transferring context: 26.98kB done
#5 DONE 0.0s

#6 [1/4] FROM docker.io/library/python:3.11.9-slim-bookworm@sha256:8fb099199b9f2d70342674bd9dbccd3ed03a258f26bbd1d556822c6dfc60c317
#6 resolve docker.io/library/python:3.11.9-slim-bookworm@sha256:8fb099199b9f2d70342674bd9dbccd3ed03a258f26bbd1d556822c6dfc60c317 0.0s done
#6 DONE 0.0s

#7 [2/4] WORKDIR /workspace
#7 CACHED

#8 [3/4] RUN pip install --no-cache-dir numpy==1.26.4 pillow==10.4.0
#8 CACHED

#9 [4/4] COPY experiments/H001_geom_reliability/scripts/ /opt/h001/scripts/
#9 DONE 0.1s

#10 exporting to image
#10 exporting layers 0.1s done
#10 exporting manifest sha256:6d5f2c5177563a46cf0692249eb9e0fdf00ba340235a7c355b1c10468c0a95d0 0.0s done
#10 exporting config sha256:7354ab46aea18d067f08de5dff73ddeedbc73b43ef3b5333fe95f078573a5acf 0.0s done
#10 exporting attestation manifest sha256:185730a0a784e83b7c6d68c91cb349b9e530db8c90b65f364572f7c55c137262 0.1s done
#10 exporting manifest list sha256:0f06032fc5226da8b580960d1460c400a4bc0706a43e1e4f18832eb67d526620
#10 exporting manifest list sha256:0f06032fc5226da8b580960d1460c400a4bc0706a43e1e4f18832eb67d526620 0.0s done
#10 naming to docker.io/library/h001-geom-reliability:latest done
#10 unpacking to docker.io/library/h001-geom-reliability:latest 0.1s done
#10 DONE 0.4s
