 Image h001-geom-reliability:latest Building 
#1 [internal] load local bake definitions
#1 reading from stdin 681B done
#1 DONE 0.0s

#2 [internal] load build definition from Dockerfile
#2 transferring dockerfile: 335B done
#2 DONE 0.0s

#3 [auth] library/python:pull token for registry-1.docker.io
#3 DONE 0.0s

#4 [internal] load metadata for docker.io/library/python:3.11.9-slim-bookworm
#4 DONE 1.0s

#5 [internal] load .dockerignore
#5 transferring context: 2B done
#5 DONE 0.0s

#6 [internal] load build context
#6 transferring context: 45.15kB done
#6 DONE 0.0s

#7 [1/4] FROM docker.io/library/python:3.11.9-slim-bookworm@sha256:8fb099199b9f2d70342674bd9dbccd3ed03a258f26bbd1d556822c6dfc60c317
#7 resolve docker.io/library/python:3.11.9-slim-bookworm@sha256:8fb099199b9f2d70342674bd9dbccd3ed03a258f26bbd1d556822c6dfc60c317 0.0s done
#7 DONE 0.0s

#8 [2/4] WORKDIR /workspace
#8 CACHED

#9 [3/4] RUN pip install --no-cache-dir numpy==1.26.4 pillow==10.4.0
#9 CACHED

#10 [4/4] COPY experiments/H001_geom_reliability/scripts/ /opt/h001/scripts/
#10 DONE 0.1s

#11 exporting to image
#11 exporting layers
#11 exporting layers 0.2s done
#11 exporting manifest sha256:b71ac33eec1f4e57fe2548b67bfc293900138c69304284ebc523571c8fe5d887 0.0s done
#11 exporting config sha256:2a17993054ad2f7705723d7b567c676a4049bef3d1b9bd9bb203db4aeb983e1d 0.0s done
#11 exporting attestation manifest sha256:d4f8e39c7f155dfee1e39251ee90ed4180564011a4de48d7361bf6cc5fbb3ccf 0.1s done
#11 exporting manifest list sha256:3e0226e116748ec742e97c0b21836e98353c48cf2293adaf2fc7c25635663f52
#11 exporting manifest list sha256:3e0226e116748ec742e97c0b21836e98353c48cf2293adaf2fc7c25635663f52 0.0s done
#11 naming to docker.io/library/h001-geom-reliability:latest done
#11 unpacking to docker.io/library/h001-geom-reliability:latest 0.1s done
#11 DONE 0.5s

#12 resolving provenance for metadata file
#12 DONE 0.0s
 Image h001-geom-reliability:latest Built 
