 Image h001-geom-reliability:latest Building 
#1 [internal] load local bake definitions
#1 reading from stdin 642B done
#1 DONE 0.0s

#2 [internal] load build definition from Dockerfile
#2 transferring dockerfile: 335B done
#2 DONE 0.0s

#3 [internal] load metadata for docker.io/library/python:3.11.9-slim-bookworm
#3 ...

#4 [auth] library/python:pull token for registry-1.docker.io
#4 DONE 0.0s

#3 [internal] load metadata for docker.io/library/python:3.11.9-slim-bookworm
#3 DONE 1.1s

#5 [internal] load .dockerignore
#5 transferring context: 2B done
#5 DONE 0.0s

#6 [internal] load build context
#6 transferring context: 159.80kB done
#6 DONE 0.0s

#7 [1/4] FROM docker.io/library/python:3.11.9-slim-bookworm@sha256:8fb099199b9f2d70342674bd9dbccd3ed03a258f26bbd1d556822c6dfc60c317
#7 resolve docker.io/library/python:3.11.9-slim-bookworm@sha256:8fb099199b9f2d70342674bd9dbccd3ed03a258f26bbd1d556822c6dfc60c317 0.0s done
#7 DONE 0.0s

#8 [2/4] WORKDIR /workspace
#8 CACHED

#9 [3/4] RUN pip install --no-cache-dir numpy==1.26.4 pillow==10.4.0
#9 CACHED

#10 [4/4] COPY experiments/H001_geom_reliability/scripts/ /opt/h001/scripts/
#10 DONE 0.1s

#11 exporting to image
#11 exporting layers
#11 exporting layers 0.2s done
#11 exporting manifest sha256:d3def45404df5d7879294c641a1ebd7a74639fcb3556f7cd971cf77c9d154451 0.0s done
#11 exporting config sha256:d3ae828543823eab13acc059f693f39a03a30ef91c2a3c1a60d825a7f3ee3fe6 0.0s done
#11 exporting attestation manifest sha256:2eb9acbc8159463412650a446212cefd37969332d00917586ca10fbd6965badb 0.1s done
#11 exporting manifest list sha256:d25de475581cce47e0d47293ba9e5d76f08e731acd33de04d1f17ead5aec5c48
#11 exporting manifest list sha256:d25de475581cce47e0d47293ba9e5d76f08e731acd33de04d1f17ead5aec5c48 0.0s done
#11 naming to docker.io/library/h001-geom-reliability:latest done
#11 unpacking to docker.io/library/h001-geom-reliability:latest 0.1s done
#11 DONE 0.5s

#12 resolving provenance for metadata file
#12 DONE 0.0s
 Image h001-geom-reliability:latest Built 
