 Image h001-geom-reliability:latest Building 
#1 [internal] load local bake definitions
#1 reading from stdin 579B done
#1 DONE 0.0s

#2 [internal] load build definition from Dockerfile
#2 transferring dockerfile: 335B done
#2 DONE 0.0s

#3 [internal] load metadata for docker.io/library/python:3.11.9-slim-bookworm
#3 ...

#4 [auth] library/python:pull token for registry-1.docker.io
#4 DONE 0.0s

#3 [internal] load metadata for docker.io/library/python:3.11.9-slim-bookworm
#3 DONE 1.5s

#5 [internal] load .dockerignore
#5 transferring context: 2B done
#5 DONE 0.0s

#6 [internal] load build context
#6 transferring context: 150.09kB done
#6 DONE 0.0s

#7 [1/4] FROM docker.io/library/python:3.11.9-slim-bookworm@sha256:8fb099199b9f2d70342674bd9dbccd3ed03a258f26bbd1d556822c6dfc60c317
#7 resolve docker.io/library/python:3.11.9-slim-bookworm@sha256:8fb099199b9f2d70342674bd9dbccd3ed03a258f26bbd1d556822c6dfc60c317 0.0s done
#7 DONE 0.0s

#8 [2/4] WORKDIR /workspace
#8 CACHED

#9 [3/4] RUN pip install --no-cache-dir numpy==1.26.4 pillow==10.4.0
#9 CACHED

#10 [4/4] COPY experiments/H001_geom_reliability/scripts/ /opt/h001/scripts/
#10 DONE 1.3s

#11 exporting to image
#11 exporting layers
#11 exporting layers 0.2s done
#11 exporting manifest sha256:e277f25a5f080ce60ab5055678c12b4063574a0a76d65363fd3e0506c6239fb8 0.0s done
#11 exporting config sha256:32c5b3a4c097c937acbb92e96e466f76f2b40ad7ce15318609ddb3adf8aa12bd 0.0s done
#11 exporting attestation manifest sha256:5180b71c97112f6cde03d25f0e46de346f0525e3d858a94e6f8134b8ccc3ed8c
#11 exporting attestation manifest sha256:5180b71c97112f6cde03d25f0e46de346f0525e3d858a94e6f8134b8ccc3ed8c 0.1s done
#11 exporting manifest list sha256:f1cf608068c4bc4c936745118a6cecfa1a5292c3a7f1ce7efc4e0a177941ef8f 0.0s done
#11 naming to docker.io/library/h001-geom-reliability:latest
#11 naming to docker.io/library/h001-geom-reliability:latest done
#11 unpacking to docker.io/library/h001-geom-reliability:latest 0.0s done
#11 DONE 0.4s

#12 resolving provenance for metadata file
#12 DONE 0.0s
 Image h001-geom-reliability:latest Built 
