#0 building with "default" instance using docker driver

#1 [internal] load build definition from Dockerfile
#1 transferring dockerfile: 335B done
#1 DONE 0.0s

#2 [auth] library/python:pull token for registry-1.docker.io
#2 DONE 0.0s

#3 [internal] load metadata for docker.io/library/python:3.11.9-slim-bookworm
#3 DONE 0.9s

#4 [internal] load .dockerignore
#4 transferring context: 2B done
#4 DONE 0.0s

#5 [internal] load build context
#5 transferring context: 64.61kB done
#5 DONE 0.0s

#6 [1/4] FROM docker.io/library/python:3.11.9-slim-bookworm@sha256:8fb099199b9f2d70342674bd9dbccd3ed03a258f26bbd1d556822c6dfc60c317
#6 resolve docker.io/library/python:3.11.9-slim-bookworm@sha256:8fb099199b9f2d70342674bd9dbccd3ed03a258f26bbd1d556822c6dfc60c317 0.0s done
#6 DONE 0.0s

#7 [2/4] WORKDIR /workspace
#7 CACHED

#8 [3/4] RUN pip install --no-cache-dir numpy==1.26.4 pillow==10.4.0
#8 CACHED

#9 [4/4] COPY experiments/H001_geom_reliability/scripts/ /opt/h001/scripts/
#9 DONE 0.1s

#10 exporting to image
#10 exporting layers 0.1s done
#10 exporting manifest sha256:5f6791880193f6092448c19f9e6f604c7b9416850cf9d77da7e13fae7159a4ce 0.0s done
#10 exporting config sha256:69db7cce1b35dde7d18f30ea4aeec08b6aeebd9071ba375ab2d957a6f9c28b2a 0.0s done
#10 exporting attestation manifest sha256:8187e3b7709ca781d682404d7b6285653e38750f1d515adfb9c2938d29bd10b3 0.1s done
#10 exporting manifest list sha256:eaa6356dd2cc3dda732c86d4842b1791ac2d71f67f694cadf8465504d424c52a
#10 exporting manifest list sha256:eaa6356dd2cc3dda732c86d4842b1791ac2d71f67f694cadf8465504d424c52a 0.0s done
#10 naming to docker.io/library/h001-geom-reliability:latest done
#10 unpacking to docker.io/library/h001-geom-reliability:latest 0.0s done
#10 DONE 0.4s
