experiments/H001_geom_reliability/full_validation_transition/scope_contract/commands.md: OK
experiments/H001_geom_reliability/full_validation_transition/scope_contract/contexts.jsonl: OK
experiments/H001_geom_reliability/full_validation_transition/scope_contract/manifest.json: OK
experiments/H001_geom_reliability/full_validation_transition/scope_contract/report.md: OK
experiments/H001_geom_reliability/full_validation_transition/scope_contract/scans.txt: OK
experiments/H001_geom_reliability/full_validation_transition/scope_contract/scope_contract.json: OK
experiments/H001_geom_reliability/manifest.lock.json: OK
experiments/H001_geom_reliability/report.md: OK
experiments/H001_geom_reliability/sources/open3dsg/checkpoint_selection/commands.md: OK
experiments/H001_geom_reliability/sources/open3dsg/checkpoint_selection/manifest.json: OK
experiments/H001_geom_reliability/sources/open3dsg/checkpoint_selection/record_template.json: OK
experiments/H001_geom_reliability/sources/open3dsg/checkpoint_selection/report.md: OK
experiments/H001_geom_reliability/sources/open3dsg/checkpoint_selection/selection_policy.json: OK
experiments/H001_geom_reliability/sources/open3dsg/full_validation/adapter/manifest.json: OK
experiments/H001_geom_reliability/sources/open3dsg/full_validation/adapter/predictions.jsonl: OK
experiments/H001_geom_reliability/sources/open3dsg/full_validation/adapter/raw_schema_example.json: OK
experiments/H001_geom_reliability/sources/open3dsg/full_validation/adapter/report.md: OK
experiments/H001_geom_reliability/sources/open3dsg/full_validation/bootstrap_ci/manifest.json: OK
experiments/H001_geom_reliability/sources/open3dsg/full_validation/bootstrap_ci/summary.json: OK
experiments/H001_geom_reliability/sources/open3dsg/full_validation/bootstrap_ci/summary.md: OK
experiments/H001_geom_reliability/sources/open3dsg/full_validation/eval_preflight/manifest.json: OK
experiments/H001_geom_reliability/sources/open3dsg/full_validation/eval_preflight/raw_dump_contract.json: OK
experiments/H001_geom_reliability/sources/open3dsg/full_validation/eval_preflight/report.md: OK
experiments/H001_geom_reliability/sources/open3dsg/full_validation/failure_rows/manifest.json: OK
experiments/H001_geom_reliability/sources/open3dsg/full_validation/failure_rows/report.md: OK
experiments/H001_geom_reliability/sources/open3dsg/full_validation/failure_rows/rows.jsonl: OK
experiments/H001_geom_reliability/sources/open3dsg/full_validation/failure_rows/summary.json: OK
experiments/H001_geom_reliability/sources/open3dsg/full_validation/features/manifest.json: OK
experiments/H001_geom_reliability/sources/open3dsg/full_validation/features/report.md: OK
experiments/H001_geom_reliability/sources/open3dsg/full_validation/geometry/manifest.json: OK
experiments/H001_geom_reliability/sources/open3dsg/full_validation/geometry/report.md: OK
experiments/H001_geom_reliability/sources/open3dsg/full_validation/geometry/verification.jsonl: OK
experiments/H001_geom_reliability/sources/open3dsg/full_validation/metrics/metrics.json: OK
experiments/H001_geom_reliability/sources/open3dsg/full_validation/metrics/report.md: OK
experiments/H001_geom_reliability/sources/open3dsg/full_validation/payload/manifest.json: OK
experiments/H001_geom_reliability/sources/open3dsg/full_validation/payload/metadata_records.jsonl: OK
experiments/H001_geom_reliability/sources/open3dsg/full_validation/payload/records.jsonl: OK
experiments/H001_geom_reliability/sources/open3dsg/full_validation/payload/report.md: OK
experiments/H001_geom_reliability/sources/open3dsg/full_validation/payload/runtime_dir_records.jsonl: OK
experiments/H001_geom_reliability/sources/open3dsg/full_validation/payload/subset_records.jsonl: OK
experiments/H001_geom_reliability/sources/open3dsg/full_validation/preprocess/config_patch.diff: OK
experiments/H001_geom_reliability/sources/open3dsg/full_validation/preprocess/manifest.json: OK
experiments/H001_geom_reliability/sources/open3dsg/full_validation/preprocess/records.jsonl: OK
experiments/H001_geom_reliability/sources/open3dsg/full_validation/preprocess/report.md: OK
experiments/H001_geom_reliability/sources/open3dsg/full_validation/preprocess_audit/config_patch.diff: OK
experiments/H001_geom_reliability/sources/open3dsg/full_validation/preprocess_audit/manifest.json: OK
experiments/H001_geom_reliability/sources/open3dsg/full_validation/preprocess_audit/records.jsonl: OK
experiments/H001_geom_reliability/sources/open3dsg/full_validation/preprocess_audit/report.md: OK
experiments/H001_geom_reliability/sources/open3dsg/full_validation/preprocess_missing15_diagnosis/manifest.json: OK
experiments/H001_geom_reliability/sources/open3dsg/full_validation/preprocess_missing15_diagnosis/records.jsonl: OK
experiments/H001_geom_reliability/sources/open3dsg/full_validation/preprocess_missing15_diagnosis/report.md: OK
experiments/H001_geom_reliability/sources/open3dsg/full_validation/preprocess_missing15_diagnosis/summary.json: OK
experiments/H001_geom_reliability/sources/open3dsg/full_validation/preprocess_recovery_relaxed_views_min2/audit_548/config_patch.diff: OK
experiments/H001_geom_reliability/sources/open3dsg/full_validation/preprocess_recovery_relaxed_views_min2/audit_548/manifest.json: OK
experiments/H001_geom_reliability/sources/open3dsg/full_validation/preprocess_recovery_relaxed_views_min2/audit_548/records.jsonl: OK
experiments/H001_geom_reliability/sources/open3dsg/full_validation/preprocess_recovery_relaxed_views_min2/audit_548/report.md: OK
experiments/H001_geom_reliability/sources/open3dsg/full_validation/preprocess_recovery_relaxed_views_min2/commands.md: OK
experiments/H001_geom_reliability/sources/open3dsg/full_validation/preprocess_recovery_relaxed_views_min2/feature_audit_before/manifest.json: OK
experiments/H001_geom_reliability/sources/open3dsg/full_validation/preprocess_recovery_relaxed_views_min2/feature_audit_before/report.md: OK
experiments/H001_geom_reliability/sources/open3dsg/full_validation/preprocess_recovery_relaxed_views_min2/feature_prepare/manifest.json: OK
experiments/H001_geom_reliability/sources/open3dsg/full_validation/preprocess_recovery_relaxed_views_min2/feature_prepare/records.jsonl: OK
experiments/H001_geom_reliability/sources/open3dsg/full_validation/preprocess_recovery_relaxed_views_min2/manifest.json: OK
experiments/H001_geom_reliability/sources/open3dsg/full_validation/preprocess_recovery_relaxed_views_min2/original_views/0cac7532-8d6f-2d13-8cea-1e70d5ae4856_object2image.pkl: OK
experiments/H001_geom_reliability/sources/open3dsg/full_validation/preprocess_recovery_relaxed_views_min2/original_views/c7895f29-339c-2d13-83e9-90dbe61fa8be_object2image.pkl: OK
experiments/H001_geom_reliability/sources/open3dsg/full_validation/preprocess_recovery_relaxed_views_min2/preprocess/config_patch.diff: OK
experiments/H001_geom_reliability/sources/open3dsg/full_validation/preprocess_recovery_relaxed_views_min2/preprocess/manifest.json: OK
experiments/H001_geom_reliability/sources/open3dsg/full_validation/preprocess_recovery_relaxed_views_min2/preprocess/records.jsonl: OK
experiments/H001_geom_reliability/sources/open3dsg/full_validation/preprocess_recovery_relaxed_views_min2/preprocess/report.md: OK
experiments/H001_geom_reliability/sources/open3dsg/full_validation/preprocess_recovery_relaxed_views_min2/records.jsonl: OK
experiments/H001_geom_reliability/sources/open3dsg/full_validation/preprocess_recovery_relaxed_views_min2/views/config_patch.diff: OK
experiments/H001_geom_reliability/sources/open3dsg/full_validation/preprocess_recovery_relaxed_views_min2/views/manifest.json: OK
experiments/H001_geom_reliability/sources/open3dsg/full_validation/preprocess_recovery_relaxed_views_min2/views/records.jsonl: OK
experiments/H001_geom_reliability/sources/open3dsg/full_validation/preprocess_recovery_relaxed_views_min2/views/report.md: OK
experiments/H001_geom_reliability/sources/open3dsg/full_validation/raw_clean_exit_review/commands.md: OK
experiments/H001_geom_reliability/sources/open3dsg/full_validation/raw_clean_exit_review/manifest.json: OK
experiments/H001_geom_reliability/sources/open3dsg/full_validation/raw_clean_exit_review/report.md: OK
experiments/H001_geom_reliability/sources/open3dsg/full_validation/raw_dump/raw.completed.jsonl: OK
experiments/H001_geom_reliability/sources/open3dsg/full_validation/raw_dump/raw.jsonl: OK
experiments/H001_geom_reliability/sources/open3dsg/full_validation/raw_dump/stream_manifest.json: OK
experiments/H001_geom_reliability/sources/open3dsg/full_validation/raw_dump_identity/checklist.json: OK
experiments/H001_geom_reliability/sources/open3dsg/full_validation/raw_dump_identity/commands.md: OK
experiments/H001_geom_reliability/sources/open3dsg/full_validation/raw_dump_identity/manifest.json: OK
experiments/H001_geom_reliability/sources/open3dsg/full_validation/raw_dump_identity/report.md: OK
experiments/H001_geom_reliability/sources/open3dsg/full_validation/recovery_relaxed_views_min2/README.md: OK
experiments/H001_geom_reliability/sources/open3dsg/full_validation/recovery_relaxed_views_min2/adapter/manifest.json: OK
experiments/H001_geom_reliability/sources/open3dsg/full_validation/recovery_relaxed_views_min2/adapter/predictions.jsonl: OK
experiments/H001_geom_reliability/sources/open3dsg/full_validation/recovery_relaxed_views_min2/adapter/raw_schema_example.json: OK
experiments/H001_geom_reliability/sources/open3dsg/full_validation/recovery_relaxed_views_min2/adapter/report.md: OK
experiments/H001_geom_reliability/sources/open3dsg/full_validation/recovery_relaxed_views_min2/bootstrap_ci/manifest.json: OK
experiments/H001_geom_reliability/sources/open3dsg/full_validation/recovery_relaxed_views_min2/bootstrap_ci/summary.json: OK
experiments/H001_geom_reliability/sources/open3dsg/full_validation/recovery_relaxed_views_min2/bootstrap_ci/summary.md: OK
experiments/H001_geom_reliability/sources/open3dsg/full_validation/recovery_relaxed_views_min2/eval_preflight/manifest.json: OK
experiments/H001_geom_reliability/sources/open3dsg/full_validation/recovery_relaxed_views_min2/eval_preflight/raw_dump_contract.json: OK
experiments/H001_geom_reliability/sources/open3dsg/full_validation/recovery_relaxed_views_min2/eval_preflight/report.md: OK
experiments/H001_geom_reliability/sources/open3dsg/full_validation/recovery_relaxed_views_min2/failure_cases/inspection.json: OK
experiments/H001_geom_reliability/sources/open3dsg/full_validation/recovery_relaxed_views_min2/failure_cases/inspection.md: OK
experiments/H001_geom_reliability/sources/open3dsg/full_validation/recovery_relaxed_views_min2/failure_cases/manifest.json: OK
experiments/H001_geom_reliability/sources/open3dsg/full_validation/recovery_relaxed_views_min2/failure_cases/queue.jsonl: OK
experiments/H001_geom_reliability/sources/open3dsg/full_validation/recovery_relaxed_views_min2/failure_cases/report.md: OK
experiments/H001_geom_reliability/sources/open3dsg/full_validation/recovery_relaxed_views_min2/failure_rows/manifest.json: OK
experiments/H001_geom_reliability/sources/open3dsg/full_validation/recovery_relaxed_views_min2/failure_rows/report.md: OK
experiments/H001_geom_reliability/sources/open3dsg/full_validation/recovery_relaxed_views_min2/failure_rows/rows.jsonl: OK
experiments/H001_geom_reliability/sources/open3dsg/full_validation/recovery_relaxed_views_min2/failure_rows/summary.json: OK
experiments/H001_geom_reliability/sources/open3dsg/full_validation/recovery_relaxed_views_min2/features/manifest.json: OK
experiments/H001_geom_reliability/sources/open3dsg/full_validation/recovery_relaxed_views_min2/features/report.md: OK
experiments/H001_geom_reliability/sources/open3dsg/full_validation/recovery_relaxed_views_min2/geometry/manifest.json: OK
experiments/H001_geom_reliability/sources/open3dsg/full_validation/recovery_relaxed_views_min2/geometry/report.md: OK
experiments/H001_geom_reliability/sources/open3dsg/full_validation/recovery_relaxed_views_min2/geometry/verification.jsonl: OK
experiments/H001_geom_reliability/sources/open3dsg/full_validation/recovery_relaxed_views_min2/metrics/metrics.json: OK
experiments/H001_geom_reliability/sources/open3dsg/full_validation/recovery_relaxed_views_min2/metrics/report.md: OK
experiments/H001_geom_reliability/sources/open3dsg/full_validation/recovery_relaxed_views_min2/payload/manifest.json: OK
experiments/H001_geom_reliability/sources/open3dsg/full_validation/recovery_relaxed_views_min2/payload/metadata_records.jsonl: OK
experiments/H001_geom_reliability/sources/open3dsg/full_validation/recovery_relaxed_views_min2/payload/records.jsonl: OK
experiments/H001_geom_reliability/sources/open3dsg/full_validation/recovery_relaxed_views_min2/payload/report.md: OK
experiments/H001_geom_reliability/sources/open3dsg/full_validation/recovery_relaxed_views_min2/payload/runtime_dir_records.jsonl: OK
experiments/H001_geom_reliability/sources/open3dsg/full_validation/recovery_relaxed_views_min2/payload/subset_records.jsonl: OK
experiments/H001_geom_reliability/sources/open3dsg/full_validation/recovery_relaxed_views_min2/preprocess/config_patch.diff: OK
experiments/H001_geom_reliability/sources/open3dsg/full_validation/recovery_relaxed_views_min2/preprocess/manifest.json: OK
experiments/H001_geom_reliability/sources/open3dsg/full_validation/recovery_relaxed_views_min2/preprocess/records.jsonl: OK
experiments/H001_geom_reliability/sources/open3dsg/full_validation/recovery_relaxed_views_min2/preprocess/recovery_generation_manifest.json: OK
experiments/H001_geom_reliability/sources/open3dsg/full_validation/recovery_relaxed_views_min2/preprocess/report.md: OK
experiments/H001_geom_reliability/sources/open3dsg/full_validation/recovery_relaxed_views_min2/raw_dump/raw.completed.jsonl: OK
experiments/H001_geom_reliability/sources/open3dsg/full_validation/recovery_relaxed_views_min2/raw_dump/raw.jsonl: OK
experiments/H001_geom_reliability/sources/open3dsg/full_validation/recovery_relaxed_views_min2/raw_dump/stream_manifest.json: OK
experiments/H001_geom_reliability/sources/open3dsg/full_validation/recovery_relaxed_views_min2/raw_dump_identity/checklist.json: OK
experiments/H001_geom_reliability/sources/open3dsg/full_validation/recovery_relaxed_views_min2/raw_dump_identity/commands.md: OK
experiments/H001_geom_reliability/sources/open3dsg/full_validation/recovery_relaxed_views_min2/raw_dump_identity/manifest.json: OK
experiments/H001_geom_reliability/sources/open3dsg/full_validation/recovery_relaxed_views_min2/raw_dump_identity/report.md: OK
experiments/H001_geom_reliability/sources/open3dsg/full_validation/recovery_relaxed_views_min2/table_caveats/manifest.json: OK
experiments/H001_geom_reliability/sources/open3dsg/full_validation/recovery_relaxed_views_min2/table_caveats/report.md: OK
experiments/H001_geom_reliability/sources/open3dsg/full_validation/recovery_relaxed_views_min2/table_caveats/table6_candidate.json: OK
experiments/H001_geom_reliability/sources/open3dsg/full_validation/recovery_relaxed_views_min2/views/config_patch.diff: OK
experiments/H001_geom_reliability/sources/open3dsg/full_validation/recovery_relaxed_views_min2/views/manifest.json: OK
experiments/H001_geom_reliability/sources/open3dsg/full_validation/recovery_relaxed_views_min2/views/records.jsonl: OK
experiments/H001_geom_reliability/sources/open3dsg/full_validation/recovery_relaxed_views_min2/views/recovery_relaxed_two_scan_manifest.json: OK
experiments/H001_geom_reliability/sources/open3dsg/full_validation/recovery_relaxed_views_min2/views/report.md: OK
experiments/H001_geom_reliability/sources/open3dsg/full_validation/table_caveats/manifest.json: OK
experiments/H001_geom_reliability/sources/open3dsg/full_validation/table_caveats/report.md: OK
experiments/H001_geom_reliability/sources/open3dsg/full_validation/table_caveats/table6_candidate.json: OK
experiments/H001_geom_reliability/sources/open3dsg/full_validation/views/config_patch.diff: OK
experiments/H001_geom_reliability/sources/open3dsg/full_validation/views/manifest.json: OK
experiments/H001_geom_reliability/sources/open3dsg/full_validation/views/records.jsonl: OK
experiments/H001_geom_reliability/sources/open3dsg/full_validation/views/report.md: OK
experiments/H001_geom_reliability/sources/open3dsg/full_validation/views_audit/config_patch.diff: OK
experiments/H001_geom_reliability/sources/open3dsg/full_validation/views_audit/manifest.json: OK
experiments/H001_geom_reliability/sources/open3dsg/full_validation/views_audit/records.jsonl: OK
experiments/H001_geom_reliability/sources/open3dsg/full_validation/views_audit/report.md: OK
experiments/H001_geom_reliability/sources/vlsat/full_validation/README.md: OK
experiments/H001_geom_reliability/sources/vlsat/full_validation/adapter/ground_truth.jsonl: OK
experiments/H001_geom_reliability/sources/vlsat/full_validation/adapter/manifest.json: OK
experiments/H001_geom_reliability/sources/vlsat/full_validation/adapter/predictions.jsonl: OK
experiments/H001_geom_reliability/sources/vlsat/full_validation/adapter/report.md: OK
experiments/H001_geom_reliability/sources/vlsat/full_validation/bootstrap_ci/manifest.json: OK
experiments/H001_geom_reliability/sources/vlsat/full_validation/bootstrap_ci/summary.json: OK
experiments/H001_geom_reliability/sources/vlsat/full_validation/bootstrap_ci/summary.md: OK
experiments/H001_geom_reliability/sources/vlsat/full_validation/failure_cases/inspection.json: OK
experiments/H001_geom_reliability/sources/vlsat/full_validation/failure_cases/inspection.md: OK
experiments/H001_geom_reliability/sources/vlsat/full_validation/failure_cases/manifest.json: OK
experiments/H001_geom_reliability/sources/vlsat/full_validation/failure_cases/queue.jsonl: OK
experiments/H001_geom_reliability/sources/vlsat/full_validation/failure_cases/report.md: OK
experiments/H001_geom_reliability/sources/vlsat/full_validation/failure_rows/manifest.json: OK
experiments/H001_geom_reliability/sources/vlsat/full_validation/failure_rows/report.md: OK
experiments/H001_geom_reliability/sources/vlsat/full_validation/failure_rows/rows.jsonl: OK
experiments/H001_geom_reliability/sources/vlsat/full_validation/failure_rows/summary.json: OK
experiments/H001_geom_reliability/sources/vlsat/full_validation/geometry/manifest.json: OK
experiments/H001_geom_reliability/sources/vlsat/full_validation/geometry/report.md: OK
experiments/H001_geom_reliability/sources/vlsat/full_validation/geometry/verification.jsonl: OK
experiments/H001_geom_reliability/sources/vlsat/full_validation/gt_eval/counterfactuals.jsonl: OK
experiments/H001_geom_reliability/sources/vlsat/full_validation/gt_eval/gt_positive.jsonl: OK
experiments/H001_geom_reliability/sources/vlsat/full_validation/gt_eval/manifest.json: OK
experiments/H001_geom_reliability/sources/vlsat/full_validation/gt_eval/metrics.json: OK
experiments/H001_geom_reliability/sources/vlsat/full_validation/gt_eval/report.md: OK
experiments/H001_geom_reliability/sources/vlsat/full_validation/metrics/metrics.json: OK
experiments/H001_geom_reliability/sources/vlsat/full_validation/metrics/report.md: OK
experiments/H001_geom_reliability/sources/vlsat/full_validation/raw/config.json: OK
experiments/H001_geom_reliability/sources/vlsat/full_validation/raw/raw.jsonl: OK
experiments/H001_geom_reliability/sources/vlsat/full_validation/raw/report.md: OK
experiments/H001_geom_reliability/sources/vlsat/full_validation/raw/run_20260604_204428.md: OK
experiments/H001_geom_reliability/sources/vlsat/full_validation/raw/selection/classes.txt: OK
experiments/H001_geom_reliability/sources/vlsat/full_validation/raw/selection/relations.txt: OK
experiments/H001_geom_reliability/sources/vlsat/full_validation/raw/selection/relationships.txt: OK
experiments/H001_geom_reliability/sources/vlsat/full_validation/raw/selection/train_scans.txt: OK
experiments/H001_geom_reliability/sources/vlsat/full_validation/raw/selection/validation_scans.txt: OK
experiments/H001_geom_reliability/sources/vlsat/full_validation/raw/summary.json: OK
experiments/H001_geom_reliability/sources/vlsat/full_validation/raw_preflight/report.md: OK
experiments/H001_geom_reliability/sources/vlsat/full_validation/raw_preflight/summary.json: OK
experiments/H001_geom_reliability/sources/vlsat/full_validation/runtime_record/commands.md: OK
experiments/H001_geom_reliability/sources/vlsat/full_validation/runtime_record/manifest.json: OK
experiments/H001_geom_reliability/sources/vlsat/full_validation/runtime_record/report.md: OK
experiments/H001_geom_reliability/sources/vlsat/full_validation/runtime_record/runtime_contract.json: OK
experiments/H001_geom_reliability/sources/vlsat/full_validation/stage/stage_manifest.json: OK
experiments/H001_geom_reliability/sources/vlsat/full_validation/stage/stage_report.md: OK
experiments/H001_geom_reliability/tables/table1_main_prediction.csv: OK
experiments/H001_geom_reliability/tables/table1_main_prediction.json: OK
experiments/H001_geom_reliability/tables/table1_main_prediction.md: OK
experiments/H001_geom_reliability/tables/table2_controls.csv: OK
experiments/H001_geom_reliability/tables/table2_controls.json: OK
experiments/H001_geom_reliability/tables/table2_controls.md: OK
experiments/H001_geom_reliability/tables/table3_gt_verifier.csv: OK
experiments/H001_geom_reliability/tables/table3_gt_verifier.json: OK
experiments/H001_geom_reliability/tables/table3_gt_verifier.md: OK
experiments/H001_geom_reliability/tables/table4_audit.csv: OK
experiments/H001_geom_reliability/tables/table4_audit.json: OK
experiments/H001_geom_reliability/tables/table4_audit.md: OK
experiments/H001_geom_reliability/tables/table5_claim_boundary.csv: OK
experiments/H001_geom_reliability/tables/table5_claim_boundary.json: OK
experiments/H001_geom_reliability/tables/table5_claim_boundary.md: OK
experiments/H001_geom_reliability/tables/table6_cross_source_status.csv: OK
experiments/H001_geom_reliability/tables/table6_cross_source_status.json: OK
experiments/H001_geom_reliability/tables/table6_cross_source_status.md: OK
local_dataset/Open3DSG_staged/training_repro/mlops/opensg/mlflow/363094050435167554/25da9c4c00214f3b880cedbb2a124177/checkpoints/epoch=13-step=13104.ckpt: OK
h001 full-validation upload bundle verification passed
