#0 building with "default" instance using docker driver

#1 [internal] load build definition from Dockerfile
#1 transferring dockerfile: 335B done
#1 DONE 0.0s

#2 [internal] load metadata for docker.io/library/python:3.11.9-slim-bookworm
#2 DONE 0.7s

#3 [internal] load .dockerignore
#3 transferring context: 2B done
#3 DONE 0.0s

#4 [internal] load build context
#4 transferring context: 78.21kB done
#4 DONE 0.0s

#5 [1/4] FROM docker.io/library/python:3.11.9-slim-bookworm@sha256:8fb099199b9f2d70342674bd9dbccd3ed03a258f26bbd1d556822c6dfc60c317
#5 resolve docker.io/library/python:3.11.9-slim-bookworm@sha256:8fb099199b9f2d70342674bd9dbccd3ed03a258f26bbd1d556822c6dfc60c317 0.0s done
#5 DONE 0.0s

#6 [2/4] WORKDIR /workspace
#6 CACHED

#7 [3/4] RUN pip install --no-cache-dir numpy==1.26.4 pillow==10.4.0
#7 CACHED

#8 [4/4] COPY experiments/H001_geom_reliability/scripts/ /opt/h001/scripts/
#8 DONE 0.1s

#9 exporting to image
#9 exporting layers
#9 exporting layers 0.2s done
#9 exporting manifest sha256:6779b194bb3d69eaf7ce2d0f607168c234f8edd0c3bb457585cc703b2a6dea4f 0.0s done
#9 exporting config sha256:ff202dc21067f497e7b8f112c6544c89ede7dee1fbee2aea9e434e8569ca1218 0.0s done
#9 exporting attestation manifest sha256:6b0b73b19300700914e589b9b1c9227a82f2a6413da49d16d9122364a376da55 0.1s done
#9 exporting manifest list sha256:643c7f6dfae98bec98640fdb20e8754700f80484857cd01fa094895a91db3efa
#9 exporting manifest list sha256:643c7f6dfae98bec98640fdb20e8754700f80484857cd01fa094895a91db3efa 0.0s done
#9 naming to docker.io/library/h001-geom-reliability:latest done
#9 unpacking to docker.io/library/h001-geom-reliability:latest 0.0s done
#9 DONE 0.4s
