#0 building with "default" instance using docker driver

#1 [internal] load build definition from Dockerfile
#1 transferring dockerfile: 335B done
#1 DONE 0.0s

#2 [auth] library/python:pull token for registry-1.docker.io
#2 DONE 0.0s

#3 [internal] load metadata for docker.io/library/python:3.11.9-slim-bookworm
#3 DONE 0.9s

#4 [internal] load .dockerignore
#4 transferring context: 2B done
#4 DONE 0.0s

#5 [internal] load build context
#5 transferring context: 111.27kB done
#5 DONE 0.0s

#6 [1/4] FROM docker.io/library/python:3.11.9-slim-bookworm@sha256:8fb099199b9f2d70342674bd9dbccd3ed03a258f26bbd1d556822c6dfc60c317
#6 resolve docker.io/library/python:3.11.9-slim-bookworm@sha256:8fb099199b9f2d70342674bd9dbccd3ed03a258f26bbd1d556822c6dfc60c317 0.0s done
#6 DONE 0.0s

#7 [2/4] WORKDIR /workspace
#7 CACHED

#8 [3/4] RUN pip install --no-cache-dir numpy==1.26.4 pillow==10.4.0
#8 CACHED

#9 [4/4] COPY experiments/H001_geom_reliability/scripts/ /opt/h001/scripts/
#9 DONE 0.1s

#10 exporting to image
#10 exporting layers
#10 exporting layers 0.2s done
#10 exporting manifest sha256:a88b0dce8a72dc98497fa7972b2b663ff13f97583658d6123872b880915bd2ba 0.0s done
#10 exporting config sha256:c4144ff9d5556c261b95ae2b7e56d73a8e9137fdadaa8242d4dcd289d0bcf14b 0.0s done
#10 exporting attestation manifest sha256:768815cd467c2ead9e5cbc0c85f149a7d87424e0ea120709e5334c2bad6950ae 0.1s done
#10 exporting manifest list sha256:06d9e9e3ae680fd0fc58be8852ed1c983b9f1f59f891be81d62b0c057b3912b3
#10 exporting manifest list sha256:06d9e9e3ae680fd0fc58be8852ed1c983b9f1f59f891be81d62b0c057b3912b3 0.0s done
#10 naming to docker.io/library/h001-geom-reliability:latest done
#10 unpacking to docker.io/library/h001-geom-reliability:latest 0.1s done
#10 DONE 0.4s
