#0 building with "default" instance using docker driver

#1 [internal] load build definition from Dockerfile
#1 transferring dockerfile: 335B done
#1 DONE 0.0s

#2 [internal] load metadata for docker.io/library/python:3.11.9-slim-bookworm
#2 ...

#3 [auth] library/python:pull token for registry-1.docker.io
#3 DONE 0.0s

#2 [internal] load metadata for docker.io/library/python:3.11.9-slim-bookworm
#2 DONE 1.1s

#4 [internal] load .dockerignore
#4 transferring context: 2B done
#4 DONE 0.0s

#5 [internal] load build context
#5 transferring context: 37.01kB done
#5 DONE 0.0s

#6 [1/4] FROM docker.io/library/python:3.11.9-slim-bookworm@sha256:8fb099199b9f2d70342674bd9dbccd3ed03a258f26bbd1d556822c6dfc60c317
#6 resolve docker.io/library/python:3.11.9-slim-bookworm@sha256:8fb099199b9f2d70342674bd9dbccd3ed03a258f26bbd1d556822c6dfc60c317 0.0s done
#6 DONE 0.0s

#7 [2/4] WORKDIR /workspace
#7 CACHED

#8 [3/4] RUN pip install --no-cache-dir numpy==1.26.4 pillow==10.4.0
#8 CACHED

#9 [4/4] COPY experiments/H001_geom_reliability/scripts/ /opt/h001/scripts/
#9 DONE 0.1s

#10 exporting to image
#10 exporting layers 0.1s done
#10 exporting manifest sha256:98c09cd29c11fd135b8bcc4387a538c894b123bc6900196c930ebae52111a33d 0.0s done
#10 exporting config sha256:94943ad931fdde0c00739b573268e7a39e88fe4fb900f252dd3dda6e79a45665 0.0s done
#10 exporting attestation manifest sha256:1acb88fb0c091e8d18f6d4cfbf57123c0d00e2bd7139195bc2dc1bd76464d342 0.1s done
#10 exporting manifest list sha256:9b8743a21340071df9150b5a918d3670b4ba5e9401deadde5f12400da0040450
#10 exporting manifest list sha256:9b8743a21340071df9150b5a918d3670b4ba5e9401deadde5f12400da0040450 0.0s done
#10 naming to docker.io/library/h001-geom-reliability:latest done
#10 unpacking to docker.io/library/h001-geom-reliability:latest 0.1s done
#10 DONE 0.4s
