#0 building with "default" instance using docker driver

#1 [internal] load build definition from Dockerfile
#1 transferring dockerfile: 335B done
#1 DONE 0.0s

#2 [internal] load metadata for docker.io/library/python:3.11.9-slim-bookworm
#2 DONE 9.6s

#3 [internal] load .dockerignore
#3 transferring context: 2B done
#3 DONE 0.0s

#4 [internal] load build context
#4 transferring context: 8.16kB done
#4 DONE 0.0s

#5 [1/4] FROM docker.io/library/python:3.11.9-slim-bookworm@sha256:8fb099199b9f2d70342674bd9dbccd3ed03a258f26bbd1d556822c6dfc60c317
#5 resolve docker.io/library/python:3.11.9-slim-bookworm@sha256:8fb099199b9f2d70342674bd9dbccd3ed03a258f26bbd1d556822c6dfc60c317 0.0s done
#5 DONE 0.0s

#6 [2/4] WORKDIR /workspace
#6 CACHED

#7 [3/4] RUN pip install --no-cache-dir numpy==1.26.4 pillow==10.4.0
#7 CACHED

#8 [4/4] COPY experiments/H001_geom_reliability/scripts/ /opt/h001/scripts/
#8 CACHED

#9 exporting to image
#9 exporting layers done
#9 exporting manifest sha256:a2e24567be03a3e31e5081b855bf18b9babc6955bf3c9d9a0fa4a431f577369b 0.0s done
#9 exporting config sha256:fc9e335cd883ceb0380ac119b3c5289b1fd203cc85feb39d99249fb18eb054fa 0.0s done
#9 exporting attestation manifest sha256:ef153d3ce85869daa9f276d1fe866a1ee09fe58f2cf4c4fcf9afdfab81696a6a 0.1s done
#9 exporting manifest list sha256:c6fa9ded3ac04060d9407c9435a21bac9b491a52a6f698fd6f54fdbdb2aa0955 0.0s done
#9 naming to docker.io/library/h001-geom-reliability:latest
#9 naming to docker.io/library/h001-geom-reliability:latest done
#9 unpacking to docker.io/library/h001-geom-reliability:latest done
#9 DONE 0.2s
