 Image h001-geom-reliability:latest Building 
#1 [internal] load local bake definitions
#1 reading from stdin 609B done
#1 DONE 0.0s

#2 [internal] load build definition from Dockerfile
#2 transferring dockerfile: 335B done
#2 DONE 0.0s

#3 [internal] load metadata for docker.io/library/python:3.11.9-slim-bookworm
#3 DONE 0.7s

#4 [internal] load .dockerignore
#4 transferring context: 2B done
#4 DONE 0.0s

#5 [internal] load build context
#5 transferring context: 38.30kB done
#5 DONE 0.0s

#6 [1/4] FROM docker.io/library/python:3.11.9-slim-bookworm@sha256:8fb099199b9f2d70342674bd9dbccd3ed03a258f26bbd1d556822c6dfc60c317
#6 resolve docker.io/library/python:3.11.9-slim-bookworm@sha256:8fb099199b9f2d70342674bd9dbccd3ed03a258f26bbd1d556822c6dfc60c317 0.0s done
#6 DONE 0.0s

#7 [2/4] WORKDIR /workspace
#7 CACHED

#8 [3/4] RUN pip install --no-cache-dir numpy==1.26.4 pillow==10.4.0
#8 CACHED

#9 [4/4] COPY experiments/H001_geom_reliability/scripts/ /opt/h001/scripts/
#9 DONE 0.1s

#10 exporting to image
#10 exporting layers
#10 exporting layers 0.2s done
#10 exporting manifest sha256:93863a47095d7da9c0d72a089eed9599dfdd936e2eb4cb01e7016064b98efa94 0.0s done
#10 exporting config sha256:45812f81e252d32d3528d1030cdcfe0d054d3d76467f0098e5ac5550ed734ebd 0.0s done
#10 exporting attestation manifest sha256:ad46349d9ad557f7a03a752b80c5d5042451760e429240fdecdca0122af6618f 0.1s done
#10 exporting manifest list sha256:4416423e69c11be8e4d0df3492626607d4591ff266cb3976c2d5c0306f044f48
#10 exporting manifest list sha256:4416423e69c11be8e4d0df3492626607d4591ff266cb3976c2d5c0306f044f48 0.0s done
#10 naming to docker.io/library/h001-geom-reliability:latest done
#10 unpacking to docker.io/library/h001-geom-reliability:latest 0.1s done
#10 DONE 0.5s

#11 resolving provenance for metadata file
#11 DONE 0.0s
 Image h001-geom-reliability:latest Built 
