 Image h001-geom-reliability:latest Building 
#1 [internal] load local bake definitions
#1 reading from stdin 579B done
#1 DONE 0.0s

#2 [internal] load build definition from Dockerfile
#2 transferring dockerfile: 335B done
#2 DONE 0.0s

#3 [internal] load metadata for docker.io/library/python:3.11.9-slim-bookworm
#3 ...

#4 [auth] library/python:pull token for registry-1.docker.io
#4 DONE 0.0s

#3 [internal] load metadata for docker.io/library/python:3.11.9-slim-bookworm
#3 DONE 2.0s

#5 [internal] load .dockerignore
#5 transferring context: 2B done
#5 DONE 0.0s

#6 [internal] load build context
#6 transferring context: 1.63MB 0.0s done
#6 DONE 0.1s

#7 [1/4] FROM docker.io/library/python:3.11.9-slim-bookworm@sha256:8fb099199b9f2d70342674bd9dbccd3ed03a258f26bbd1d556822c6dfc60c317
#7 resolve docker.io/library/python:3.11.9-slim-bookworm@sha256:8fb099199b9f2d70342674bd9dbccd3ed03a258f26bbd1d556822c6dfc60c317 0.0s done
#7 DONE 0.2s

#8 [2/4] WORKDIR /workspace
#8 DONE 0.0s

#9 [3/4] RUN pip install --no-cache-dir numpy==1.26.4 pillow==10.4.0
#9 0.965 Collecting numpy==1.26.4
#9 0.984   Downloading numpy-1.26.4-cp311-cp311-manylinux_2_17_x86_64.manylinux2014_x86_64.whl.metadata (61 kB)
#9 0.990      ━━━━━━━━━━━━━━━━━━━━━━━━━━━━━━━━━━━━━━━━ 61.0/61.0 kB 11.8 MB/s eta 0:00:00
#9 1.096 Collecting pillow==10.4.0
#9 1.099   Downloading pillow-10.4.0-cp311-cp311-manylinux_2_28_x86_64.whl.metadata (9.2 kB)
#9 1.109 Downloading numpy-1.26.4-cp311-cp311-manylinux_2_17_x86_64.manylinux2014_x86_64.whl (18.3 MB)
#9 2.062    ━━━━━━━━━━━━━━━━━━━━━━━━━━━━━━━━━━━━━━━━ 18.3/18.3 MB 13.5 MB/s eta 0:00:00
#9 2.065 Downloading pillow-10.4.0-cp311-cp311-manylinux_2_28_x86_64.whl (4.5 MB)
#9 2.198    ━━━━━━━━━━━━━━━━━━━━━━━━━━━━━━━━━━━━━━━━ 4.5/4.5 MB 34.3 MB/s eta 0:00:00
#9 2.248 Installing collected packages: pillow, numpy
#9 3.252 WARNING: Running pip as the 'root' user can result in broken permissions and conflicting behaviour with the system package manager. It is recommended to use a virtual environment instead: https://pip.pypa.io/warnings/venv
#9 3.253 Successfully installed numpy-1.26.4 pillow-10.4.0
#9 3.300 
#9 3.300 [notice] A new release of pip is available: 24.0 -> 26.1.1
#9 3.300 [notice] To update, run: pip install --upgrade pip
#9 DONE 3.4s

#10 [4/4] COPY experiments/H001_geom_reliability/scripts/ /opt/h001/scripts/
#10 DONE 0.1s

#11 exporting to image
#11 exporting layers
#11 exporting layers 2.0s done
#11 exporting manifest sha256:e06ff76113d2088fbbe0c6817ea8ee5a7fe0c28e6ef29b4ed6639892062e0369 0.0s done
#11 exporting config sha256:cd53abbbb1937b61aedea14783223e8b75179d82fa28ac2dcb6f8b916faf5df0 0.0s done
#11 exporting attestation manifest sha256:5bab45710ae52e4545e76274cc9713dc6045edb8a0c4fd3593a521d8d8b07b85 0.1s done
#11 exporting manifest list sha256:9af0f4bb96316e30221cb27e03299641e0da26e3b4a4849b61468d245372189e
#11 exporting manifest list sha256:9af0f4bb96316e30221cb27e03299641e0da26e3b4a4849b61468d245372189e 0.0s done
#11 naming to docker.io/library/h001-geom-reliability:latest done
#11 unpacking to docker.io/library/h001-geom-reliability:latest
#11 unpacking to docker.io/library/h001-geom-reliability:latest 0.3s done
#11 DONE 2.5s

#12 resolving provenance for metadata file
#12 DONE 0.0s
 Image h001-geom-reliability:latest Built 
