#0 building with "default" instance using docker driver

#1 [internal] load build definition from Dockerfile
#1 transferring dockerfile: 335B done
#1 DONE 0.0s

#2 [internal] load metadata for docker.io/library/python:3.11.9-slim-bookworm
#2 ...

#3 [auth] library/python:pull token for registry-1.docker.io
#3 DONE 0.0s

#2 [internal] load metadata for docker.io/library/python:3.11.9-slim-bookworm
#2 DONE 1.1s

#4 [internal] load .dockerignore
#4 transferring context: 2B done
#4 DONE 0.0s

#5 [internal] load build context
#5 transferring context: 230.18kB 0.0s done
#5 DONE 0.0s

#6 [1/4] FROM docker.io/library/python:3.11.9-slim-bookworm@sha256:8fb099199b9f2d70342674bd9dbccd3ed03a258f26bbd1d556822c6dfc60c317
#6 resolve docker.io/library/python:3.11.9-slim-bookworm@sha256:8fb099199b9f2d70342674bd9dbccd3ed03a258f26bbd1d556822c6dfc60c317 0.0s done
#6 DONE 0.0s

#7 [2/4] WORKDIR /workspace
#7 CACHED

#8 [3/4] RUN pip install --no-cache-dir numpy==1.26.4 pillow==10.4.0
#8 CACHED

#9 [4/4] COPY experiments/H001_geom_reliability/scripts/ /opt/h001/scripts/
#9 DONE 0.1s

#10 exporting to image
#10 exporting layers
#10 exporting layers 0.2s done
#10 exporting manifest sha256:8748c6910511b0abaece5b0a7f01d222aaf77304849869963a8c57aad2f7d77a 0.0s done
#10 exporting config sha256:93f43c340b146e935f5f2e4fc821684f1d64f19546fe0a35995c6cfee366fefc 0.0s done
#10 exporting attestation manifest sha256:eca5d0d152c281df698aeb115214ac49aacde7662d1b3da624d0fde2f14f50a9
#10 exporting attestation manifest sha256:eca5d0d152c281df698aeb115214ac49aacde7662d1b3da624d0fde2f14f50a9 0.1s done
#10 exporting manifest list sha256:d99cfcee9719a047d0ceafa9665d1b97cd62c18f1c8eba0714e809cbf9e31564 0.0s done
#10 naming to docker.io/library/h001-geom-reliability:latest done
#10 unpacking to docker.io/library/h001-geom-reliability:latest
#10 unpacking to docker.io/library/h001-geom-reliability:latest 0.0s done
#10 DONE 0.4s
