Rc files read:
  /etc/LatexMk
Latexmk: This is Latexmk, John Collins, 31 Jan. 2024. Version 4.83.
Latexmk: applying rule 'pdflatex'...
Rule 'pdflatex':  Reasons for rerun
Changed files or newly in use/created:
  sec/2_related_work.tex
  sec/5_experiments.tex
  sec/6_results.tex
  sec/7_limitations.tex
  sec/8_conclusion.tex
Category 'changed_user':
  sec/2_related_work.tex
  sec/5_experiments.tex
  sec/6_results.tex
  sec/7_limitations.tex
  sec/8_conclusion.tex

------------
Run number 1 of rule 'pdflatex'
------------
------------
Running 'pdflatex  -interaction=nonstopmode -halt-on-error -recorder  "main.tex"'
------------
This is pdfTeX, Version 3.141592653-2.6-1.40.25 (TeX Live 2023/Debian) (preloaded format=pdflatex)
 restricted \write18 enabled.
entering extended mode
(./main.tex
LaTeX2e <2023-11-01> patch level 1
L3 programming layer <2024-01-22>
(/usr/share/texlive/texmf-dist/tex/latex/base/article.cls
Document Class: article 2023/05/17 v1.4n Standard LaTeX document class
(/usr/share/texlive/texmf-dist/tex/latex/base/size10.clo)) (./aaai2026.sty
Conference Style for AAAI for LaTeX 2e -- version for submission
(/usr/share/texlive/texmf-dist/tex/latex/xcolor/xcolor.sty
(/usr/share/texlive/texmf-dist/tex/latex/graphics-cfg/color.cfg)
(/usr/share/texlive/texmf-dist/tex/latex/graphics-def/pdftex.def)
(/usr/share/texlive/texmf-dist/tex/latex/graphics/mathcolor.ltx)))
(/usr/share/texlive/texmf-dist/tex/latex/psnfss/times.sty)
(/usr/share/texlive/texmf-dist/tex/latex/psnfss/helvet.sty
(/usr/share/texlive/texmf-dist/tex/latex/graphics/keyval.sty))
(/usr/share/texlive/texmf-dist/tex/latex/psnfss/courier.sty)
(/usr/share/texlive/texmf-dist/tex/latex/natbib/natbib.sty)
(/usr/share/texlive/texmf-dist/tex/latex/url/url.sty) (./preamble.tex
(/usr/share/texlive/texmf-dist/tex/latex/amsmath/amsmath.sty
For additional information on amsmath, use the `?' option.
(/usr/share/texlive/texmf-dist/tex/latex/amsmath/amstext.sty
(/usr/share/texlive/texmf-dist/tex/latex/amsmath/amsgen.sty))
(/usr/share/texlive/texmf-dist/tex/latex/amsmath/amsbsy.sty)
(/usr/share/texlive/texmf-dist/tex/latex/amsmath/amsopn.sty))
(/usr/share/texlive/texmf-dist/tex/latex/amsfonts/amssymb.sty
(/usr/share/texlive/texmf-dist/tex/latex/amsfonts/amsfonts.sty))
(/usr/share/texlive/texmf-dist/tex/latex/booktabs/booktabs.sty)
(/usr/share/texlive/texmf-dist/tex/latex/graphics/graphicx.sty
(/usr/share/texlive/texmf-dist/tex/latex/graphics/graphics.sty
(/usr/share/texlive/texmf-dist/tex/latex/graphics/trig.sty)
(/usr/share/texlive/texmf-dist/tex/latex/graphics-cfg/graphics.cfg)))
(/usr/share/texlive/texmf-dist/tex/latex/multirow/multirow.sty)
(/usr/share/texlive/texmf-dist/tex/latex/tools/tabularx.sty
(/usr/share/texlive/texmf-dist/tex/latex/tools/array.sty)))
(/usr/share/texlive/texmf-dist/tex/latex/psnfss/ot1ptm.fd)
(/usr/share/texlive/texmf-dist/tex/latex/l3backend/l3backend-pdftex.def)
(./main.aux) (/usr/share/texlive/texmf-dist/tex/context/base/mkii/supp-pdf.mkii

[Loading MPS to PDF converter (version 2006.09.02).]
) (/usr/share/texlive/texmf-dist/tex/latex/epstopdf-pkg/epstopdf-base.sty
(/usr/share/texlive/texmf-dist/tex/latex/latexconfig/epstopdf-sys.cfg))
(./sec/0_abstract.tex (/usr/share/texlive/texmf-dist/tex/latex/amsfonts/umsa.fd
) (/usr/share/texlive/texmf-dist/tex/latex/amsfonts/umsb.fd)
Underfull \hbox (badness 2020) in paragraph at lines 2--24
[]\OT1/ptm/m/n/9 3D Scene Graphs rep-re-sent ob-jects and re-la-tions in a

Underfull \hbox (badness 1509) in paragraph at lines 2--24
\OT1/ptm/m/n/9 pear se-man-ti-cally plau-si-ble. We study a relation-level

Underfull \hbox (badness 1048) in paragraph at lines 2--24
\OT1/ptm/m/n/9 validation re-cov-ery branch, the family-specific op-er-at-ing
) (./sec/1_intro.tex (/usr/share/texlive/texmf-dist/tex/latex/psnfss/ot1pcr.fd)
 [1{/var/lib/texmf/fonts/map/pdftex/updmap/pdftex.map}{/usr/share/texlive/texmf
-dist/fonts/enc/dvips/base/8r.enc}]
Underfull \hbox (badness 1371) in paragraph at lines 63--66
\OT1/ptm/m/n/10 dic-tion rows, joins identity-preserving 3D ev-i-dence,

Underfull \hbox (badness 1496) in paragraph at lines 66--70
[]\OT1/ptm/m/n/10 We de-fine a recall-violation eval-u-a-tion pro-to-col for

Underfull \hbox (badness 1400) in paragraph at lines 66--70
\OT1/ptm/m/n/10 label R@K, Vi-o-la-tion@K, GT-positive/counterfactual
) (./sec/2_related_work.tex
Underfull \hbox (badness 1087) in paragraph at lines 15--21
 \OT1/ptm/b/n/10 Open-vocabulary 3D Scene Graphs and VLM-based

Underfull \hbox (badness 1057) in paragraph at lines 15--21
\OT1/ptm/b/n/10 scene un-der-stand-ing. \OT1/ptm/m/n/10 Re-cent work ex-tends 3
D scene

Underfull \hbox (badness 1270) in paragraph at lines 22--28
\OT1/ptm/m/n/10 ther con-nect VLMs, zero-shot graph con-struc-tion, and

Underfull \hbox (badness 7685) in paragraph at lines 30--38
 \OT1/ptm/b/n/10 Geometry-aware re-la-tion rea-son-ing and semantic-

Underfull \hbox (badness 1609) in paragraph at lines 39--45
\OT1/ptm/m/n/10 vocabulary 3D scene graph gen-er-a-tion (Nguyen et al.
) (./sec/3_problem.tex
Underfull \hbox (badness 1259) in paragraph at lines 30--33
\OMS/cmsy/m/n/10 f[]\OML/cmm/m/it/10 ; []; []\OMS/cmsy/m/n/10 g$\OT1/ptm/m/n/10
 , and the cal-i-bra-tor es-ti-
[2]) (./sec/4_method.tex
Underfull \hbox (badness 2626) in paragraph at lines 21--26
\OT1/ptm/m/n/10 This row is the unit of com-par-i-son across VL-SAT,

Underfull \hbox (badness 10000) in paragraph at lines 38--49
\OT1/ptm/m/n/10 H001 uses relation-family-specific checks

Underfull \hbox (badness 10000) in paragraph at lines 38--49
\OT1/ptm/m/n/10 for \OT1/pcr/m/n/10 support[]contact\OT1/ptm/m/n/10 , \OT1/pcr/
m/n/10 proximity\OT1/ptm/m/n/10 , and

Underfull \hbox (badness 1168) in paragraph at lines 38--49
\OT1/pcr/m/n/10 relative[]vertical\OT1/ptm/m/n/10 . For sup-port/contact, the e
v-i-

Underfull \hbox (badness 10000) in paragraph at lines 67--75
[]\OT1/ptm/m/n/10 We re-port four main op-er-at-ing points.

Underfull \hbox (badness 10000) in paragraph at lines 67--75
\OT1/pcr/m/n/10 semantic[]only \OT1/ptm/m/n/10 ranks by the source se-man-tic

Underfull \hbox (badness 3579) in paragraph at lines 67--75
\OT1/ptm/m/n/10 score and serves as the re-pro-duced source base-line.

Underfull \hbox (badness 1424) in paragraph at lines 67--75
\OT1/ptm/m/n/10 di-ag-nos-tic. \OT1/pcr/m/n/10 family[]specific[]p[]geom[]valid
 \OT1/ptm/m/n/10 uses
) (./sec/5_experiments.tex
Underfull \hbox (badness 2042) in paragraph at lines 78--1
\OT1/ptm/m/n/10 plains the re-sult. Shuffled-geometry and wrong-pair-
[3]
Underfull \hbox (badness 5954) in paragraph at lines 68--68
[]|\OT1/ptm/m/n/9 Main open-vocabulary relation-

Underfull \hbox (badness 1292) in paragraph at lines 68--68
[]|\OT1/ptm/m/n/9 Controlled an-chor for the same

Underfull \hbox (badness 1509) in paragraph at lines 68--68
[]|\OT1/ptm/m/n/9 Future sup-port/contact smoke if

Underfull \hbox (badness 3068) in paragraph at lines 68--68
[]|\OT1/ptm/m/n/9 Not claimed from cur-rent ev-i-

Underfull \hbox (badness 10000) in paragraph at lines 68--68
[]|\OT1/ptm/m/n/9 Requires broader mea-sured
) (./sec/6_results.tex
Underfull \hbox (badness 10000) in paragraph at lines 71--1
[]\OT1/ptm/m/n/10 All paper-body ex-per-i-ment re-sults

Underfull \hbox (badness 10000) in paragraph at lines 71--1
\OT1/ptm/m/n/10 are gen-er-ated through Docker un-der

Underfull \hbox (badness 2073) in paragraph at lines 71--1
\OT1/pcr/m/n/10 experiments/H001[]geom[]reliability/\OT1/ptm/m/n/10 . Host-

Underfull \hbox (badness 10000) in paragraph at lines 49--55
\OT1/pcr/m/n/10 semantic[]only \OT1/ptm/m/n/10 has R@50/R@100=0.4096/0.5161

Underfull \hbox (badness 10000) in paragraph at lines 49--55
\OT1/ptm/m/n/10 and Vi-o-la-tion@50/Violation@100=0.1386/0.1242.

Underfull \hbox (badness 3679) in paragraph at lines 49--55
\OT1/pcr/m/n/10 probabilistic \OT1/ptm/m/n/10 low-ers vi-o-la-tions to 0.0606/0
.0811

Underfull \hbox (badness 10000) in paragraph at lines 49--55
\OT1/ptm/m/n/10 while mov-ing re-call to 0.3975/0.5723, and

Underfull \hbox (badness 10000) in paragraph at lines 49--55
\OT1/pcr/m/n/10 family[]specific \OT1/ptm/m/n/10 gives the strongest trade-off:


Underfull \hbox (badness 10000) in paragraph at lines 56--61
[]\OT1/ptm/m/n/10 VL-SAT pro-vides the con-trolled an-chor:

Underfull \hbox (badness 10000) in paragraph at lines 56--61
\OT1/pcr/m/n/10 probabilistic \OT1/ptm/m/n/10 im-proves R@50/R@100 from

Underfull \hbox (badness 10000) in paragraph at lines 56--61
\OT1/ptm/m/n/10 0.9272/0.9635 to 0.9305/0.9688 and re-duces Vi-o-la-

Underfull \hbox (badness 6641) in paragraph at lines 62--70
[]\OT1/ptm/m/n/10 A Docker sub-graph boot-strap with 1,000 re-sam-

Underfull \hbox (badness 6559) in paragraph at lines 62--70
\OT1/ptm/m/n/10 ples gives the Open3DSG \OT1/pcr/m/n/10 family[]specific \OT1/p
tm/m/n/10 op-

Underfull \hbox (badness 7362) in paragraph at lines 62--70
\OT1/ptm/m/n/10 er-at-ing point a R@100 delta of +8.86 per-cent-age

Underfull \hbox (badness 4048) in paragraph at lines 62--70
\OT1/ptm/m/n/10 points (95% CI +6.69,+10.96) and a Vi-o-la-tion@100

Underfull \hbox (badness 1533) in paragraph at lines 62--70
\OT1/ptm/m/n/10 delta of -9.01 points (95% CI -9.49,-8.53) rel-a-tive to

Underfull \hbox (badness 4024) in paragraph at lines 71--79
\OT1/ptm/m/n/10 geometry-only reaches only R@100=0.5184 with Vi-

Underfull \hbox (badness 10000) in paragraph at lines 71--79
\OT1/ptm/m/n/10 o-la-tion@100=0.0711, distance-only reaches 0.5554

Underfull \hbox (badness 10000) in paragraph at lines 71--79
\OT1/ptm/m/n/10 with 0.0981, and shuffled/wrong-pair ge-om-e-try de-

Underfull \hbox (badness 1983) in paragraph at lines 71--79
\OT1/ptm/m/n/10 the same pat-tern: distance-only gives R@100=0.5038

Underfull \hbox (badness 10000) in paragraph at lines 71--79
\OT1/ptm/m/n/10 and Vi-o-la-tion@100=0.1071, geometry-only gives

Underfull \hbox (badness 10000) in paragraph at lines 71--79
\OT1/ptm/m/n/10 0.5116 and 0.0865, and shuffled/wrong-pair con-

Underfull \hbox (badness 10000) in paragraph at lines 71--79
\OT1/ptm/m/n/10 trols fall to R@100=0.2543/0.2331 with Vi-o-la-

Underfull \hbox (badness 2608) in paragraph at lines 71--79
\OT1/ptm/m/n/10 tion@100=0.1998/0.1985. Thus H001 is not merely

Underfull \hbox (badness 1052) in paragraph at lines 80--85
[]\OT1/ptm/m/n/10 The GT-based ver-i-fier check tests the ge-om-e-try sig-

Underfull \hbox (badness 10000) in paragraph at lines 105--105
[]\OT1/ptm/m/n/10 Figure 3: \OT1/ptm/b/n/10 Geometry-backed qual-i-ta-tive fail
-ures.
) (./sec/7_limitations.tex
Underfull \hbox (badness 2197) in paragraph at lines 10--16
\OT1/ptm/m/n/10 within-source com-par-i-son but block broad Open3DSG
[4]) (./sec/8_conclusion.tex) [5] [6 <../generated/figures/figure1_framework.pn
g (PNG copy)> <../generated/figures/figure2_tradeoff.png (PNG copy)>] [7 <../ge
nerated/figures/figure3_geometry_panels.png (PNG copy)>] (./main.bbl
Underfull \hbox (badness 1297) in paragraph at lines 126--130
[]\OT1/ptm/m/n/10 Yu, F.; Deng, Q.; Tang, S.; Li, Y.; and Cheng, L.

Underfull \hbox (badness 2088) in paragraph at lines 126--130
\OT1/ptm/m/n/10 2025.  Open-World 3D Scene Graph Gen-er-a-tion for
) [8] (./sec/9_reproducibility_checklist.tex
(/usr/share/texlive/texmf-dist/tex/latex/psnfss/ts1ptm.fd)
Underfull \hbox (badness 1221) in paragraph at lines 93--97
\OT1/ptm/m/n/10 The pa-per and ar-ti-fact re-ports list the fi-nal op-er-at-
) [9] (./main.aux)

LaTeX Warning: Label(s) may have changed. Rerun to get cross-references right.

 )
(see the transcript file for additional information)</usr/share/texlive/texmf-d
ist/fonts/type1/public/amsfonts/cm/cmmi10.pfb></usr/share/texlive/texmf-dist/fo
nts/type1/public/amsfonts/cm/cmmi7.pfb></usr/share/texlive/texmf-dist/fonts/typ
e1/public/amsfonts/cm/cmmi9.pfb></usr/share/texlive/texmf-dist/fonts/type1/publ
ic/amsfonts/cm/cmr10.pfb></usr/share/texlive/texmf-dist/fonts/type1/public/amsf
onts/cm/cmr6.pfb></usr/share/texlive/texmf-dist/fonts/type1/public/amsfonts/cm/
cmr7.pfb></usr/share/texlive/texmf-dist/fonts/type1/public/amsfonts/cm/cmsy10.p
fb></usr/share/texlive/texmf-dist/fonts/type1/urw/courier/ucrr8a.pfb></usr/shar
e/texlive/texmf-dist/fonts/type1/urw/times/utmb8a.pfb></usr/share/texlive/texmf
-dist/fonts/type1/urw/times/utmr8a.pfb></usr/share/texlive/texmf-dist/fonts/typ
e1/urw/times/utmri8a.pfb>
Output written on main.pdf (9 pages, 462893 bytes).
Transcript written on main.log.
Latexmk: Getting log file 'main.log'
Latexmk: Examining 'main.fls'
Latexmk: Examining 'main.log'
Latexmk: Found input bbl file 'main.bbl'
Latexmk: References changed.
Latexmk: Log file says output to 'main.pdf'
Latexmk: Found bibliography file(s):
  ../references.bib
Latexmk: applying rule 'bibtex main'...
Rule 'bibtex main':  Reasons for rerun
Changed files or newly in use/created:
  main.aux

------------
Run number 1 of rule 'bibtex main'
------------
------------
Running 'bibtex  "main.aux"'
------------
This is BibTeX, Version 0.99d (TeX Live 2023/Debian)
The top-level auxiliary file: main.aux
The style file: aaai2026.bst
Database file #1: ../references.bib
Warning--can't use both volume and number fields in liu2026viewongraph
(There was 1 warning)
Latexmk: applying rule 'pdflatex'...
Rule 'pdflatex':  Reasons for rerun
Changed files or newly in use/created:
  main.aux

------------
Run number 2 of rule 'pdflatex'
------------
------------
Running 'pdflatex  -interaction=nonstopmode -halt-on-error -recorder  "main.tex"'
------------
This is pdfTeX, Version 3.141592653-2.6-1.40.25 (TeX Live 2023/Debian) (preloaded format=pdflatex)
 restricted \write18 enabled.
entering extended mode
(./main.tex
LaTeX2e <2023-11-01> patch level 1
L3 programming layer <2024-01-22>
(/usr/share/texlive/texmf-dist/tex/latex/base/article.cls
Document Class: article 2023/05/17 v1.4n Standard LaTeX document class
(/usr/share/texlive/texmf-dist/tex/latex/base/size10.clo)) (./aaai2026.sty
Conference Style for AAAI for LaTeX 2e -- version for submission
(/usr/share/texlive/texmf-dist/tex/latex/xcolor/xcolor.sty
(/usr/share/texlive/texmf-dist/tex/latex/graphics-cfg/color.cfg)
(/usr/share/texlive/texmf-dist/tex/latex/graphics-def/pdftex.def)
(/usr/share/texlive/texmf-dist/tex/latex/graphics/mathcolor.ltx)))
(/usr/share/texlive/texmf-dist/tex/latex/psnfss/times.sty)
(/usr/share/texlive/texmf-dist/tex/latex/psnfss/helvet.sty
(/usr/share/texlive/texmf-dist/tex/latex/graphics/keyval.sty))
(/usr/share/texlive/texmf-dist/tex/latex/psnfss/courier.sty)
(/usr/share/texlive/texmf-dist/tex/latex/natbib/natbib.sty)
(/usr/share/texlive/texmf-dist/tex/latex/url/url.sty) (./preamble.tex
(/usr/share/texlive/texmf-dist/tex/latex/amsmath/amsmath.sty
For additional information on amsmath, use the `?' option.
(/usr/share/texlive/texmf-dist/tex/latex/amsmath/amstext.sty
(/usr/share/texlive/texmf-dist/tex/latex/amsmath/amsgen.sty))
(/usr/share/texlive/texmf-dist/tex/latex/amsmath/amsbsy.sty)
(/usr/share/texlive/texmf-dist/tex/latex/amsmath/amsopn.sty))
(/usr/share/texlive/texmf-dist/tex/latex/amsfonts/amssymb.sty
(/usr/share/texlive/texmf-dist/tex/latex/amsfonts/amsfonts.sty))
(/usr/share/texlive/texmf-dist/tex/latex/booktabs/booktabs.sty)
(/usr/share/texlive/texmf-dist/tex/latex/graphics/graphicx.sty
(/usr/share/texlive/texmf-dist/tex/latex/graphics/graphics.sty
(/usr/share/texlive/texmf-dist/tex/latex/graphics/trig.sty)
(/usr/share/texlive/texmf-dist/tex/latex/graphics-cfg/graphics.cfg)))
(/usr/share/texlive/texmf-dist/tex/latex/multirow/multirow.sty)
(/usr/share/texlive/texmf-dist/tex/latex/tools/tabularx.sty
(/usr/share/texlive/texmf-dist/tex/latex/tools/array.sty)))
(/usr/share/texlive/texmf-dist/tex/latex/psnfss/ot1ptm.fd)
(/usr/share/texlive/texmf-dist/tex/latex/l3backend/l3backend-pdftex.def)
(./main.aux) (/usr/share/texlive/texmf-dist/tex/context/base/mkii/supp-pdf.mkii

[Loading MPS to PDF converter (version 2006.09.02).]
) (/usr/share/texlive/texmf-dist/tex/latex/epstopdf-pkg/epstopdf-base.sty
(/usr/share/texlive/texmf-dist/tex/latex/latexconfig/epstopdf-sys.cfg))
(./sec/0_abstract.tex (/usr/share/texlive/texmf-dist/tex/latex/amsfonts/umsa.fd
) (/usr/share/texlive/texmf-dist/tex/latex/amsfonts/umsb.fd)
Underfull \hbox (badness 2020) in paragraph at lines 2--24
[]\OT1/ptm/m/n/9 3D Scene Graphs rep-re-sent ob-jects and re-la-tions in a

Underfull \hbox (badness 1509) in paragraph at lines 2--24
\OT1/ptm/m/n/9 pear se-man-ti-cally plau-si-ble. We study a relation-level

Underfull \hbox (badness 1048) in paragraph at lines 2--24
\OT1/ptm/m/n/9 validation re-cov-ery branch, the family-specific op-er-at-ing
) (./sec/1_intro.tex (/usr/share/texlive/texmf-dist/tex/latex/psnfss/ot1pcr.fd)
 [1{/var/lib/texmf/fonts/map/pdftex/updmap/pdftex.map}{/usr/share/texlive/texmf
-dist/fonts/enc/dvips/base/8r.enc}]
Underfull \hbox (badness 1371) in paragraph at lines 63--66
\OT1/ptm/m/n/10 dic-tion rows, joins identity-preserving 3D ev-i-dence,

Underfull \hbox (badness 1496) in paragraph at lines 66--70
[]\OT1/ptm/m/n/10 We de-fine a recall-violation eval-u-a-tion pro-to-col for

Underfull \hbox (badness 1400) in paragraph at lines 66--70
\OT1/ptm/m/n/10 label R@K, Vi-o-la-tion@K, GT-positive/counterfactual
) (./sec/2_related_work.tex
Underfull \hbox (badness 1087) in paragraph at lines 15--21
 \OT1/ptm/b/n/10 Open-vocabulary 3D Scene Graphs and VLM-based

Underfull \hbox (badness 1057) in paragraph at lines 15--21
\OT1/ptm/b/n/10 scene un-der-stand-ing. \OT1/ptm/m/n/10 Re-cent work ex-tends 3
D scene

Underfull \hbox (badness 1270) in paragraph at lines 22--28
\OT1/ptm/m/n/10 ther con-nect VLMs, zero-shot graph con-struc-tion, and

Underfull \hbox (badness 7685) in paragraph at lines 30--38
 \OT1/ptm/b/n/10 Geometry-aware re-la-tion rea-son-ing and semantic-

Underfull \hbox (badness 1609) in paragraph at lines 39--45
\OT1/ptm/m/n/10 vocabulary 3D scene graph gen-er-a-tion (Nguyen et al.
) (./sec/3_problem.tex
Underfull \hbox (badness 1259) in paragraph at lines 30--33
\OMS/cmsy/m/n/10 f[]\OML/cmm/m/it/10 ; []; []\OMS/cmsy/m/n/10 g$\OT1/ptm/m/n/10
 , and the cal-i-bra-tor es-ti-
[2]) (./sec/4_method.tex
Underfull \hbox (badness 2626) in paragraph at lines 21--26
\OT1/ptm/m/n/10 This row is the unit of com-par-i-son across VL-SAT,

Underfull \hbox (badness 10000) in paragraph at lines 38--49
\OT1/ptm/m/n/10 H001 uses relation-family-specific checks

Underfull \hbox (badness 10000) in paragraph at lines 38--49
\OT1/ptm/m/n/10 for \OT1/pcr/m/n/10 support[]contact\OT1/ptm/m/n/10 , \OT1/pcr/
m/n/10 proximity\OT1/ptm/m/n/10 , and

Underfull \hbox (badness 1168) in paragraph at lines 38--49
\OT1/pcr/m/n/10 relative[]vertical\OT1/ptm/m/n/10 . For sup-port/contact, the e
v-i-

Underfull \hbox (badness 10000) in paragraph at lines 67--75
[]\OT1/ptm/m/n/10 We re-port four main op-er-at-ing points.

Underfull \hbox (badness 10000) in paragraph at lines 67--75
\OT1/pcr/m/n/10 semantic[]only \OT1/ptm/m/n/10 ranks by the source se-man-tic

Underfull \hbox (badness 3579) in paragraph at lines 67--75
\OT1/ptm/m/n/10 score and serves as the re-pro-duced source base-line.

Underfull \hbox (badness 1424) in paragraph at lines 67--75
\OT1/ptm/m/n/10 di-ag-nos-tic. \OT1/pcr/m/n/10 family[]specific[]p[]geom[]valid
 \OT1/ptm/m/n/10 uses
) (./sec/5_experiments.tex
Underfull \hbox (badness 2042) in paragraph at lines 78--1
\OT1/ptm/m/n/10 plains the re-sult. Shuffled-geometry and wrong-pair-
[3]
Underfull \hbox (badness 5954) in paragraph at lines 68--68
[]|\OT1/ptm/m/n/9 Main open-vocabulary relation-

Underfull \hbox (badness 1292) in paragraph at lines 68--68
[]|\OT1/ptm/m/n/9 Controlled an-chor for the same

Underfull \hbox (badness 1509) in paragraph at lines 68--68
[]|\OT1/ptm/m/n/9 Future sup-port/contact smoke if

Underfull \hbox (badness 3068) in paragraph at lines 68--68
[]|\OT1/ptm/m/n/9 Not claimed from cur-rent ev-i-

Underfull \hbox (badness 10000) in paragraph at lines 68--68
[]|\OT1/ptm/m/n/9 Requires broader mea-sured
) (./sec/6_results.tex
Underfull \hbox (badness 10000) in paragraph at lines 71--1
[]\OT1/ptm/m/n/10 All paper-body ex-per-i-ment re-sults

Underfull \hbox (badness 10000) in paragraph at lines 71--1
\OT1/ptm/m/n/10 are gen-er-ated through Docker un-der

Underfull \hbox (badness 2073) in paragraph at lines 71--1
\OT1/pcr/m/n/10 experiments/H001[]geom[]reliability/\OT1/ptm/m/n/10 . Host-

Underfull \hbox (badness 10000) in paragraph at lines 49--55
\OT1/pcr/m/n/10 semantic[]only \OT1/ptm/m/n/10 has R@50/R@100=0.4096/0.5161

Underfull \hbox (badness 10000) in paragraph at lines 49--55
\OT1/ptm/m/n/10 and Vi-o-la-tion@50/Violation@100=0.1386/0.1242.

Underfull \hbox (badness 3679) in paragraph at lines 49--55
\OT1/pcr/m/n/10 probabilistic \OT1/ptm/m/n/10 low-ers vi-o-la-tions to 0.0606/0
.0811

Underfull \hbox (badness 10000) in paragraph at lines 49--55
\OT1/ptm/m/n/10 while mov-ing re-call to 0.3975/0.5723, and

Underfull \hbox (badness 10000) in paragraph at lines 49--55
\OT1/pcr/m/n/10 family[]specific \OT1/ptm/m/n/10 gives the strongest trade-off:


Underfull \hbox (badness 10000) in paragraph at lines 56--61
[]\OT1/ptm/m/n/10 VL-SAT pro-vides the con-trolled an-chor:

Underfull \hbox (badness 10000) in paragraph at lines 56--61
\OT1/pcr/m/n/10 probabilistic \OT1/ptm/m/n/10 im-proves R@50/R@100 from

Underfull \hbox (badness 10000) in paragraph at lines 56--61
\OT1/ptm/m/n/10 0.9272/0.9635 to 0.9305/0.9688 and re-duces Vi-o-la-

Underfull \hbox (badness 6641) in paragraph at lines 62--70
[]\OT1/ptm/m/n/10 A Docker sub-graph boot-strap with 1,000 re-sam-

Underfull \hbox (badness 6559) in paragraph at lines 62--70
\OT1/ptm/m/n/10 ples gives the Open3DSG \OT1/pcr/m/n/10 family[]specific \OT1/p
tm/m/n/10 op-

Underfull \hbox (badness 7362) in paragraph at lines 62--70
\OT1/ptm/m/n/10 er-at-ing point a R@100 delta of +8.86 per-cent-age

Underfull \hbox (badness 4048) in paragraph at lines 62--70
\OT1/ptm/m/n/10 points (95% CI +6.69,+10.96) and a Vi-o-la-tion@100

Underfull \hbox (badness 1533) in paragraph at lines 62--70
\OT1/ptm/m/n/10 delta of -9.01 points (95% CI -9.49,-8.53) rel-a-tive to

Underfull \hbox (badness 4024) in paragraph at lines 71--79
\OT1/ptm/m/n/10 geometry-only reaches only R@100=0.5184 with Vi-

Underfull \hbox (badness 10000) in paragraph at lines 71--79
\OT1/ptm/m/n/10 o-la-tion@100=0.0711, distance-only reaches 0.5554

Underfull \hbox (badness 10000) in paragraph at lines 71--79
\OT1/ptm/m/n/10 with 0.0981, and shuffled/wrong-pair ge-om-e-try de-

Underfull \hbox (badness 1983) in paragraph at lines 71--79
\OT1/ptm/m/n/10 the same pat-tern: distance-only gives R@100=0.5038

Underfull \hbox (badness 10000) in paragraph at lines 71--79
\OT1/ptm/m/n/10 and Vi-o-la-tion@100=0.1071, geometry-only gives

Underfull \hbox (badness 10000) in paragraph at lines 71--79
\OT1/ptm/m/n/10 0.5116 and 0.0865, and shuffled/wrong-pair con-

Underfull \hbox (badness 10000) in paragraph at lines 71--79
\OT1/ptm/m/n/10 trols fall to R@100=0.2543/0.2331 with Vi-o-la-

Underfull \hbox (badness 2608) in paragraph at lines 71--79
\OT1/ptm/m/n/10 tion@100=0.1998/0.1985. Thus H001 is not merely

Underfull \hbox (badness 1052) in paragraph at lines 80--85
[]\OT1/ptm/m/n/10 The GT-based ver-i-fier check tests the ge-om-e-try sig-

Underfull \hbox (badness 10000) in paragraph at lines 105--105
[]\OT1/ptm/m/n/10 Figure 3: \OT1/ptm/b/n/10 Geometry-backed qual-i-ta-tive fail
-ures.
) (./sec/7_limitations.tex
Underfull \hbox (badness 2197) in paragraph at lines 10--16
\OT1/ptm/m/n/10 within-source com-par-i-son but block broad Open3DSG
[4]) (./sec/8_conclusion.tex) [5] [6 <../generated/figures/figure1_framework.pn
g (PNG copy)> <../generated/figures/figure2_tradeoff.png (PNG copy)>] [7 <../ge
nerated/figures/figure3_geometry_panels.png (PNG copy)>] (./main.bbl
Underfull \hbox (badness 1297) in paragraph at lines 126--130
[]\OT1/ptm/m/n/10 Yu, F.; Deng, Q.; Tang, S.; Li, Y.; and Cheng, L.

Underfull \hbox (badness 2088) in paragraph at lines 126--130
\OT1/ptm/m/n/10 2025.  Open-World 3D Scene Graph Gen-er-a-tion for
) [8] (./sec/9_reproducibility_checklist.tex
(/usr/share/texlive/texmf-dist/tex/latex/psnfss/ts1ptm.fd)
Underfull \hbox (badness 1221) in paragraph at lines 93--97
\OT1/ptm/m/n/10 The pa-per and ar-ti-fact re-ports list the fi-nal op-er-at-
) [9] (./main.aux) )
(see the transcript file for additional information)</usr/share/texlive/texmf-d
ist/fonts/type1/public/amsfonts/cm/cmmi10.pfb></usr/share/texlive/texmf-dist/fo
nts/type1/public/amsfonts/cm/cmmi7.pfb></usr/share/texlive/texmf-dist/fonts/typ
e1/public/amsfonts/cm/cmmi9.pfb></usr/share/texlive/texmf-dist/fonts/type1/publ
ic/amsfonts/cm/cmr10.pfb></usr/share/texlive/texmf-dist/fonts/type1/public/amsf
onts/cm/cmr6.pfb></usr/share/texlive/texmf-dist/fonts/type1/public/amsfonts/cm/
cmr7.pfb></usr/share/texlive/texmf-dist/fonts/type1/public/amsfonts/cm/cmsy10.p
fb></usr/share/texlive/texmf-dist/fonts/type1/urw/courier/ucrr8a.pfb></usr/shar
e/texlive/texmf-dist/fonts/type1/urw/times/utmb8a.pfb></usr/share/texlive/texmf
-dist/fonts/type1/urw/times/utmr8a.pfb></usr/share/texlive/texmf-dist/fonts/typ
e1/urw/times/utmri8a.pfb>
Output written on main.pdf (9 pages, 462893 bytes).
Transcript written on main.log.
Latexmk: Getting log file 'main.log'
Latexmk: Examining 'main.fls'
Latexmk: Examining 'main.log'
Latexmk: Found input bbl file 'main.bbl'
Latexmk: Log file says output to 'main.pdf'
Latexmk: Found bibliography file(s):
  ../references.bib
Latexmk: All targets (main.pdf) are up-to-date

