 Image h001-geom-reliability:latest Building 
 Image h001-geom-reliability:latest Building 
#1 [internal] load local bake definitions
#1 reading from stdin 1.13kB done
#1 DONE 0.0s

#2 [table_builder internal] load build definition from Dockerfile
#2 transferring dockerfile: 335B done
#2 DONE 0.0s

#3 [auth] library/python:pull token for registry-1.docker.io
#3 DONE 0.0s

#4 [table_builder internal] load metadata for docker.io/library/python:3.11.9-slim-bookworm
#4 DONE 0.9s

#5 [qwen_vl_full_source_inference_plan internal] load .dockerignore
#5 transferring context: 2B done
#5 DONE 0.0s

#6 [table_builder internal] load build context
#6 transferring context: 55.30kB done
#6 DONE 0.0s

#7 [table_builder 1/4] FROM docker.io/library/python:3.11.9-slim-bookworm@sha256:8fb099199b9f2d70342674bd9dbccd3ed03a258f26bbd1d556822c6dfc60c317
#7 resolve docker.io/library/python:3.11.9-slim-bookworm@sha256:8fb099199b9f2d70342674bd9dbccd3ed03a258f26bbd1d556822c6dfc60c317 0.0s done
#7 DONE 0.0s

#8 [qwen_vl_full_source_inference_plan 2/4] WORKDIR /workspace
#8 CACHED

#9 [qwen_vl_full_source_inference_plan 3/4] RUN pip install --no-cache-dir numpy==1.26.4 pillow==10.4.0
#9 CACHED

#10 [qwen_vl_full_source_inference_plan 4/4] COPY experiments/H001_geom_reliability/scripts/ /opt/h001/scripts/
#10 DONE 0.1s

#11 [qwen_vl_full_source_inference_plan] exporting to image
#11 exporting layers
#11 exporting layers 0.2s done
#11 exporting manifest sha256:bf7a3fa5dcd5dc536a763385e9a23a08bdcd7e6f77032aa1f3dfa9678a6b8f0b 0.1s done
#11 exporting config sha256:daf124b81a4a5a2c7eb3025cf3396a32970c72db7650f8e19cc3d3eaa4f23fe5
#11 exporting config sha256:daf124b81a4a5a2c7eb3025cf3396a32970c72db7650f8e19cc3d3eaa4f23fe5 0.1s done
#11 exporting attestation manifest sha256:953b3e33a73afdec9f0e1a8cd9bdc186444f57454a791a84b6fa0044383325bf
#11 exporting attestation manifest sha256:953b3e33a73afdec9f0e1a8cd9bdc186444f57454a791a84b6fa0044383325bf 0.1s done
#11 exporting manifest list sha256:61e9933eaec444df832c370833d0b43c76e4f458dbfce2f6468616c93a63e46d 0.1s done
#11 naming to docker.io/library/h001-geom-reliability:latest 0.0s done
#11 unpacking to docker.io/library/h001-geom-reliability:latest 0.1s done
#11 DONE 0.6s

#12 [table_builder] exporting to image
#12 exporting layers 0.2s done
#12 exporting manifest sha256:6929323363fe6db2a99c37c1589dc87f1d7fc136e14d22283d0761a6dff59e57 0.0s done
#12 exporting config sha256:889eedd7bb7c3b29369fbdafb88df418db7675933729f1799664df47172d1db5 0.1s done
#12 exporting attestation manifest sha256:3fa8bce75e6c545485d5dfa47065e56d83ec7634cecbffaea14833292eff3a0a 0.1s done
#12 exporting manifest list sha256:5019ee97815da1be9a63388dba220c6e68506413f8c6994c2af31605c8ea4d45 0.1s done
#12 naming to docker.io/library/h001-geom-reliability:latest done
#12 unpacking to docker.io/library/h001-geom-reliability:latest 0.1s done
#12 DONE 0.6s

#13 [qwen_vl_full_source_inference_plan] resolving provenance for metadata file
#13 DONE 0.0s

#14 [table_builder] resolving provenance for metadata file
#14 DONE 0.0s
 Image h001-geom-reliability:latest Built 
 Image h001-geom-reliability:latest Built 
