#0 building with "default" instance using docker driver

#1 [internal] load build definition from Dockerfile
#1 transferring dockerfile: 335B done
#1 DONE 0.0s

#2 [auth] library/python:pull token for registry-1.docker.io
#2 DONE 0.0s

#3 [internal] load metadata for docker.io/library/python:3.11.9-slim-bookworm
#3 DONE 0.9s

#4 [internal] load .dockerignore
#4 transferring context: 2B done
#4 DONE 0.0s

#5 [internal] load build context
#5 transferring context: 51.63kB done
#5 DONE 0.0s

#6 [1/4] FROM docker.io/library/python:3.11.9-slim-bookworm@sha256:8fb099199b9f2d70342674bd9dbccd3ed03a258f26bbd1d556822c6dfc60c317
#6 resolve docker.io/library/python:3.11.9-slim-bookworm@sha256:8fb099199b9f2d70342674bd9dbccd3ed03a258f26bbd1d556822c6dfc60c317 0.0s done
#6 DONE 0.0s

#7 [2/4] WORKDIR /workspace
#7 CACHED

#8 [3/4] RUN pip install --no-cache-dir numpy==1.26.4 pillow==10.4.0
#8 CACHED

#9 [4/4] COPY experiments/H001_geom_reliability/scripts/ /opt/h001/scripts/
#9 DONE 0.1s

#10 exporting to image
#10 exporting layers 0.1s done
#10 exporting manifest sha256:591a507871f1ba2ebdb37ba8368e8c39e31fd64d42ac55f90bbefb6fd3072bf3 0.0s done
#10 exporting config sha256:22937ff9dbae0f0ee30e0d1e0916e1c2713031968001e943178688f9ca6875c3 0.0s done
#10 exporting attestation manifest sha256:e6ace4513e098f21ac963b1c4c0a2319680cad9b14a30760be746ac159dad94f 0.1s done
#10 exporting manifest list sha256:104aa4a3cd99ab136289a8fba6c8b84a66cee02c92b2de7e27ff8bf5db9a06d8
#10 exporting manifest list sha256:104aa4a3cd99ab136289a8fba6c8b84a66cee02c92b2de7e27ff8bf5db9a06d8 0.0s done
#10 naming to docker.io/library/h001-geom-reliability:latest done
#10 unpacking to docker.io/library/h001-geom-reliability:latest 0.0s done
#10 DONE 0.4s
