Rc files read:
  /etc/LatexMk
Latexmk: This is Latexmk, John Collins, 31 Jan. 2024. Version 4.83.
Latexmk: applying rule 'pdflatex'...
Rule 'pdflatex':  Reasons for rerun
Changed files or newly in use/created:
  sec/6_results.tex
Category 'changed_user':
  sec/6_results.tex

------------
Run number 1 of rule 'pdflatex'
------------
------------
Running 'pdflatex  -interaction=nonstopmode -halt-on-error -recorder  "main.tex"'
------------
This is pdfTeX, Version 3.141592653-2.6-1.40.25 (TeX Live 2023/Debian) (preloaded format=pdflatex)
 restricted \write18 enabled.
entering extended mode
! I can't write on file `main.log'.
(Press Enter to retry, or Control-D to exit; default file extension is `.log')
Please type another transcript file name
! Emergency stop
!  ==> Fatal error occurred, no output PDF file produced!
Latexmk: The expected log file, 'main.log', does exist, but it appears
   to be left over from a previous run: The time at the start of the
   current run was 1779787459.97172, but the log file appears to have been
   created significantly earlier, at 1779784296.48882.
Latexmk: Getting log file 'main.log'
Latexmk: Examining 'main.fls'
Latexmk: Examining 'main.log'
Latexmk: Found input bbl file 'main.bbl'
Latexmk: Found input bbl file 'main.bbl'
Latexmk: Log file says output to 'main.pdf'
print() on closed filehandle $out_handle at /usr/bin/latexmk line 12333.
print() on closed filehandle $out_handle at /usr/bin/latexmk line 12333.
print() on closed filehandle $out_handle at /usr/bin/latexmk line 12333.
print() on closed filehandle $out_handle at /usr/bin/latexmk line 12333.
print() on closed filehandle $out_handle at /usr/bin/latexmk line 12333.
print() on closed filehandle $out_handle at /usr/bin/latexmk line 12333.
print() on closed filehandle $out_handle at /usr/bin/latexmk line 12333.
print() on closed filehandle $out_handle at /usr/bin/latexmk line 12333.
print() on closed filehandle $out_handle at /usr/bin/latexmk line 12333.
print() on closed filehandle $out_handle at /usr/bin/latexmk line 12333.
print() on closed filehandle $out_handle at /usr/bin/latexmk line 12333.
print() on closed filehandle $out_handle at /usr/bin/latexmk line 12333.
print() on closed filehandle $out_handle at /usr/bin/latexmk line 12333.
print() on closed filehandle $out_handle at /usr/bin/latexmk line 12333.
print() on closed filehandle $out_handle at /usr/bin/latexmk line 12333.
print() on closed filehandle $out_handle at /usr/bin/latexmk line 12333.
print() on closed filehandle $out_handle at /usr/bin/latexmk line 12333.
print() on closed filehandle $out_handle at /usr/bin/latexmk line 12333.
print() on closed filehandle $out_handle at /usr/bin/latexmk line 12333.
print() on closed filehandle $out_handle at /usr/bin/latexmk line 12333.
print() on closed filehandle $out_handle at /usr/bin/latexmk line 12333.
print() on closed filehandle $out_handle at /usr/bin/latexmk line 12333.
print() on closed filehandle $out_handle at /usr/bin/latexmk line 12333.
print() on closed filehandle $out_handle at /usr/bin/latexmk line 12333.
print() on closed filehandle $out_handle at /usr/bin/latexmk line 12333.
print() on closed filehandle $out_handle at /usr/bin/latexmk line 12333.
print() on closed filehandle $out_handle at /usr/bin/latexmk line 12333.
print() on closed filehandle $out_handle at /usr/bin/latexmk line 12333.
print() on closed filehandle $out_handle at /usr/bin/latexmk line 12333.
print() on closed filehandle $out_handle at /usr/bin/latexmk line 12333.
print() on closed filehandle $out_handle at /usr/bin/latexmk line 12333.
print() on closed filehandle $out_handle at /usr/bin/latexmk line 12333.
print() on closed filehandle $out_handle at /usr/bin/latexmk line 12333.
print() on closed filehandle $out_handle at /usr/bin/latexmk line 12333.
print() on closed filehandle $out_handle at /usr/bin/latexmk line 12333.
print() on closed filehandle $out_handle at /usr/bin/latexmk line 12333.
print() on closed filehandle $out_handle at /usr/bin/latexmk line 12333.
print() on closed filehandle $out_handle at /usr/bin/latexmk line 12333.
print() on closed filehandle $out_handle at /usr/bin/latexmk line 12333.
print() on closed filehandle $out_handle at /usr/bin/latexmk line 12333.
print() on closed filehandle $out_handle at /usr/bin/latexmk line 12333.
print() on closed filehandle $out_handle at /usr/bin/latexmk line 12333.
print() on closed filehandle $out_handle at /usr/bin/latexmk line 12333.
print() on closed filehandle $out_handle at /usr/bin/latexmk line 12333.
print() on closed filehandle $out_handle at /usr/bin/latexmk line 12333.
print() on closed filehandle $out_handle at /usr/bin/latexmk line 12333.
print() on closed filehandle $out_handle at /usr/bin/latexmk line 12333.
print() on closed filehandle $out_handle at /usr/bin/latexmk line 12333.
print() on closed filehandle $out_handle at /usr/bin/latexmk line 12333.
print() on closed filehandle $out_handle at /usr/bin/latexmk line 12333.
print() on closed filehandle $out_handle at /usr/bin/latexmk line 12333.
print() on closed filehandle $out_handle at /usr/bin/latexmk line 12333.
print() on closed filehandle $out_handle at /usr/bin/latexmk line 12333.
print() on closed filehandle $out_handle at /usr/bin/latexmk line 12333.
print() on closed filehandle $out_handle at /usr/bin/latexmk line 12333.
print() on closed filehandle $out_handle at /usr/bin/latexmk line 12333.
print() on closed filehandle $out_handle at /usr/bin/latexmk line 12333.
print() on closed filehandle $out_handle at /usr/bin/latexmk line 12333.
print() on closed filehandle $out_handle at /usr/bin/latexmk line 12333.
print() on closed filehandle $out_handle at /usr/bin/latexmk line 12333.
print() on closed filehandle $out_handle at /usr/bin/latexmk line 12333.
print() on closed filehandle $out_handle at /usr/bin/latexmk line 12333.
print() on closed filehandle $out_handle at /usr/bin/latexmk line 12333.
print() on closed filehandle $out_handle at /usr/bin/latexmk line 12333.
print() on closed filehandle $out_handle at /usr/bin/latexmk line 12333.
print() on closed filehandle $out_handle at /usr/bin/latexmk line 12333.
print() on closed filehandle $out_handle at /usr/bin/latexmk line 12333.
print() on closed filehandle $out_handle at /usr/bin/latexmk line 12333.
print() on closed filehandle $out_handle at /usr/bin/latexmk line 12333.
print() on closed filehandle $out_handle at /usr/bin/latexmk line 12333.
print() on closed filehandle $out_handle at /usr/bin/latexmk line 12333.
print() on closed filehandle $out_handle at /usr/bin/latexmk line 12333.
print() on closed filehandle $out_handle at /usr/bin/latexmk line 12333.
print() on closed filehandle $out_handle at /usr/bin/latexmk line 12333.
print() on closed filehandle $out_handle at /usr/bin/latexmk line 12333.
print() on closed filehandle $out_handle at /usr/bin/latexmk line 12333.
print() on closed filehandle $out_handle at /usr/bin/latexmk line 12333.
print() on closed filehandle $out_handle at /usr/bin/latexmk line 12333.
print() on closed filehandle $out_handle at /usr/bin/latexmk line 12333.
print() on closed filehandle $out_handle at /usr/bin/latexmk line 12333.
----------------------
This message may duplicate earlier message.
Latexmk: Failure in processing file 'main.tex':
   *LaTeX didn't generate the expected log file 'main.log'
----------------------
Latexmk: Sometimes, the -f option can be used to get latexmk
  to try to force complete processing.
  But normally, you will need to correct the file(s) that caused the
  error, and then rerun latexmk.
  In some cases, it is best to clean out generated files before rerunning
  latexmk after you've corrected the files.
Latexmk: Found bibliography file(s):
  ../references.bib
Latexmk: Errors, so I did not complete making targets
Collected error summary (may duplicate other messages):
  pdflatex: Run of rule 'pdflatex' gave a non-zero error code

