#0 building with "default" instance using docker driver

#1 [internal] load build definition from Dockerfile
#1 transferring dockerfile: 335B done
#1 DONE 0.0s

#2 [internal] load metadata for docker.io/library/python:3.11.9-slim-bookworm
#2 ...

#3 [auth] library/python:pull token for registry-1.docker.io
#3 DONE 0.0s

#2 [internal] load metadata for docker.io/library/python:3.11.9-slim-bookworm
#2 DONE 1.1s

#4 [internal] load .dockerignore
#4 transferring context: 2B done
#4 DONE 0.0s

#5 [internal] load build context
#5 transferring context: 51.48kB done
#5 DONE 0.0s

#6 [1/4] FROM docker.io/library/python:3.11.9-slim-bookworm@sha256:8fb099199b9f2d70342674bd9dbccd3ed03a258f26bbd1d556822c6dfc60c317
#6 resolve docker.io/library/python:3.11.9-slim-bookworm@sha256:8fb099199b9f2d70342674bd9dbccd3ed03a258f26bbd1d556822c6dfc60c317 0.0s done
#6 DONE 0.0s

#7 [2/4] WORKDIR /workspace
#7 CACHED

#8 [3/4] RUN pip install --no-cache-dir numpy==1.26.4 pillow==10.4.0
#8 CACHED

#9 [4/4] COPY experiments/H001_geom_reliability/scripts/ /opt/h001/scripts/
#9 DONE 0.1s

#10 exporting to image
#10 exporting layers 0.1s done
#10 exporting manifest sha256:aececade780fdb3cbfe21a7943b86de176d66b9d0ad6f58d7b6f33f64ace42ad
#10 exporting manifest sha256:aececade780fdb3cbfe21a7943b86de176d66b9d0ad6f58d7b6f33f64ace42ad 0.0s done
#10 exporting config sha256:99ff191c6bbb6c4705fa40a04a1d19ef9005cea1474b0018734c03dae324428e 0.0s done
#10 exporting attestation manifest sha256:2b4063523bdf888e8ced95fd3785c8995b2889611bbd50900fb04f9e4d6243ab 0.1s done
#10 exporting manifest list sha256:f009a9a61f8298033ea66d8729f366d2c15aeb6cdf9d059c484c1cbfb5af93d3
#10 exporting manifest list sha256:f009a9a61f8298033ea66d8729f366d2c15aeb6cdf9d059c484c1cbfb5af93d3 0.0s done
#10 naming to docker.io/library/h001-geom-reliability:latest done
#10 unpacking to docker.io/library/h001-geom-reliability:latest 0.0s done
#10 DONE 0.4s
