#0 building with "default" instance using docker driver

#1 [internal] load build definition from Dockerfile
#1 transferring dockerfile: 335B done
#1 DONE 0.0s

#2 [internal] load metadata for docker.io/library/python:3.11.9-slim-bookworm
#2 DONE 0.7s

#3 [internal] load .dockerignore
#3 transferring context: 2B done
#3 DONE 0.0s

#4 [internal] load build context
#4 transferring context: 42.00kB done
#4 DONE 0.0s

#5 [1/4] FROM docker.io/library/python:3.11.9-slim-bookworm@sha256:8fb099199b9f2d70342674bd9dbccd3ed03a258f26bbd1d556822c6dfc60c317
#5 resolve docker.io/library/python:3.11.9-slim-bookworm@sha256:8fb099199b9f2d70342674bd9dbccd3ed03a258f26bbd1d556822c6dfc60c317 0.0s done
#5 DONE 0.0s

#6 [2/4] WORKDIR /workspace
#6 CACHED

#7 [3/4] RUN pip install --no-cache-dir numpy==1.26.4 pillow==10.4.0
#7 CACHED

#8 [4/4] COPY experiments/H001_geom_reliability/scripts/ /opt/h001/scripts/
#8 DONE 0.1s

#9 exporting to image
#9 exporting layers
#9 exporting layers 0.2s done
#9 exporting manifest sha256:6be089c8992a9d2d506ec47d249a23386c978c9d3750a7f4fd90545b6956f131 0.0s done
#9 exporting config sha256:76283094721779d54e959815a09dea4762a40065fd05d7918eaedfbe6f7264e6 0.0s done
#9 exporting attestation manifest sha256:974d8e5b7dcb49dacfbdb94c696655a488e99eceddde967b70f0284bac8dc475 0.1s done
#9 exporting manifest list sha256:15d63ece0b3b65b2bbe38290ee9d53faaa875d5bb646383f2cc610560cbda7a3 0.0s done
#9 naming to docker.io/library/h001-geom-reliability:latest done
#9 unpacking to docker.io/library/h001-geom-reliability:latest 0.1s done
#9 DONE 0.5s
