#0 building with "default" instance using docker driver

#1 [internal] load build definition from Dockerfile
#1 transferring dockerfile: 335B done
#1 DONE 0.0s

#2 [internal] load metadata for docker.io/library/python:3.11.9-slim-bookworm
#2 ...

#3 [auth] library/python:pull token for registry-1.docker.io
#3 DONE 0.0s

#2 [internal] load metadata for docker.io/library/python:3.11.9-slim-bookworm
#2 DONE 1.1s

#4 [internal] load .dockerignore
#4 transferring context: 2B done
#4 DONE 0.0s

#5 [internal] load build context
#5 transferring context: 84.81kB done
#5 DONE 0.0s

#6 [1/4] FROM docker.io/library/python:3.11.9-slim-bookworm@sha256:8fb099199b9f2d70342674bd9dbccd3ed03a258f26bbd1d556822c6dfc60c317
#6 resolve docker.io/library/python:3.11.9-slim-bookworm@sha256:8fb099199b9f2d70342674bd9dbccd3ed03a258f26bbd1d556822c6dfc60c317 0.0s done
#6 DONE 0.0s

#7 [2/4] WORKDIR /workspace
#7 CACHED

#8 [3/4] RUN pip install --no-cache-dir numpy==1.26.4 pillow==10.4.0
#8 CACHED

#9 [4/4] COPY experiments/H001_geom_reliability/scripts/ /opt/h001/scripts/
#9 DONE 0.1s

#10 exporting to image
#10 exporting layers
#10 exporting layers 0.2s done
#10 exporting manifest sha256:9c9f1bb954ea14f7496663b63506358563acee0ab75aa9d861b2c24085434b53 0.0s done
#10 exporting config sha256:b6bc8bacf6e14ef1c630db05899ffff50b795c8c19802e5989c9b5609ebebe19 0.0s done
#10 exporting attestation manifest sha256:a303246f32e2b146294f3b820aa9f17de368f8edc45d182b1e1e40f06c244a6f 0.1s done
#10 exporting manifest list sha256:6aa1bdf9613c4befc48c2eba0be8fc74d67c0d371166c6c5e5c5a44e1f6e93f1
#10 exporting manifest list sha256:6aa1bdf9613c4befc48c2eba0be8fc74d67c0d371166c6c5e5c5a44e1f6e93f1 0.0s done
#10 naming to docker.io/library/h001-geom-reliability:latest done
#10 unpacking to docker.io/library/h001-geom-reliability:latest 0.1s done
#10 DONE 0.4s
