Rc files read:
  /etc/LatexMk
Latexmk: This is Latexmk, John Collins, 31 Jan. 2024. Version 4.83.
No existing .aux file, so I'll make a simple one, and require run of *latex.
Latexmk: applying rule 'pdflatex'...
Rule 'pdflatex':  Reasons for rerun
Category 'other':
  Rerun of 'pdflatex' forced or previously required:
    Reason or flag: 'Initial setup'

------------
Run number 1 of rule 'pdflatex'
------------
------------
Running 'pdflatex  -interaction=nonstopmode -halt-on-error -recorder  "main.tex"'
------------
This is pdfTeX, Version 3.141592653-2.6-1.40.25 (TeX Live 2023/Debian) (preloaded format=pdflatex)
 restricted \write18 enabled.
entering extended mode
(./main.tex
LaTeX2e <2023-11-01> patch level 1
L3 programming layer <2024-01-22>
(/usr/share/texlive/texmf-dist/tex/latex/base/article.cls
Document Class: article 2023/05/17 v1.4n Standard LaTeX document class
(/usr/share/texlive/texmf-dist/tex/latex/base/size10.clo)) (./aaai2027.sty
Conference Style for AAAI for LaTeX 2e
(/usr/share/texlive/texmf-dist/tex/generic/iftex/iftex.sty)
(/usr/share/texlive/texmf-dist/tex/latex/base/fontenc.sty)
(/usr/share/texlive/texmf-dist/tex/latex/newtx/newtxtext.sty
`newtxtext' v1.737, 2024/01/11 Text macros taking advantage of TeXGyre Termes a
nd its extensions (msharpe)
(/usr/share/texlive/texmf-dist/tex/latex/xpatch/xpatch.sty
(/usr/share/texlive/texmf-dist/tex/latex/l3kernel/expl3.sty
(/usr/share/texlive/texmf-dist/tex/latex/l3backend/l3backend-pdftex.def))
(/usr/share/texlive/texmf-dist/tex/latex/l3packages/xparse/xparse.sty)
(/usr/share/texlive/texmf-dist/tex/latex/etoolbox/etoolbox.sty))
(/usr/share/texlive/texmf-dist/tex/latex/xcolor/xcolor.sty
(/usr/share/texlive/texmf-dist/tex/latex/graphics-cfg/color.cfg)
(/usr/share/texlive/texmf-dist/tex/latex/graphics-def/pdftex.def)
(/usr/share/texlive/texmf-dist/tex/latex/graphics/mathcolor.ltx))
(/usr/share/texlive/texmf-dist/tex/latex/xkeyval/xkeyval.sty
(/usr/share/texlive/texmf-dist/tex/generic/xkeyval/xkeyval.tex
(/usr/share/texlive/texmf-dist/tex/generic/xkeyval/xkvutils.tex
(/usr/share/texlive/texmf-dist/tex/generic/xkeyval/keyval.tex))))
(/usr/share/texlive/texmf-dist/tex/latex/base/textcomp.sty)
(/usr/share/texlive/texmf-dist/tex/generic/xstring/xstring.sty
(/usr/share/texlive/texmf-dist/tex/generic/xstring/xstring.tex))
(/usr/share/texlive/texmf-dist/tex/latex/base/ifthen.sty)
(/usr/share/texlive/texmf-dist/tex/latex/carlisle/scalefnt.sty)
(/usr/share/texlive/texmf-dist/tex/generic/kastrup/binhex.tex)
(/usr/share/texlive/texmf-dist/tex/latex/fontaxes/fontaxes.sty))
(/usr/share/texlive/texmf-dist/tex/latex/psnfss/helvet.sty)
(/usr/share/texlive/texmf-dist/tex/latex/psnfss/courier.sty)
(/usr/share/texlive/texmf-dist/tex/latex/placeins/placeins.sty))
(/usr/share/texlive/texmf-dist/tex/latex/url/url.sty)
(/usr/share/texlive/texmf-dist/tex/latex/graphics/graphicx.sty
(/usr/share/texlive/texmf-dist/tex/latex/graphics/graphics.sty
(/usr/share/texlive/texmf-dist/tex/latex/graphics/trig.sty)
(/usr/share/texlive/texmf-dist/tex/latex/graphics-cfg/graphics.cfg)))
(/usr/share/texlive/texmf-dist/tex/latex/natbib/natbib.sty)
(/usr/share/texlive/texmf-dist/tex/latex/caption/caption.sty
(/usr/share/texlive/texmf-dist/tex/latex/caption/caption3.sty))
(/usr/share/texlive/texmf-dist/tex/latex/amsmath/amsmath.sty
For additional information on amsmath, use the `?' option.
(/usr/share/texlive/texmf-dist/tex/latex/amsmath/amstext.sty
(/usr/share/texlive/texmf-dist/tex/latex/amsmath/amsgen.sty))
(/usr/share/texlive/texmf-dist/tex/latex/amsmath/amsbsy.sty)
(/usr/share/texlive/texmf-dist/tex/latex/amsmath/amsopn.sty))
(/usr/share/texlive/texmf-dist/tex/latex/amsfonts/amssymb.sty
(/usr/share/texlive/texmf-dist/tex/latex/amsfonts/amsfonts.sty))
(/usr/share/texlive/texmf-dist/tex/latex/booktabs/booktabs.sty)
(/usr/share/texlive/texmf-dist/tex/latex/multirow/multirow.sty)
(/usr/share/texlive/texmf-dist/tex/latex/tools/tabularx.sty
(/usr/share/texlive/texmf-dist/tex/latex/tools/array.sty))
(/usr/share/texlive/texmf-dist/tex/latex/newtx/t1ntxtlf.fd) (./main.aux)
(/usr/share/texlive/texmf-dist/tex/context/base/mkii/supp-pdf.mkii
[Loading MPS to PDF converter (version 2006.09.02).]
) (/usr/share/texlive/texmf-dist/tex/latex/epstopdf-pkg/epstopdf-base.sty
(/usr/share/texlive/texmf-dist/tex/latex/latexconfig/epstopdf-sys.cfg))
(/usr/share/texlive/texmf-dist/tex/latex/amsfonts/umsa.fd)
(/usr/share/texlive/texmf-dist/tex/latex/amsfonts/umsb.fd)

Package natbib Warning: Citation `wald2020learning3dssg' on page 1 undefined on
 input line 91.


Package natbib Warning: Citation `sarkar2023sgaligner' on page 1 undefined on i
nput line 91.


Package natbib Warning: Citation `xie2024sgpgm' on page 1 undefined on input li
ne 91.


Package natbib Warning: Citation `liu2026viewongraph' on page 1 undefined on in
put line 91.

(/usr/share/texlive/texmf-dist/tex/latex/psnfss/t1pcr.fd)

Package natbib Warning: Citation `koch2024open3dsg' on page 1 undefined on inpu
t line 103.


Package natbib Warning: Citation `hou2025fross' on page 1 undefined on input li
ne 103.


Package natbib Warning: Citation `zhang2025openfungraph' on page 1 undefined on
 input line 103.


Package natbib Warning: Citation `wang2025octreegraph' on page 1 undefined on i
nput line 103.


Package natbib Warning: Citation `saxena2025zing3d' on page 1 undefined on inpu
t line 103.


Package natbib Warning: Citation `yu2025openworld3dsg' on page 1 undefined on i
nput line 103.


Package natbib Warning: Citation `madhavaram2026vizor' on page 1 undefined on i
nput line 103.


Package natbib Warning: Citation `zhang2021sggpoint' on page 1 undefined on inp
ut line 108.


Package natbib Warning: Citation `feng2023smka' on page 1 undefined on input li
ne 108.


Package natbib Warning: Citation `wang2023vlsat' on page 1 undefined on input l
ine 108.


Package natbib Warning: Citation `koch2024sgrec3d' on page 1 undefined on input
 line 108.


Package natbib Warning: Citation `chen2024ccl3dsgg' on page 1 undefined on inpu
t line 108.


LaTeX Warning: Reference `fig:framework' on page 1 undefined on input line 125.



Package natbib Warning: Citation `wang2023vlsat' on page 1 undefined on input l
ine 135.


Package natbib Warning: Citation `koch2024open3dsg' on page 1 undefined on inpu
t line 135.

[1{/var/lib/texmf/fonts/map/pdftex/updmap/pdftex.map}{/usr/share/texlive/texmf-
dist/fonts/enc/dvips/newtx/ntx-ec-tlf.enc}{/usr/share/texlive/texmf-dist/fonts/
enc/dvips/base/8r.enc}]

Package natbib Warning: Citation `wald2020learning3dssg' on page 2 undefined on
 input line 173.


Package natbib Warning: Citation `zhang2021sggpoint' on page 2 undefined on inp
ut line 176.


Package natbib Warning: Citation `feng2023smka' on page 2 undefined on input li
ne 176.


Package natbib Warning: Citation `wang2023vlsat' on page 2 undefined on input l
ine 176.


Package natbib Warning: Citation `koch2024sgrec3d' on page 2 undefined on input
 line 176.


Package natbib Warning: Citation `koch2024open3dsg' on page 2 undefined on inpu
t line 184.


Package natbib Warning: Citation `chen2024ccl3dsgg' on page 2 undefined on inpu
t line 184.


Package natbib Warning: Citation `hou2025fross' on page 2 undefined on input li
ne 184.


Package natbib Warning: Citation `zhang2025openfungraph' on page 2 undefined on
 input line 184.


Package natbib Warning: Citation `wang2025octreegraph' on page 2 undefined on i
nput line 184.


Package natbib Warning: Citation `saxena2025zing3d' on page 2 undefined on inpu
t line 191.


Package natbib Warning: Citation `madhavaram2026vizor' on page 2 undefined on i
nput line 191.


Package natbib Warning: Citation `yu2025openworld3dsg' on page 2 undefined on i
nput line 191.


Package natbib Warning: Citation `zhang2021sggpoint' on page 2 undefined on inp
ut line 200.


Package natbib Warning: Citation `feng2023smka' on page 2 undefined on input li
ne 200.


Package natbib Warning: Citation `huang2025fireplace' on page 2 undefined on in
put line 200.


Package natbib Warning: Citation `shao2025great' on page 2 undefined on input l
ine 200.


Package natbib Warning: Citation `xie2024sgpgm' on page 2 undefined on input li
ne 200.


Package natbib Warning: Citation `sarkar2023sgaligner' on page 2 undefined on i
nput line 204.


Package natbib Warning: Citation `xie2024sgpgm' on page 2 undefined on input li
ne 204.


Underfull \hbox (badness 3557) in paragraph at lines 197--205
 \T1/ntxtlf/b/n/10 Geometry-aware re-la-tion rea-son-ing and semantic-

Package natbib Warning: Citation `nguyen2026relwitness' on page 2 undefined on 
input line 208.

[2]

LaTeX Warning: Reference `fig:framework' on page 3 undefined on input line 290.



Underfull \hbox (badness 1057) in paragraph at lines 299--304
\T1/ntxtlf/m/n/10 This row is the unit of com-par-i-son across VL-SAT,

Underfull \hbox (badness 10000) in paragraph at lines 316--331
\T1/ntxtlf/m/n/10 H001 uses relation-family-specific checks

Underfull \hbox (badness 10000) in paragraph at lines 316--331
\T1/ntxtlf/m/n/10 for \T1/pcr/m/n/10 support_contact\T1/ntxtlf/m/n/10 , \T1/pcr
/m/n/10 proximity\T1/ntxtlf/m/n/10 , and

Underfull \hbox (badness 1394) in paragraph at lines 316--331
\T1/pcr/m/n/10 relative_vertical\T1/ntxtlf/m/n/10 . For sup-port/contact, the e
v-i-

Underfull \hbox (badness 10000) in paragraph at lines 349--357
[]\T1/ntxtlf/m/n/10 We re-port four main op-er-at-ing points.

Underfull \hbox (badness 10000) in paragraph at lines 349--357
\T1/pcr/m/n/10 semantic_only \T1/ntxtlf/m/n/10 ranks by the source se-man-tic

Underfull \hbox (badness 1509) in paragraph at lines 349--357
\T1/ntxtlf/m/n/10 score and serves as the re-pro-duced source base-line.

Underfull \hbox (badness 10000) in paragraph at lines 349--357
\T1/pcr/m/n/10 rule_verified_point_subtype \T1/ntxtlf/m/n/10 re-moves hard

Underfull \hbox (badness 10000) in paragraph at lines 349--357
\T1/ntxtlf/m/n/10 di-ag-nos-tic. \T1/pcr/m/n/10 family_specific_p_geom_valid

LaTeX Warning: Reference `tab:scope' on page 3 undefined on input line 380.


LaTeX Warning: Reference `tab:source-results' on page 3 undefined on input line
 381.

[3]

LaTeX Warning: Reference `tab:claim-boundary' on page 4 undefined on input line
 422.


Underfull \hbox (badness 4266) in paragraph at lines 445--445
\T1/ntxtlf/m/n/9 source re-li-a-bil-ity case study

Underfull \hbox (badness 10000) in paragraph at lines 445--445
\T1/ntxtlf/m/n/9 scoped geometry-consistency

Underfull \hbox (badness 10000) in paragraph at lines 445--445
[]|\T1/ntxtlf/m/n/9 Optional mod-ern semantic-

Underfull \hbox (badness 10000) in paragraph at lines 445--445
[]|\T1/ntxtlf/m/n/9 Requires broader mea-sured

Underfull \hbox (badness 10000) in paragraph at lines 448--451
[]\T1/ntxtlf/m/n/10 All paper-body ex-per-i-ment re-sults

Underfull \hbox (badness 10000) in paragraph at lines 448--451
\T1/ntxtlf/m/n/10 are gen-er-ated through Docker un-der

Underfull \hbox (badness 7203) in paragraph at lines 448--451
\T1/pcr/m/n/10 experiments/H001_geom_reliability/\T1/ntxtlf/m/n/10 . Host-

LaTeX Warning: Reference `tab:source-results' on page 4 undefined on input line
 505.


Underfull \hbox (badness 10000) in paragraph at lines 505--511
\T1/pcr/m/n/10 semantic_only \T1/ntxtlf/m/n/10 has R@50/R@100=0.4096/0.5161

Underfull \hbox (badness 10000) in paragraph at lines 505--511
\T1/ntxtlf/m/n/10 and Vi-o-la-tion@50/Violation@100=0.1386/0.1242.

Underfull \hbox (badness 10000) in paragraph at lines 512--517
[]\T1/ntxtlf/m/n/10 VL-SAT pro-vides the con-trolled an-chor:

Underfull \hbox (badness 10000) in paragraph at lines 512--517
\T1/pcr/m/n/10 probabilistic \T1/ntxtlf/m/n/10 im-proves R@50/R@100 from

Underfull \hbox (badness 3657) in paragraph at lines 512--517
\T1/ntxtlf/m/n/10 0.9272/0.9635 to 0.9305/0.9688 and re-duces Vi-o-la-

Underfull \hbox (badness 2884) in paragraph at lines 518--526
[]\T1/ntxtlf/m/n/10 A Docker sub-graph boot-strap with 1,000 re-sam-

Underfull \hbox (badness 2150) in paragraph at lines 518--526
\T1/ntxtlf/m/n/10 ples gives the Open3DSG \T1/pcr/m/n/10 family_specific \T1/nt
xtlf/m/n/10 op-

Underfull \hbox (badness 3158) in paragraph at lines 518--526
\T1/ntxtlf/m/n/10 er-at-ing point a R@100 delta of +8.86 per-cent-age

Underfull \hbox (badness 1642) in paragraph at lines 518--526
\T1/ntxtlf/m/n/10 points (95% CI +6.69,+10.96) and a Vi-o-la-tion@100

Underfull \hbox (badness 1810) in paragraph at lines 527--535
\T1/ntxtlf/m/n/10 geometry-only reaches only R@100=0.5184 with Vi-

Underfull \hbox (badness 10000) in paragraph at lines 527--535
\T1/ntxtlf/m/n/10 o-la-tion@100=0.0711, distance-only reaches 0.5554

Underfull \hbox (badness 4416) in paragraph at lines 527--535
\T1/ntxtlf/m/n/10 with 0.0981, and shuffled/wrong-pair ge-om-e-try de-

Underfull \hbox (badness 1082) in paragraph at lines 527--535
\T1/ntxtlf/m/n/10 grades vi-o-la-tions to 0.0588/0.0601. Open3DSG shows

Underfull \hbox (badness 1577) in paragraph at lines 527--535
\T1/ntxtlf/m/n/10 the same pat-tern: distance-only gives R@100=0.5038

Underfull \hbox (badness 10000) in paragraph at lines 527--535
\T1/ntxtlf/m/n/10 and Vi-o-la-tion@100=0.1071, geometry-only gives

Underfull \hbox (badness 10000) in paragraph at lines 527--535
\T1/ntxtlf/m/n/10 0.5116 and 0.0865, and shuffled/wrong-pair con-

Underfull \hbox (badness 10000) in paragraph at lines 527--535
\T1/ntxtlf/m/n/10 trols fall to R@100=0.2543/0.2331 with Vi-o-la-

Underfull \hbox (badness 3271) in paragraph at lines 527--535
\T1/ntxtlf/m/n/10 tion@100=0.1998/0.1985. Thus H001 is not merely

LaTeX Warning: Reference `tab:source-results' on page 4 undefined on input line
 554.


Underfull \hbox (badness 10000) in paragraph at lines 570--570
[]\T1/ntxtlf/m/n/10 Figure 3: |\T1/ntxtlf/b/n/10 Geometry-backed qual-i-ta-tive
 fail-ures.

LaTeX Warning: Reference `fig:failures' on page 4 undefined on input line 577.

[4]
Underfull \vbox (badness 10000) has occurred while \output is active [5]
[6 <./figures/figure1_framework.png (PNG copy)>]
No file main.bbl.

Underfull \hbox (badness 2334) in paragraph at lines 725--727
[]\T1/ntxtlf/m/n/10 Does this pa-per make the-o-ret-i-cal con-tri-bu-tions?

Underfull \hbox (badness 10000) in paragraph at lines 737--739
[]\T1/ntxtlf/m/n/10 Proofs of all novel claims are in-cluded

Underfull \hbox (badness 3199) in paragraph at lines 764--767
[]\T1/ntxtlf/m/n/10 A mo-ti-va-tion is given for why the ex-per-i-

Underfull \hbox (badness 1735) in paragraph at lines 764--767
\T1/ntxtlf/m/n/10 ments are con-ducted on the se-lected datasets
[7 <./figures/figure2_tradeoff.png (PNG copy)> <./figures/figure3_geometry_pane
ls.png (PNG copy)>]
Underfull \hbox (badness 1082) in paragraph at lines 822--826
\T1/ntxtlf/m/n/10 method used for set-ting seeds is de-scribed in

Underfull \hbox (badness 1043) in paragraph at lines 827--835
\T1/ntxtlf/m/n/10 ware), in-clud-ing GPU/CPU mod-els; amount of

Underfull \hbox (badness 2229) in paragraph at lines 827--835
\T1/ntxtlf/m/n/10 of rel-e-vant soft-ware li-braries and frame-works

Underfull \hbox (badness 1377) in paragraph at lines 827--835
\T1/ntxtlf/m/n/10 (yes/partial/no) []yes. The Docker run-books and

Underfull \hbox (badness 3525) in paragraph at lines 827--835
\T1/ntxtlf/m/n/10 hard-ware/software man-i-fest records im-age ids

Underfull \hbox (badness 10000) in paragraph at lines 827--835
\T1/ntxtlf/m/n/10 for \T1/pcr/m/n/10 h001-geom-reliability:latest\T1/ntxtlf/m/n
/10 ,

Underfull \hbox (badness 10000) in paragraph at lines 827--835
\T1/pcr/m/n/10 h001-open3dsg-repro:cu128\T1/ntxtlf/m/n/10 , and

Underfull \hbox (badness 2990) in paragraph at lines 845--849
[]\T1/ntxtlf/m/n/10 Analysis of ex-per-i-ments goes be-yond single-

Underfull \vbox (badness 10000) has occurred while \output is active [8]

Package natbib Warning: There were undefined citations.

[9] (./main.aux)

LaTeX Warning: There were undefined references.


LaTeX Warning: Label(s) may have changed. Rerun to get cross-references right.

 )
(see the transcript file for additional information)</usr/share/texlive/texmf-d
ist/fonts/type1/public/amsfonts/cm/cmmi10.pfb></usr/share/texlive/texmf-dist/fo
nts/type1/public/amsfonts/cm/cmmi7.pfb></usr/share/texlive/texmf-dist/fonts/typ
e1/public/amsfonts/cm/cmmi9.pfb></usr/share/texlive/texmf-dist/fonts/type1/publ
ic/amsfonts/cm/cmr10.pfb></usr/share/texlive/texmf-dist/fonts/type1/public/amsf
onts/cm/cmr6.pfb></usr/share/texlive/texmf-dist/fonts/type1/public/amsfonts/cm/
cmr7.pfb></usr/share/texlive/texmf-dist/fonts/type1/public/amsfonts/cm/cmsy10.p
fb></usr/share/texlive/texmf-dist/fonts/type1/urw/courier/ucrr8a.pfb></usr/shar
e/texlive/texmf-dist/fonts/type1/public/newtx/ztmb.pfb></usr/share/texlive/texm
f-dist/fonts/type1/public/newtx/ztmr.pfb>
Output written on main.pdf (9 pages, 501696 bytes).
Transcript written on main.log.
Latexmk: Missing bbl file 'main.bbl' in following:
 No file main.bbl.
Latexmk: Getting log file 'main.log'
Latexmk: Examining 'main.fls'
Latexmk: Examining 'main.log'
Latexmk: References changed.
Latexmk: Log file says output to 'main.pdf'
Latexmk: Found bibliography file(s):
  ./references.bib
Latexmk: applying rule 'bibtex main'...
Rule 'bibtex main':  Reasons for rerun
Category 'other':
  Rerun of 'bibtex main' forced or previously required:
    Reason or flag: 'Initial set up of rule'

------------
Run number 1 of rule 'bibtex main'
------------
------------
Running 'bibtex  "main.aux"'
------------
This is BibTeX, Version 0.99d (TeX Live 2023/Debian)
The top-level auxiliary file: main.aux
The style file: aaai2027.bst
Database file #1: references.bib
Warning--can't use both volume and number fields in liu2026viewongraph
(There was 1 warning)
Latexmk: applying rule 'pdflatex'...
Rule 'pdflatex':  Reasons for rerun
Changed files or newly in use/created:
  main.aux
  main.bbl

------------
Run number 2 of rule 'pdflatex'
------------
------------
Running 'pdflatex  -interaction=nonstopmode -halt-on-error -recorder  "main.tex"'
------------
This is pdfTeX, Version 3.141592653-2.6-1.40.25 (TeX Live 2023/Debian) (preloaded format=pdflatex)
 restricted \write18 enabled.
entering extended mode
(./main.tex
LaTeX2e <2023-11-01> patch level 1
L3 programming layer <2024-01-22>
(/usr/share/texlive/texmf-dist/tex/latex/base/article.cls
Document Class: article 2023/05/17 v1.4n Standard LaTeX document class
(/usr/share/texlive/texmf-dist/tex/latex/base/size10.clo)) (./aaai2027.sty
Conference Style for AAAI for LaTeX 2e
(/usr/share/texlive/texmf-dist/tex/generic/iftex/iftex.sty)
(/usr/share/texlive/texmf-dist/tex/latex/base/fontenc.sty)
(/usr/share/texlive/texmf-dist/tex/latex/newtx/newtxtext.sty
`newtxtext' v1.737, 2024/01/11 Text macros taking advantage of TeXGyre Termes a
nd its extensions (msharpe)
(/usr/share/texlive/texmf-dist/tex/latex/xpatch/xpatch.sty
(/usr/share/texlive/texmf-dist/tex/latex/l3kernel/expl3.sty
(/usr/share/texlive/texmf-dist/tex/latex/l3backend/l3backend-pdftex.def))
(/usr/share/texlive/texmf-dist/tex/latex/l3packages/xparse/xparse.sty)
(/usr/share/texlive/texmf-dist/tex/latex/etoolbox/etoolbox.sty))
(/usr/share/texlive/texmf-dist/tex/latex/xcolor/xcolor.sty
(/usr/share/texlive/texmf-dist/tex/latex/graphics-cfg/color.cfg)
(/usr/share/texlive/texmf-dist/tex/latex/graphics-def/pdftex.def)
(/usr/share/texlive/texmf-dist/tex/latex/graphics/mathcolor.ltx))
(/usr/share/texlive/texmf-dist/tex/latex/xkeyval/xkeyval.sty
(/usr/share/texlive/texmf-dist/tex/generic/xkeyval/xkeyval.tex
(/usr/share/texlive/texmf-dist/tex/generic/xkeyval/xkvutils.tex
(/usr/share/texlive/texmf-dist/tex/generic/xkeyval/keyval.tex))))
(/usr/share/texlive/texmf-dist/tex/latex/base/textcomp.sty)
(/usr/share/texlive/texmf-dist/tex/generic/xstring/xstring.sty
(/usr/share/texlive/texmf-dist/tex/generic/xstring/xstring.tex))
(/usr/share/texlive/texmf-dist/tex/latex/base/ifthen.sty)
(/usr/share/texlive/texmf-dist/tex/latex/carlisle/scalefnt.sty)
(/usr/share/texlive/texmf-dist/tex/generic/kastrup/binhex.tex)
(/usr/share/texlive/texmf-dist/tex/latex/fontaxes/fontaxes.sty))
(/usr/share/texlive/texmf-dist/tex/latex/psnfss/helvet.sty)
(/usr/share/texlive/texmf-dist/tex/latex/psnfss/courier.sty)
(/usr/share/texlive/texmf-dist/tex/latex/placeins/placeins.sty))
(/usr/share/texlive/texmf-dist/tex/latex/url/url.sty)
(/usr/share/texlive/texmf-dist/tex/latex/graphics/graphicx.sty
(/usr/share/texlive/texmf-dist/tex/latex/graphics/graphics.sty
(/usr/share/texlive/texmf-dist/tex/latex/graphics/trig.sty)
(/usr/share/texlive/texmf-dist/tex/latex/graphics-cfg/graphics.cfg)))
(/usr/share/texlive/texmf-dist/tex/latex/natbib/natbib.sty)
(/usr/share/texlive/texmf-dist/tex/latex/caption/caption.sty
(/usr/share/texlive/texmf-dist/tex/latex/caption/caption3.sty))
(/usr/share/texlive/texmf-dist/tex/latex/amsmath/amsmath.sty
For additional information on amsmath, use the `?' option.
(/usr/share/texlive/texmf-dist/tex/latex/amsmath/amstext.sty
(/usr/share/texlive/texmf-dist/tex/latex/amsmath/amsgen.sty))
(/usr/share/texlive/texmf-dist/tex/latex/amsmath/amsbsy.sty)
(/usr/share/texlive/texmf-dist/tex/latex/amsmath/amsopn.sty))
(/usr/share/texlive/texmf-dist/tex/latex/amsfonts/amssymb.sty
(/usr/share/texlive/texmf-dist/tex/latex/amsfonts/amsfonts.sty))
(/usr/share/texlive/texmf-dist/tex/latex/booktabs/booktabs.sty)
(/usr/share/texlive/texmf-dist/tex/latex/multirow/multirow.sty)
(/usr/share/texlive/texmf-dist/tex/latex/tools/tabularx.sty
(/usr/share/texlive/texmf-dist/tex/latex/tools/array.sty))
(/usr/share/texlive/texmf-dist/tex/latex/newtx/t1ntxtlf.fd) (./main.aux)
(/usr/share/texlive/texmf-dist/tex/context/base/mkii/supp-pdf.mkii
[Loading MPS to PDF converter (version 2006.09.02).]
) (/usr/share/texlive/texmf-dist/tex/latex/epstopdf-pkg/epstopdf-base.sty
(/usr/share/texlive/texmf-dist/tex/latex/latexconfig/epstopdf-sys.cfg))
(/usr/share/texlive/texmf-dist/tex/latex/amsfonts/umsa.fd)
(/usr/share/texlive/texmf-dist/tex/latex/amsfonts/umsb.fd)

Package natbib Warning: Citation `wald2020learning3dssg' on page 1 undefined on
 input line 91.


Package natbib Warning: Citation `sarkar2023sgaligner' on page 1 undefined on i
nput line 91.


Package natbib Warning: Citation `xie2024sgpgm' on page 1 undefined on input li
ne 91.


Package natbib Warning: Citation `liu2026viewongraph' on page 1 undefined on in
put line 91.

(/usr/share/texlive/texmf-dist/tex/latex/psnfss/t1pcr.fd)

Package natbib Warning: Citation `koch2024open3dsg' on page 1 undefined on inpu
t line 103.


Package natbib Warning: Citation `hou2025fross' on page 1 undefined on input li
ne 103.


Package natbib Warning: Citation `zhang2025openfungraph' on page 1 undefined on
 input line 103.


Package natbib Warning: Citation `wang2025octreegraph' on page 1 undefined on i
nput line 103.


Package natbib Warning: Citation `saxena2025zing3d' on page 1 undefined on inpu
t line 103.


Package natbib Warning: Citation `yu2025openworld3dsg' on page 1 undefined on i
nput line 103.


Package natbib Warning: Citation `madhavaram2026vizor' on page 1 undefined on i
nput line 103.


Package natbib Warning: Citation `zhang2021sggpoint' on page 1 undefined on inp
ut line 108.


Package natbib Warning: Citation `feng2023smka' on page 1 undefined on input li
ne 108.


Package natbib Warning: Citation `wang2023vlsat' on page 1 undefined on input l
ine 108.


Package natbib Warning: Citation `koch2024sgrec3d' on page 1 undefined on input
 line 108.


Package natbib Warning: Citation `chen2024ccl3dsgg' on page 1 undefined on inpu
t line 108.


Package natbib Warning: Citation `wang2023vlsat' on page 1 undefined on input l
ine 135.


Package natbib Warning: Citation `koch2024open3dsg' on page 1 undefined on inpu
t line 135.

[1{/var/lib/texmf/fonts/map/pdftex/updmap/pdftex.map}{/usr/share/texlive/texmf-
dist/fonts/enc/dvips/newtx/ntx-ec-tlf.enc}{/usr/share/texlive/texmf-dist/fonts/
enc/dvips/base/8r.enc}]

Package natbib Warning: Citation `wald2020learning3dssg' on page 2 undefined on
 input line 173.


Package natbib Warning: Citation `zhang2021sggpoint' on page 2 undefined on inp
ut line 176.


Package natbib Warning: Citation `feng2023smka' on page 2 undefined on input li
ne 176.


Package natbib Warning: Citation `wang2023vlsat' on page 2 undefined on input l
ine 176.


Package natbib Warning: Citation `koch2024sgrec3d' on page 2 undefined on input
 line 176.


Package natbib Warning: Citation `koch2024open3dsg' on page 2 undefined on inpu
t line 184.


Package natbib Warning: Citation `chen2024ccl3dsgg' on page 2 undefined on inpu
t line 184.


Package natbib Warning: Citation `hou2025fross' on page 2 undefined on input li
ne 184.


Package natbib Warning: Citation `zhang2025openfungraph' on page 2 undefined on
 input line 184.


Package natbib Warning: Citation `wang2025octreegraph' on page 2 undefined on i
nput line 184.


Package natbib Warning: Citation `saxena2025zing3d' on page 2 undefined on inpu
t line 191.


Package natbib Warning: Citation `madhavaram2026vizor' on page 2 undefined on i
nput line 191.


Package natbib Warning: Citation `yu2025openworld3dsg' on page 2 undefined on i
nput line 191.


Package natbib Warning: Citation `zhang2021sggpoint' on page 2 undefined on inp
ut line 200.


Package natbib Warning: Citation `feng2023smka' on page 2 undefined on input li
ne 200.


Package natbib Warning: Citation `huang2025fireplace' on page 2 undefined on in
put line 200.


Package natbib Warning: Citation `shao2025great' on page 2 undefined on input l
ine 200.


Package natbib Warning: Citation `xie2024sgpgm' on page 2 undefined on input li
ne 200.


Package natbib Warning: Citation `sarkar2023sgaligner' on page 2 undefined on i
nput line 204.


Package natbib Warning: Citation `xie2024sgpgm' on page 2 undefined on input li
ne 204.


Underfull \hbox (badness 3557) in paragraph at lines 197--205
 \T1/ntxtlf/b/n/10 Geometry-aware re-la-tion rea-son-ing and semantic-

Package natbib Warning: Citation `nguyen2026relwitness' on page 2 undefined on 
input line 208.

[2]
Underfull \hbox (badness 1057) in paragraph at lines 299--304
\T1/ntxtlf/m/n/10 This row is the unit of com-par-i-son across VL-SAT,

Underfull \hbox (badness 10000) in paragraph at lines 316--331
\T1/ntxtlf/m/n/10 H001 uses relation-family-specific checks

Underfull \hbox (badness 10000) in paragraph at lines 316--331
\T1/ntxtlf/m/n/10 for \T1/pcr/m/n/10 support_contact\T1/ntxtlf/m/n/10 , \T1/pcr
/m/n/10 proximity\T1/ntxtlf/m/n/10 , and

Underfull \hbox (badness 1394) in paragraph at lines 316--331
\T1/pcr/m/n/10 relative_vertical\T1/ntxtlf/m/n/10 . For sup-port/contact, the e
v-i-

Underfull \hbox (badness 10000) in paragraph at lines 349--357
[]\T1/ntxtlf/m/n/10 We re-port four main op-er-at-ing points.

Underfull \hbox (badness 10000) in paragraph at lines 349--357
\T1/pcr/m/n/10 semantic_only \T1/ntxtlf/m/n/10 ranks by the source se-man-tic

Underfull \hbox (badness 1509) in paragraph at lines 349--357
\T1/ntxtlf/m/n/10 score and serves as the re-pro-duced source base-line.

Underfull \hbox (badness 10000) in paragraph at lines 349--357
\T1/pcr/m/n/10 rule_verified_point_subtype \T1/ntxtlf/m/n/10 re-moves hard

Underfull \hbox (badness 10000) in paragraph at lines 349--357
\T1/ntxtlf/m/n/10 di-ag-nos-tic. \T1/pcr/m/n/10 family_specific_p_geom_valid
[3]
Underfull \hbox (badness 4266) in paragraph at lines 445--445
\T1/ntxtlf/m/n/9 source re-li-a-bil-ity case study

Underfull \hbox (badness 10000) in paragraph at lines 445--445
\T1/ntxtlf/m/n/9 scoped geometry-consistency

Underfull \hbox (badness 10000) in paragraph at lines 445--445
[]|\T1/ntxtlf/m/n/9 Optional mod-ern semantic-

Underfull \hbox (badness 10000) in paragraph at lines 445--445
[]|\T1/ntxtlf/m/n/9 Requires broader mea-sured

Underfull \hbox (badness 10000) in paragraph at lines 448--451
[]\T1/ntxtlf/m/n/10 All paper-body ex-per-i-ment re-sults

Underfull \hbox (badness 10000) in paragraph at lines 448--451
\T1/ntxtlf/m/n/10 are gen-er-ated through Docker un-der

Underfull \hbox (badness 7203) in paragraph at lines 448--451
\T1/pcr/m/n/10 experiments/H001_geom_reliability/\T1/ntxtlf/m/n/10 . Host-

Underfull \hbox (badness 10000) in paragraph at lines 505--511
\T1/pcr/m/n/10 semantic_only \T1/ntxtlf/m/n/10 has R@50/R@100=0.4096/0.5161

Underfull \hbox (badness 10000) in paragraph at lines 505--511
\T1/ntxtlf/m/n/10 and Vi-o-la-tion@50/Violation@100=0.1386/0.1242.

Underfull \hbox (badness 10000) in paragraph at lines 512--517
[]\T1/ntxtlf/m/n/10 VL-SAT pro-vides the con-trolled an-chor:

Underfull \hbox (badness 10000) in paragraph at lines 512--517
\T1/pcr/m/n/10 probabilistic \T1/ntxtlf/m/n/10 im-proves R@50/R@100 from

Underfull \hbox (badness 3657) in paragraph at lines 512--517
\T1/ntxtlf/m/n/10 0.9272/0.9635 to 0.9305/0.9688 and re-duces Vi-o-la-

Underfull \hbox (badness 2884) in paragraph at lines 518--526
[]\T1/ntxtlf/m/n/10 A Docker sub-graph boot-strap with 1,000 re-sam-

Underfull \hbox (badness 2150) in paragraph at lines 518--526
\T1/ntxtlf/m/n/10 ples gives the Open3DSG \T1/pcr/m/n/10 family_specific \T1/nt
xtlf/m/n/10 op-

Underfull \hbox (badness 3158) in paragraph at lines 518--526
\T1/ntxtlf/m/n/10 er-at-ing point a R@100 delta of +8.86 per-cent-age

Underfull \hbox (badness 1642) in paragraph at lines 518--526
\T1/ntxtlf/m/n/10 points (95% CI +6.69,+10.96) and a Vi-o-la-tion@100

Underfull \hbox (badness 1810) in paragraph at lines 527--535
\T1/ntxtlf/m/n/10 geometry-only reaches only R@100=0.5184 with Vi-

Underfull \hbox (badness 10000) in paragraph at lines 527--535
\T1/ntxtlf/m/n/10 o-la-tion@100=0.0711, distance-only reaches 0.5554

Underfull \hbox (badness 4416) in paragraph at lines 527--535
\T1/ntxtlf/m/n/10 with 0.0981, and shuffled/wrong-pair ge-om-e-try de-

Underfull \hbox (badness 1082) in paragraph at lines 527--535
\T1/ntxtlf/m/n/10 grades vi-o-la-tions to 0.0588/0.0601. Open3DSG shows

Underfull \hbox (badness 1577) in paragraph at lines 527--535
\T1/ntxtlf/m/n/10 the same pat-tern: distance-only gives R@100=0.5038

Underfull \hbox (badness 10000) in paragraph at lines 527--535
\T1/ntxtlf/m/n/10 and Vi-o-la-tion@100=0.1071, geometry-only gives

Underfull \hbox (badness 10000) in paragraph at lines 527--535
\T1/ntxtlf/m/n/10 0.5116 and 0.0865, and shuffled/wrong-pair con-

Underfull \hbox (badness 10000) in paragraph at lines 527--535
\T1/ntxtlf/m/n/10 trols fall to R@100=0.2543/0.2331 with Vi-o-la-

Underfull \hbox (badness 3271) in paragraph at lines 527--535
\T1/ntxtlf/m/n/10 tion@100=0.1998/0.1985. Thus H001 is not merely

Underfull \hbox (badness 10000) in paragraph at lines 570--570
[]\T1/ntxtlf/m/n/10 Figure 3: |\T1/ntxtlf/b/n/10 Geometry-backed qual-i-ta-tive
 fail-ures.
[4]
Underfull \vbox (badness 10000) has occurred while \output is active [5]
[6 <./figures/figure1_framework.png (PNG copy)>] (./main.bbl [7 <./figures/figu
re2_tradeoff.png (PNG copy)> <./figures/figure3_geometry_panels.png (PNG copy)>
])
Underfull \hbox (badness 2334) in paragraph at lines 725--727
[]\T1/ntxtlf/m/n/10 Does this pa-per make the-o-ret-i-cal con-tri-bu-tions?

Underfull \hbox (badness 10000) in paragraph at lines 737--739
[]\T1/ntxtlf/m/n/10 Proofs of all novel claims are in-cluded

Underfull \hbox (badness 3199) in paragraph at lines 764--767
[]\T1/ntxtlf/m/n/10 A mo-ti-va-tion is given for why the ex-per-i-

Underfull \hbox (badness 1735) in paragraph at lines 764--767
\T1/ntxtlf/m/n/10 ments are con-ducted on the se-lected datasets
[8]
Underfull \hbox (badness 1082) in paragraph at lines 822--826
\T1/ntxtlf/m/n/10 method used for set-ting seeds is de-scribed in

Underfull \hbox (badness 1043) in paragraph at lines 827--835
\T1/ntxtlf/m/n/10 ware), in-clud-ing GPU/CPU mod-els; amount of

Underfull \hbox (badness 2229) in paragraph at lines 827--835
\T1/ntxtlf/m/n/10 of rel-e-vant soft-ware li-braries and frame-works

Underfull \hbox (badness 1377) in paragraph at lines 827--835
\T1/ntxtlf/m/n/10 (yes/partial/no) []yes. The Docker run-books and

Underfull \hbox (badness 3525) in paragraph at lines 827--835
\T1/ntxtlf/m/n/10 hard-ware/software man-i-fest records im-age ids

Underfull \hbox (badness 10000) in paragraph at lines 827--835
\T1/ntxtlf/m/n/10 for \T1/pcr/m/n/10 h001-geom-reliability:latest\T1/ntxtlf/m/n
/10 ,

Underfull \hbox (badness 10000) in paragraph at lines 827--835
\T1/pcr/m/n/10 h001-open3dsg-repro:cu128\T1/ntxtlf/m/n/10 , and

Underfull \vbox (badness 10000) has occurred while \output is active
Underfull \hbox (badness 2990) in paragraph at lines 845--849
[]\T1/ntxtlf/m/n/10 Analysis of ex-per-i-ments goes be-yond single-

Package natbib Warning: There were undefined citations.

[9] (./main.aux

Package natbib Warning: Citation(s) may have changed.
(natbib)                Rerun to get citations correct.

) )
(see the transcript file for additional information)</usr/share/texlive/texmf-d
ist/fonts/type1/public/amsfonts/cm/cmmi10.pfb></usr/share/texlive/texmf-dist/fo
nts/type1/public/amsfonts/cm/cmmi7.pfb></usr/share/texlive/texmf-dist/fonts/typ
e1/public/amsfonts/cm/cmmi9.pfb></usr/share/texlive/texmf-dist/fonts/type1/publ
ic/amsfonts/cm/cmr10.pfb></usr/share/texlive/texmf-dist/fonts/type1/public/amsf
onts/cm/cmr6.pfb></usr/share/texlive/texmf-dist/fonts/type1/public/amsfonts/cm/
cmr7.pfb></usr/share/texlive/texmf-dist/fonts/type1/public/amsfonts/cm/cmsy10.p
fb></usr/share/texlive/texmf-dist/fonts/type1/urw/courier/ucrr8a.pfb></usr/shar
e/texlive/texmf-dist/fonts/type1/public/newtx/ztmb.pfb></usr/share/texlive/texm
f-dist/fonts/type1/public/newtx/ztmr.pfb></usr/share/texlive/texmf-dist/fonts/t
ype1/public/newtx/ztmri.pfb>
Output written on main.pdf (9 pages, 533185 bytes).
Transcript written on main.log.
Latexmk: Getting log file 'main.log'
Latexmk: Examining 'main.fls'
Latexmk: Examining 'main.log'
Latexmk: Found input bbl file 'main.bbl'
Latexmk: References changed.
Latexmk: Log file says output to 'main.pdf'
Latexmk: Found bibliography file(s):
  ./references.bib
Latexmk: applying rule 'bibtex main'...
Rule 'bibtex main':  Reasons for rerun
Changed files or newly in use/created:
  main.aux

------------
Run number 2 of rule 'bibtex main'
------------
------------
Running 'bibtex  "main.aux"'
------------
This is BibTeX, Version 0.99d (TeX Live 2023/Debian)
The top-level auxiliary file: main.aux
The style file: aaai2027.bst
Database file #1: references.bib
Warning--can't use both volume and number fields in liu2026viewongraph
(There was 1 warning)
Latexmk: applying rule 'pdflatex'...
Rule 'pdflatex':  Reasons for rerun
Changed files or newly in use/created:
  main.aux

------------
Run number 3 of rule 'pdflatex'
------------
------------
Running 'pdflatex  -interaction=nonstopmode -halt-on-error -recorder  "main.tex"'
------------
This is pdfTeX, Version 3.141592653-2.6-1.40.25 (TeX Live 2023/Debian) (preloaded format=pdflatex)
 restricted \write18 enabled.
entering extended mode
(./main.tex
LaTeX2e <2023-11-01> patch level 1
L3 programming layer <2024-01-22>
(/usr/share/texlive/texmf-dist/tex/latex/base/article.cls
Document Class: article 2023/05/17 v1.4n Standard LaTeX document class
(/usr/share/texlive/texmf-dist/tex/latex/base/size10.clo)) (./aaai2027.sty
Conference Style for AAAI for LaTeX 2e
(/usr/share/texlive/texmf-dist/tex/generic/iftex/iftex.sty)
(/usr/share/texlive/texmf-dist/tex/latex/base/fontenc.sty)
(/usr/share/texlive/texmf-dist/tex/latex/newtx/newtxtext.sty
`newtxtext' v1.737, 2024/01/11 Text macros taking advantage of TeXGyre Termes a
nd its extensions (msharpe)
(/usr/share/texlive/texmf-dist/tex/latex/xpatch/xpatch.sty
(/usr/share/texlive/texmf-dist/tex/latex/l3kernel/expl3.sty
(/usr/share/texlive/texmf-dist/tex/latex/l3backend/l3backend-pdftex.def))
(/usr/share/texlive/texmf-dist/tex/latex/l3packages/xparse/xparse.sty)
(/usr/share/texlive/texmf-dist/tex/latex/etoolbox/etoolbox.sty))
(/usr/share/texlive/texmf-dist/tex/latex/xcolor/xcolor.sty
(/usr/share/texlive/texmf-dist/tex/latex/graphics-cfg/color.cfg)
(/usr/share/texlive/texmf-dist/tex/latex/graphics-def/pdftex.def)
(/usr/share/texlive/texmf-dist/tex/latex/graphics/mathcolor.ltx))
(/usr/share/texlive/texmf-dist/tex/latex/xkeyval/xkeyval.sty
(/usr/share/texlive/texmf-dist/tex/generic/xkeyval/xkeyval.tex
(/usr/share/texlive/texmf-dist/tex/generic/xkeyval/xkvutils.tex
(/usr/share/texlive/texmf-dist/tex/generic/xkeyval/keyval.tex))))
(/usr/share/texlive/texmf-dist/tex/latex/base/textcomp.sty)
(/usr/share/texlive/texmf-dist/tex/generic/xstring/xstring.sty
(/usr/share/texlive/texmf-dist/tex/generic/xstring/xstring.tex))
(/usr/share/texlive/texmf-dist/tex/latex/base/ifthen.sty)
(/usr/share/texlive/texmf-dist/tex/latex/carlisle/scalefnt.sty)
(/usr/share/texlive/texmf-dist/tex/generic/kastrup/binhex.tex)
(/usr/share/texlive/texmf-dist/tex/latex/fontaxes/fontaxes.sty))
(/usr/share/texlive/texmf-dist/tex/latex/psnfss/helvet.sty)
(/usr/share/texlive/texmf-dist/tex/latex/psnfss/courier.sty)
(/usr/share/texlive/texmf-dist/tex/latex/placeins/placeins.sty))
(/usr/share/texlive/texmf-dist/tex/latex/url/url.sty)
(/usr/share/texlive/texmf-dist/tex/latex/graphics/graphicx.sty
(/usr/share/texlive/texmf-dist/tex/latex/graphics/graphics.sty
(/usr/share/texlive/texmf-dist/tex/latex/graphics/trig.sty)
(/usr/share/texlive/texmf-dist/tex/latex/graphics-cfg/graphics.cfg)))
(/usr/share/texlive/texmf-dist/tex/latex/natbib/natbib.sty)
(/usr/share/texlive/texmf-dist/tex/latex/caption/caption.sty
(/usr/share/texlive/texmf-dist/tex/latex/caption/caption3.sty))
(/usr/share/texlive/texmf-dist/tex/latex/amsmath/amsmath.sty
For additional information on amsmath, use the `?' option.
(/usr/share/texlive/texmf-dist/tex/latex/amsmath/amstext.sty
(/usr/share/texlive/texmf-dist/tex/latex/amsmath/amsgen.sty))
(/usr/share/texlive/texmf-dist/tex/latex/amsmath/amsbsy.sty)
(/usr/share/texlive/texmf-dist/tex/latex/amsmath/amsopn.sty))
(/usr/share/texlive/texmf-dist/tex/latex/amsfonts/amssymb.sty
(/usr/share/texlive/texmf-dist/tex/latex/amsfonts/amsfonts.sty))
(/usr/share/texlive/texmf-dist/tex/latex/booktabs/booktabs.sty)
(/usr/share/texlive/texmf-dist/tex/latex/multirow/multirow.sty)
(/usr/share/texlive/texmf-dist/tex/latex/tools/tabularx.sty
(/usr/share/texlive/texmf-dist/tex/latex/tools/array.sty))
(/usr/share/texlive/texmf-dist/tex/latex/newtx/t1ntxtlf.fd) (./main.aux)
(/usr/share/texlive/texmf-dist/tex/context/base/mkii/supp-pdf.mkii
[Loading MPS to PDF converter (version 2006.09.02).]
) (/usr/share/texlive/texmf-dist/tex/latex/epstopdf-pkg/epstopdf-base.sty
(/usr/share/texlive/texmf-dist/tex/latex/latexconfig/epstopdf-sys.cfg))
(/usr/share/texlive/texmf-dist/tex/latex/amsfonts/umsa.fd)
(/usr/share/texlive/texmf-dist/tex/latex/amsfonts/umsb.fd)
(/usr/share/texlive/texmf-dist/tex/latex/psnfss/t1pcr.fd)
Overfull \vbox (0.77646pt too high) has occurred while \output is active
[1{/var/lib/texmf/fonts/map/pdftex/updmap/pdftex.map}{/usr/share/texlive/texmf-
dist/fonts/enc/dvips/newtx/ntx-ec-tlf.enc}{/usr/share/texlive/texmf-dist/fonts/
enc/dvips/base/8r.enc}]
Underfull \hbox (badness 3557) in paragraph at lines 197--205
 \T1/ntxtlf/b/n/10 Geometry-aware re-la-tion rea-son-ing and semantic-
[2]
Underfull \hbox (badness 1057) in paragraph at lines 299--304
\T1/ntxtlf/m/n/10 This row is the unit of com-par-i-son across VL-SAT,

Underfull \hbox (badness 10000) in paragraph at lines 316--331
\T1/ntxtlf/m/n/10 H001 uses relation-family-specific checks

Underfull \hbox (badness 10000) in paragraph at lines 316--331
\T1/ntxtlf/m/n/10 for \T1/pcr/m/n/10 support_contact\T1/ntxtlf/m/n/10 , \T1/pcr
/m/n/10 proximity\T1/ntxtlf/m/n/10 , and

Underfull \hbox (badness 1394) in paragraph at lines 316--331
\T1/pcr/m/n/10 relative_vertical\T1/ntxtlf/m/n/10 . For sup-port/contact, the e
v-i-

Underfull \hbox (badness 10000) in paragraph at lines 349--357
[]\T1/ntxtlf/m/n/10 We re-port four main op-er-at-ing points.

Underfull \hbox (badness 10000) in paragraph at lines 349--357
\T1/pcr/m/n/10 semantic_only \T1/ntxtlf/m/n/10 ranks by the source se-man-tic

Underfull \hbox (badness 1509) in paragraph at lines 349--357
\T1/ntxtlf/m/n/10 score and serves as the re-pro-duced source base-line.

Underfull \hbox (badness 10000) in paragraph at lines 349--357
\T1/pcr/m/n/10 rule_verified_point_subtype \T1/ntxtlf/m/n/10 re-moves hard

Underfull \hbox (badness 10000) in paragraph at lines 349--357
\T1/ntxtlf/m/n/10 di-ag-nos-tic. \T1/pcr/m/n/10 family_specific_p_geom_valid
[3]
Underfull \hbox (badness 4266) in paragraph at lines 445--445
\T1/ntxtlf/m/n/9 source re-li-a-bil-ity case study

Underfull \hbox (badness 10000) in paragraph at lines 445--445
\T1/ntxtlf/m/n/9 scoped geometry-consistency

Underfull \hbox (badness 10000) in paragraph at lines 445--445
[]|\T1/ntxtlf/m/n/9 Optional mod-ern semantic-

Underfull \hbox (badness 10000) in paragraph at lines 445--445
[]|\T1/ntxtlf/m/n/9 Requires broader mea-sured

Underfull \hbox (badness 10000) in paragraph at lines 448--451
[]\T1/ntxtlf/m/n/10 All paper-body ex-per-i-ment re-sults

Underfull \hbox (badness 10000) in paragraph at lines 448--451
\T1/ntxtlf/m/n/10 are gen-er-ated through Docker un-der

Underfull \hbox (badness 7203) in paragraph at lines 448--451
\T1/pcr/m/n/10 experiments/H001_geom_reliability/\T1/ntxtlf/m/n/10 . Host-

Underfull \hbox (badness 10000) in paragraph at lines 505--511
\T1/pcr/m/n/10 semantic_only \T1/ntxtlf/m/n/10 has R@50/R@100=0.4096/0.5161

Underfull \hbox (badness 10000) in paragraph at lines 505--511
\T1/ntxtlf/m/n/10 and Vi-o-la-tion@50/Violation@100=0.1386/0.1242.

Underfull \hbox (badness 10000) in paragraph at lines 512--517
[]\T1/ntxtlf/m/n/10 VL-SAT pro-vides the con-trolled an-chor:

Underfull \hbox (badness 10000) in paragraph at lines 512--517
\T1/pcr/m/n/10 probabilistic \T1/ntxtlf/m/n/10 im-proves R@50/R@100 from

Underfull \hbox (badness 3657) in paragraph at lines 512--517
\T1/ntxtlf/m/n/10 0.9272/0.9635 to 0.9305/0.9688 and re-duces Vi-o-la-

Underfull \hbox (badness 2884) in paragraph at lines 518--526
[]\T1/ntxtlf/m/n/10 A Docker sub-graph boot-strap with 1,000 re-sam-

Underfull \hbox (badness 2150) in paragraph at lines 518--526
\T1/ntxtlf/m/n/10 ples gives the Open3DSG \T1/pcr/m/n/10 family_specific \T1/nt
xtlf/m/n/10 op-

Underfull \hbox (badness 3158) in paragraph at lines 518--526
\T1/ntxtlf/m/n/10 er-at-ing point a R@100 delta of +8.86 per-cent-age

Underfull \hbox (badness 1642) in paragraph at lines 518--526
\T1/ntxtlf/m/n/10 points (95% CI +6.69,+10.96) and a Vi-o-la-tion@100

Underfull \hbox (badness 1810) in paragraph at lines 527--535
\T1/ntxtlf/m/n/10 geometry-only reaches only R@100=0.5184 with Vi-

Underfull \hbox (badness 10000) in paragraph at lines 527--535
\T1/ntxtlf/m/n/10 o-la-tion@100=0.0711, distance-only reaches 0.5554

Underfull \hbox (badness 4416) in paragraph at lines 527--535
\T1/ntxtlf/m/n/10 with 0.0981, and shuffled/wrong-pair ge-om-e-try de-

Underfull \hbox (badness 1082) in paragraph at lines 527--535
\T1/ntxtlf/m/n/10 grades vi-o-la-tions to 0.0588/0.0601. Open3DSG shows

Underfull \hbox (badness 1577) in paragraph at lines 527--535
\T1/ntxtlf/m/n/10 the same pat-tern: distance-only gives R@100=0.5038

Underfull \hbox (badness 10000) in paragraph at lines 527--535
\T1/ntxtlf/m/n/10 and Vi-o-la-tion@100=0.1071, geometry-only gives

Underfull \hbox (badness 10000) in paragraph at lines 527--535
\T1/ntxtlf/m/n/10 0.5116 and 0.0865, and shuffled/wrong-pair con-

Underfull \hbox (badness 10000) in paragraph at lines 527--535
\T1/ntxtlf/m/n/10 trols fall to R@100=0.2543/0.2331 with Vi-o-la-

Underfull \hbox (badness 3271) in paragraph at lines 527--535
\T1/ntxtlf/m/n/10 tion@100=0.1998/0.1985. Thus H001 is not merely

Underfull \hbox (badness 10000) in paragraph at lines 570--570
[]\T1/ntxtlf/m/n/10 Figure 3: |\T1/ntxtlf/b/n/10 Geometry-backed qual-i-ta-tive
 fail-ures.
[4] [5] [6 <./figures/figure1_framework.png (PNG copy)>] (./main.bbl [7 <./figu
res/figure2_tradeoff.png (PNG copy)> <./figures/figure3_geometry_panels.png (PN
G copy)>])
Underfull \hbox (badness 2334) in paragraph at lines 725--727
[]\T1/ntxtlf/m/n/10 Does this pa-per make the-o-ret-i-cal con-tri-bu-tions?

Underfull \hbox (badness 10000) in paragraph at lines 737--739
[]\T1/ntxtlf/m/n/10 Proofs of all novel claims are in-cluded

Underfull \hbox (badness 3199) in paragraph at lines 764--767
[]\T1/ntxtlf/m/n/10 A mo-ti-va-tion is given for why the ex-per-i-

Underfull \hbox (badness 1735) in paragraph at lines 764--767
\T1/ntxtlf/m/n/10 ments are con-ducted on the se-lected datasets
[8]
Underfull \hbox (badness 1082) in paragraph at lines 822--826
\T1/ntxtlf/m/n/10 method used for set-ting seeds is de-scribed in

Underfull \hbox (badness 1043) in paragraph at lines 827--835
\T1/ntxtlf/m/n/10 ware), in-clud-ing GPU/CPU mod-els; amount of

Underfull \hbox (badness 2229) in paragraph at lines 827--835
\T1/ntxtlf/m/n/10 of rel-e-vant soft-ware li-braries and frame-works

Underfull \hbox (badness 1377) in paragraph at lines 827--835
\T1/ntxtlf/m/n/10 (yes/partial/no) []yes. The Docker run-books and

Underfull \hbox (badness 3525) in paragraph at lines 827--835
\T1/ntxtlf/m/n/10 hard-ware/software man-i-fest records im-age ids

Underfull \hbox (badness 10000) in paragraph at lines 827--835
\T1/ntxtlf/m/n/10 for \T1/pcr/m/n/10 h001-geom-reliability:latest\T1/ntxtlf/m/n
/10 ,

Underfull \hbox (badness 10000) in paragraph at lines 827--835
\T1/pcr/m/n/10 h001-open3dsg-repro:cu128\T1/ntxtlf/m/n/10 , and

Underfull \vbox (badness 10000) has occurred while \output is active
Underfull \hbox (badness 2990) in paragraph at lines 845--849
[]\T1/ntxtlf/m/n/10 Analysis of ex-per-i-ments goes be-yond single-
[9] (./main.aux) )
(see the transcript file for additional information)</usr/share/texlive/texmf-d
ist/fonts/type1/public/amsfonts/cm/cmmi10.pfb></usr/share/texlive/texmf-dist/fo
nts/type1/public/amsfonts/cm/cmmi7.pfb></usr/share/texlive/texmf-dist/fonts/typ
e1/public/amsfonts/cm/cmmi9.pfb></usr/share/texlive/texmf-dist/fonts/type1/publ
ic/amsfonts/cm/cmr10.pfb></usr/share/texlive/texmf-dist/fonts/type1/public/amsf
onts/cm/cmr6.pfb></usr/share/texlive/texmf-dist/fonts/type1/public/amsfonts/cm/
cmr7.pfb></usr/share/texlive/texmf-dist/fonts/type1/public/amsfonts/cm/cmsy10.p
fb></usr/share/texlive/texmf-dist/fonts/type1/urw/courier/ucrr8a.pfb></usr/shar
e/texlive/texmf-dist/fonts/type1/public/newtx/ztmb.pfb></usr/share/texlive/texm
f-dist/fonts/type1/public/newtx/ztmr.pfb></usr/share/texlive/texmf-dist/fonts/t
ype1/public/newtx/ztmri.pfb>
Output written on main.pdf (9 pages, 533447 bytes).
Transcript written on main.log.
Latexmk: Getting log file 'main.log'
Latexmk: Examining 'main.fls'
Latexmk: Examining 'main.log'
Latexmk: Found input bbl file 'main.bbl'
Latexmk: Log file says output to 'main.pdf'
Latexmk: Found bibliography file(s):
  ./references.bib
Latexmk: All targets (main.pdf) are up-to-date

