#0 building with "default" instance using docker driver

#1 [internal] load build definition from Dockerfile
#1 transferring dockerfile: 335B done
#1 DONE 0.0s

#2 [internal] load metadata for docker.io/library/python:3.11.9-slim-bookworm
#2 ...

#3 [auth] library/python:pull token for registry-1.docker.io
#3 DONE 0.0s

#2 [internal] load metadata for docker.io/library/python:3.11.9-slim-bookworm
#2 DONE 1.2s

#4 [internal] load .dockerignore
#4 transferring context: 2B done
#4 DONE 0.0s

#5 [internal] load build context
#5 transferring context: 86.98kB done
#5 DONE 0.0s

#6 [1/4] FROM docker.io/library/python:3.11.9-slim-bookworm@sha256:8fb099199b9f2d70342674bd9dbccd3ed03a258f26bbd1d556822c6dfc60c317
#6 resolve docker.io/library/python:3.11.9-slim-bookworm@sha256:8fb099199b9f2d70342674bd9dbccd3ed03a258f26bbd1d556822c6dfc60c317 0.0s done
#6 DONE 0.0s

#7 [2/4] WORKDIR /workspace
#7 CACHED

#8 [3/4] RUN pip install --no-cache-dir numpy==1.26.4 pillow==10.4.0
#8 CACHED

#9 [4/4] COPY experiments/H001_geom_reliability/scripts/ /opt/h001/scripts/
#9 DONE 0.1s

#10 exporting to image
#10 exporting layers
#10 exporting layers 0.2s done
#10 exporting manifest sha256:a34b78af23740d1c721ceae6004096e8499317cb82f4d0548f907c61e766b025 0.0s done
#10 exporting config sha256:6112acdf4739e9e6631bd73bc675f23750f854fb2a5fbc0c72ee58b332dc1b05 0.0s done
#10 exporting attestation manifest sha256:b66a61e600b292904c9ff26ee8ae759c356a67d2f2c7799f3b53e45a863a2f51
#10 exporting attestation manifest sha256:b66a61e600b292904c9ff26ee8ae759c356a67d2f2c7799f3b53e45a863a2f51 0.1s done
#10 exporting manifest list sha256:efa30e152230319322905d3d944734e39788e213fb280184dae5f788f644ce55 0.0s done
#10 naming to docker.io/library/h001-geom-reliability:latest
#10 naming to docker.io/library/h001-geom-reliability:latest done
#10 unpacking to docker.io/library/h001-geom-reliability:latest 0.1s done
#10 DONE 0.5s
