#0 building with "default" instance using docker driver

#1 [internal] load build definition from Dockerfile
#1 transferring dockerfile: 335B done
#1 DONE 0.0s

#2 [auth] library/python:pull token for registry-1.docker.io
#2 DONE 0.0s

#3 [internal] load metadata for docker.io/library/python:3.11.9-slim-bookworm
#3 DONE 0.9s

#4 [internal] load .dockerignore
#4 transferring context: 2B done
#4 DONE 0.0s

#5 [internal] load build context
#5 transferring context: 173.17kB done
#5 DONE 0.0s

#6 [1/4] FROM docker.io/library/python:3.11.9-slim-bookworm@sha256:8fb099199b9f2d70342674bd9dbccd3ed03a258f26bbd1d556822c6dfc60c317
#6 resolve docker.io/library/python:3.11.9-slim-bookworm@sha256:8fb099199b9f2d70342674bd9dbccd3ed03a258f26bbd1d556822c6dfc60c317 0.0s done
#6 DONE 0.0s

#7 [2/4] WORKDIR /workspace
#7 CACHED

#8 [3/4] RUN pip install --no-cache-dir numpy==1.26.4 pillow==10.4.0
#8 CACHED

#9 [4/4] COPY experiments/H001_geom_reliability/scripts/ /opt/h001/scripts/
#9 DONE 0.1s

#10 exporting to image
#10 exporting layers
#10 exporting layers 0.2s done
#10 exporting manifest sha256:2cc8407806e6ceffda06a8347c711f10ccfa86033bdfda0d6a2a417de1c1f3b4 0.0s done
#10 exporting config sha256:174f6c9ebb8a3643cb9c6aa2f7199245059325adddff6d8bf88bd3232e188032 0.0s done
#10 exporting attestation manifest sha256:dffa611b755c4343775f0fcf013a66ccc74609369719a578d6db9c0b4dee1935 0.1s done
#10 exporting manifest list sha256:12bd6440a2ca64468d830bd819330889d37c01150658ce69caa2365e702cb43e
#10 exporting manifest list sha256:12bd6440a2ca64468d830bd819330889d37c01150658ce69caa2365e702cb43e 0.0s done
#10 naming to docker.io/library/h001-geom-reliability:latest done
#10 unpacking to docker.io/library/h001-geom-reliability:latest 0.1s done
#10 DONE 0.5s
