#0 building with "default" instance using docker driver

#1 [internal] load build definition from Dockerfile
#1 transferring dockerfile: 335B done
#1 DONE 0.0s

#2 [internal] load metadata for docker.io/library/python:3.11.9-slim-bookworm
#2 DONE 0.7s

#3 [internal] load .dockerignore
#3 transferring context: 2B done
#3 DONE 0.0s

#4 [internal] load build context
#4 transferring context: 59.00kB done
#4 DONE 0.0s

#5 [1/4] FROM docker.io/library/python:3.11.9-slim-bookworm@sha256:8fb099199b9f2d70342674bd9dbccd3ed03a258f26bbd1d556822c6dfc60c317
#5 resolve docker.io/library/python:3.11.9-slim-bookworm@sha256:8fb099199b9f2d70342674bd9dbccd3ed03a258f26bbd1d556822c6dfc60c317 0.0s done
#5 DONE 0.0s

#6 [2/4] WORKDIR /workspace
#6 CACHED

#7 [3/4] RUN pip install --no-cache-dir numpy==1.26.4 pillow==10.4.0
#7 CACHED

#8 [4/4] COPY experiments/H001_geom_reliability/scripts/ /opt/h001/scripts/
#8 DONE 0.1s

#9 exporting to image
#9 exporting layers 0.1s done
#9 exporting manifest sha256:00947116118631ad5ae9ce797ac57e9823de53fdd136a4e40f3dc3a4f15aa2da 0.0s done
#9 exporting config sha256:68442675936efc36baf0cd0194856929ff4918fd8413aa3b8abea67ce207fee3 0.0s done
#9 exporting attestation manifest sha256:3ac329aadabeeb42522096aa2cfcfa8940a334da235919e5c45d35d07306c0fb 0.1s done
#9 exporting manifest list sha256:84059439d549f007cc015f59c081b1276f8edfec82ca513501919c8252abb949
#9 exporting manifest list sha256:84059439d549f007cc015f59c081b1276f8edfec82ca513501919c8252abb949 0.0s done
#9 naming to docker.io/library/h001-geom-reliability:latest done
#9 unpacking to docker.io/library/h001-geom-reliability:latest 0.1s done
#9 DONE 0.4s
