#0 building with "default" instance using docker driver

#1 [internal] load build definition from Dockerfile
#1 transferring dockerfile: 335B done
#1 DONE 0.0s

#2 [internal] load metadata for docker.io/library/python:3.11.9-slim-bookworm
#2 ...

#3 [auth] library/python:pull token for registry-1.docker.io
#3 DONE 0.0s

#2 [internal] load metadata for docker.io/library/python:3.11.9-slim-bookworm
#2 DONE 1.2s

#4 [internal] load .dockerignore
#4 transferring context: 2B done
#4 DONE 0.0s

#5 [internal] load build context
#5 transferring context: 65.61kB done
#5 DONE 0.0s

#6 [1/4] FROM docker.io/library/python:3.11.9-slim-bookworm@sha256:8fb099199b9f2d70342674bd9dbccd3ed03a258f26bbd1d556822c6dfc60c317
#6 resolve docker.io/library/python:3.11.9-slim-bookworm@sha256:8fb099199b9f2d70342674bd9dbccd3ed03a258f26bbd1d556822c6dfc60c317 0.0s done
#6 DONE 0.0s

#7 [2/4] WORKDIR /workspace
#7 CACHED

#8 [3/4] RUN pip install --no-cache-dir numpy==1.26.4 pillow==10.4.0
#8 CACHED

#9 [4/4] COPY experiments/H001_geom_reliability/scripts/ /opt/h001/scripts/
#9 DONE 0.0s

#10 exporting to image
#10 exporting layers 0.1s done
#10 exporting manifest sha256:eba8ef44c22c97263d38a2ef9273221369fd3540c6cc490e18935dc7013178e2
#10 exporting manifest sha256:eba8ef44c22c97263d38a2ef9273221369fd3540c6cc490e18935dc7013178e2 0.0s done
#10 exporting config sha256:edbf52a3981a40a173e59e594b2fdf6d5a77b6c6cb97e6991601d7a769da1ffc 0.0s done
#10 exporting attestation manifest sha256:90aa0ace8d2e80723f1fcb1534ee332bd9bb2910c16d7e1b6c5edea5c368ebad 0.1s done
#10 exporting manifest list sha256:4ff098125f50d603bd9c07c123c19346c62ce2ba6b5bfc5d3359eed9dbc3bfa6
#10 exporting manifest list sha256:4ff098125f50d603bd9c07c123c19346c62ce2ba6b5bfc5d3359eed9dbc3bfa6 0.0s done
#10 naming to docker.io/library/h001-geom-reliability:latest done
#10 unpacking to docker.io/library/h001-geom-reliability:latest 0.0s done
#10 DONE 0.3s
