#0 building with "default" instance using docker driver

#1 [internal] load build definition from Dockerfile
#1 transferring dockerfile: 335B done
#1 DONE 0.0s

#2 [internal] load metadata for docker.io/library/python:3.11.9-slim-bookworm
#2 DONE 0.7s

#3 [internal] load .dockerignore
#3 transferring context: 2B done
#3 DONE 0.0s

#4 [internal] load build context
#4 transferring context: 71.45kB done
#4 DONE 0.0s

#5 [1/4] FROM docker.io/library/python:3.11.9-slim-bookworm@sha256:8fb099199b9f2d70342674bd9dbccd3ed03a258f26bbd1d556822c6dfc60c317
#5 resolve docker.io/library/python:3.11.9-slim-bookworm@sha256:8fb099199b9f2d70342674bd9dbccd3ed03a258f26bbd1d556822c6dfc60c317 0.0s done
#5 DONE 0.0s

#6 [2/4] WORKDIR /workspace
#6 CACHED

#7 [3/4] RUN pip install --no-cache-dir numpy==1.26.4 pillow==10.4.0
#7 CACHED

#8 [4/4] COPY experiments/H001_geom_reliability/scripts/ /opt/h001/scripts/
#8 DONE 0.1s

#9 exporting to image
#9 exporting layers
#9 exporting layers 0.2s done
#9 exporting manifest sha256:344d856b9ef70d9b070f7985ba679bcb0d670ef0cbc4982164d870eaf2e38df3 0.0s done
#9 exporting config sha256:bd2a1cf536509b636a3df1ffc989afcfe41c5eb1b312f2ea2ce802d28a7a1859 0.0s done
#9 exporting attestation manifest sha256:f841420cc827efea636ebfaf7de76cf3e339492ea3a92793f1ed4d1dd33a7dfa 0.1s done
#9 exporting manifest list sha256:3bbdc8c53077e2181ed7bd459b246cd1dc56ae9874c80a3f36d740b475c739a5
#9 exporting manifest list sha256:3bbdc8c53077e2181ed7bd459b246cd1dc56ae9874c80a3f36d740b475c739a5 0.0s done
#9 naming to docker.io/library/h001-geom-reliability:latest done
#9 unpacking to docker.io/library/h001-geom-reliability:latest 0.0s done
#9 DONE 0.5s
