 Image h001-geom-reliability:latest Building 
#1 [internal] load local bake definitions
#1 reading from stdin 579B done
#1 DONE 0.0s

#2 [internal] load build definition from Dockerfile
#2 transferring dockerfile: 335B done
#2 DONE 0.0s

#3 [internal] load metadata for docker.io/library/python:3.11.9-slim-bookworm
#3 DONE 0.7s

#4 [internal] load .dockerignore
#4 transferring context: 2B done
#4 DONE 0.0s

#5 [internal] load build context
#5 transferring context: 54.46kB done
#5 DONE 0.0s

#6 [1/4] FROM docker.io/library/python:3.11.9-slim-bookworm@sha256:8fb099199b9f2d70342674bd9dbccd3ed03a258f26bbd1d556822c6dfc60c317
#6 resolve docker.io/library/python:3.11.9-slim-bookworm@sha256:8fb099199b9f2d70342674bd9dbccd3ed03a258f26bbd1d556822c6dfc60c317 0.0s done
#6 DONE 0.0s

#7 [2/4] WORKDIR /workspace
#7 CACHED

#8 [3/4] RUN pip install --no-cache-dir numpy==1.26.4 pillow==10.4.0
#8 CACHED

#9 [4/4] COPY experiments/H001_geom_reliability/scripts/ /opt/h001/scripts/
#9 DONE 0.1s

#10 exporting to image
#10 exporting layers 0.1s done
#10 exporting manifest sha256:ea67491964611fa8f6206664cb6bc6b8a93d947dfd793f7f73699395036dc4bd 0.0s done
#10 exporting config sha256:9a47a1a418df81e37ceadad12a10a8899e9c90fa1967d88e692066b6ae0563c3 0.0s done
#10 exporting attestation manifest sha256:44cfa9051832c843adc04f8e821842fb82350e0c24aafe86f5b9fa8d2b272ec1
#10 exporting attestation manifest sha256:44cfa9051832c843adc04f8e821842fb82350e0c24aafe86f5b9fa8d2b272ec1 0.1s done
#10 exporting manifest list sha256:bbe83b76c0e5a2daa0992e9b0cfdace102fddf16b82ef97c9d35072f1f6be629 0.0s done
#10 naming to docker.io/library/h001-geom-reliability:latest done
#10 unpacking to docker.io/library/h001-geom-reliability:latest
#10 unpacking to docker.io/library/h001-geom-reliability:latest 0.0s done
#10 DONE 0.4s

#11 resolving provenance for metadata file
#11 DONE 0.0s
 Image h001-geom-reliability:latest Built 
