#0 building with "default" instance using docker driver

#1 [internal] load build definition from Dockerfile
#1 transferring dockerfile: 335B done
#1 DONE 0.0s

#2 [internal] load metadata for docker.io/library/python:3.11.9-slim-bookworm
#2 DONE 0.7s

#3 [internal] load .dockerignore
#3 transferring context: 2B done
#3 DONE 0.0s

#4 [internal] load build context
#4 transferring context: 10.36kB done
#4 DONE 0.0s

#5 [1/4] FROM docker.io/library/python:3.11.9-slim-bookworm@sha256:8fb099199b9f2d70342674bd9dbccd3ed03a258f26bbd1d556822c6dfc60c317
#5 resolve docker.io/library/python:3.11.9-slim-bookworm@sha256:8fb099199b9f2d70342674bd9dbccd3ed03a258f26bbd1d556822c6dfc60c317 0.0s done
#5 DONE 0.0s

#6 [2/4] WORKDIR /workspace
#6 CACHED

#7 [3/4] RUN pip install --no-cache-dir numpy==1.26.4 pillow==10.4.0
#7 CACHED

#8 [4/4] COPY experiments/H001_geom_reliability/scripts/ /opt/h001/scripts/
#8 CACHED

#9 exporting to image
#9 exporting layers done
#9 exporting manifest sha256:8748c6910511b0abaece5b0a7f01d222aaf77304849869963a8c57aad2f7d77a done
#9 exporting config sha256:93f43c340b146e935f5f2e4fc821684f1d64f19546fe0a35995c6cfee366fefc done
#9 exporting attestation manifest sha256:946bdfa23887e84e43b13629633d04062d077c987fdb9edf9d47d9f4514299fe
#9 exporting attestation manifest sha256:946bdfa23887e84e43b13629633d04062d077c987fdb9edf9d47d9f4514299fe 0.1s done
#9 exporting manifest list sha256:db36cd846e48d0e14a2172270bc81c8385591c28d83622f6206a51b9c54feabd 0.0s done
#9 naming to docker.io/library/h001-geom-reliability:latest done
#9 unpacking to docker.io/library/h001-geom-reliability:latest
#9 unpacking to docker.io/library/h001-geom-reliability:latest 0.0s done
#9 DONE 0.2s
