 Image h001-geom-reliability:latest Building 
#1 [internal] load local bake definitions
#1 reading from stdin 579B done
#1 DONE 0.0s

#2 [internal] load build definition from Dockerfile
#2 transferring dockerfile: 335B done
#2 DONE 0.0s

#3 [internal] load metadata for docker.io/library/python:3.11.9-slim-bookworm
#3 ...

#4 [auth] library/python:pull token for registry-1.docker.io
#4 DONE 0.0s

#3 [internal] load metadata for docker.io/library/python:3.11.9-slim-bookworm
#3 DONE 2.0s

#5 [internal] load .dockerignore
#5 transferring context: 2B done
#5 DONE 0.0s

#6 [internal] load build context
#6 transferring context: 52.57kB done
#6 DONE 0.0s

#7 [1/4] FROM docker.io/library/python:3.11.9-slim-bookworm@sha256:8fb099199b9f2d70342674bd9dbccd3ed03a258f26bbd1d556822c6dfc60c317
#7 resolve docker.io/library/python:3.11.9-slim-bookworm@sha256:8fb099199b9f2d70342674bd9dbccd3ed03a258f26bbd1d556822c6dfc60c317 0.0s done
#7 DONE 0.2s

#8 [2/4] WORKDIR /workspace
#8 DONE 0.1s

#9 [3/4] RUN pip install --no-cache-dir numpy==1.26.4 pillow==10.4.0
#9 1.097 Collecting numpy==1.26.4
#9 1.124   Downloading numpy-1.26.4-cp311-cp311-manylinux_2_17_x86_64.manylinux2014_x86_64.whl.metadata (61 kB)
#9 1.130      ━━━━━━━━━━━━━━━━━━━━━━━━━━━━━━━━━━━━━━━━ 61.0/61.0 kB 12.7 MB/s eta 0:00:00
#9 1.285 Collecting pillow==10.4.0
#9 1.289   Downloading pillow-10.4.0-cp311-cp311-manylinux_2_28_x86_64.whl.metadata (9.2 kB)
#9 1.299 Downloading numpy-1.26.4-cp311-cp311-manylinux_2_17_x86_64.manylinux2014_x86_64.whl (18.3 MB)
#9 1.746    ━━━━━━━━━━━━━━━━━━━━━━━━━━━━━━━━━━━━━━━━ 18.3/18.3 MB 41.3 MB/s eta 0:00:00
#9 1.748 Downloading pillow-10.4.0-cp311-cp311-manylinux_2_28_x86_64.whl (4.5 MB)
#9 1.984    ━━━━━━━━━━━━━━━━━━━━━━━━━━━━━━━━━━━━━━━━ 4.5/4.5 MB 19.3 MB/s eta 0:00:00
#9 2.027 Installing collected packages: pillow, numpy
#9 3.082 Successfully installed numpy-1.26.4 pillow-10.4.0
#9 3.082 WARNING: Running pip as the 'root' user can result in broken permissions and conflicting behaviour with the system package manager. It is recommended to use a virtual environment instead: https://pip.pypa.io/warnings/venv
#9 3.130 
#9 3.130 [notice] A new release of pip is available: 24.0 -> 26.1.1
#9 3.130 [notice] To update, run: pip install --upgrade pip
#9 DONE 3.3s

#10 [4/4] COPY experiments/H001_geom_reliability/scripts/ /opt/h001/scripts/
#10 DONE 0.1s

#11 exporting to image
#11 exporting layers
#11 exporting layers 1.9s done
#11 exporting manifest sha256:14e0c69a51866898c49845c98ac1106708312eab71204e368d8f9bb59a44ca14 0.0s done
#11 exporting config sha256:0436424ac134aa14879ea9c15c05faab413c2226da6bb8cceafa45b48ca1cb60 0.0s done
#11 exporting attestation manifest sha256:8685fbdda749acbdd54999cbe08a6e82f22601cc6f58b8a48021979d814df2ce 0.1s done
#11 exporting manifest list sha256:947692b5244a29761f72f95365466594c4eee0e2f2e02e9891ac250a1478db0f
#11 exporting manifest list sha256:947692b5244a29761f72f95365466594c4eee0e2f2e02e9891ac250a1478db0f 0.0s done
#11 naming to docker.io/library/h001-geom-reliability:latest 0.0s done
#11 unpacking to docker.io/library/h001-geom-reliability:latest
#11 unpacking to docker.io/library/h001-geom-reliability:latest 0.4s done
#11 DONE 2.5s

#12 resolving provenance for metadata file
#12 DONE 0.0s
 Image h001-geom-reliability:latest Built 
 Container h001_geom_reliability-table_builder-run-8a48529d313d Creating 
 Container h001_geom_reliability-table_builder-run-8a48529d313d Created 
{"out": "/workspace/experiments/H001_geom_reliability", "status": "ready"}
