#0 building with "default" instance using docker driver

#1 [internal] load build definition from Dockerfile
#1 transferring dockerfile: 335B done
#1 DONE 0.0s

#2 [internal] load metadata for docker.io/library/python:3.11.9-slim-bookworm
#2 DONE 0.3s

#3 [internal] load .dockerignore
#3 transferring context: 2B done
#3 DONE 0.0s

#4 [internal] load build context
#4 transferring context: 27.18kB done
#4 DONE 0.0s

#5 [1/4] FROM docker.io/library/python:3.11.9-slim-bookworm@sha256:8fb099199b9f2d70342674bd9dbccd3ed03a258f26bbd1d556822c6dfc60c317
#5 resolve docker.io/library/python:3.11.9-slim-bookworm@sha256:8fb099199b9f2d70342674bd9dbccd3ed03a258f26bbd1d556822c6dfc60c317 0.0s done
#5 DONE 0.0s

#6 [2/4] WORKDIR /workspace
#6 CACHED

#7 [3/4] RUN pip install --no-cache-dir numpy==1.26.4 pillow==10.4.0
#7 CACHED

#8 [4/4] COPY experiments/H001_geom_reliability/scripts/ /opt/h001/scripts/
#8 DONE 0.0s

#9 exporting to image
#9 exporting layers
#9 exporting layers 0.2s done
#9 exporting manifest sha256:19ae8c7740e8f31b361c1c9ba1692dd2d5c6fd27c1b9fab636ee4343ad2ce490 0.0s done
#9 exporting config sha256:44a7482c976cd6f7fa450e9934ad465ed5cb3e1cb00e18350e6237cbcb9b4289 0.0s done
#9 exporting attestation manifest sha256:00705799ed81c19c1ac9f1c7f4de71697b79b36174b15fd83ce374852517bba3 0.1s done
#9 exporting manifest list sha256:86a9074d526dbbafe04dc37e34b160ac39935e9e23a5a0d50b39ed6443fb604a
#9 exporting manifest list sha256:86a9074d526dbbafe04dc37e34b160ac39935e9e23a5a0d50b39ed6443fb604a 0.0s done
#9 naming to docker.io/library/h001-geom-reliability:latest done
#9 unpacking to docker.io/library/h001-geom-reliability:latest 0.1s done
#9 DONE 0.4s
