 Image h001-geom-reliability:latest Building 
#1 [internal] load local bake definitions
#1 reading from stdin 579B done
#1 DONE 0.0s

#2 [internal] load build definition from Dockerfile
#2 transferring dockerfile: 335B done
#2 DONE 0.0s

#3 [internal] load metadata for docker.io/library/python:3.11.9-slim-bookworm
#3 DONE 0.7s

#4 [internal] load .dockerignore
#4 transferring context: 2B done
#4 DONE 0.0s

#5 [internal] load build context
#5 transferring context: 53.10kB done
#5 DONE 0.0s

#6 [1/4] FROM docker.io/library/python:3.11.9-slim-bookworm@sha256:8fb099199b9f2d70342674bd9dbccd3ed03a258f26bbd1d556822c6dfc60c317
#6 resolve docker.io/library/python:3.11.9-slim-bookworm@sha256:8fb099199b9f2d70342674bd9dbccd3ed03a258f26bbd1d556822c6dfc60c317 0.0s done
#6 DONE 0.0s

#7 [2/4] WORKDIR /workspace
#7 CACHED

#8 [3/4] RUN pip install --no-cache-dir numpy==1.26.4 pillow==10.4.0
#8 CACHED

#9 [4/4] COPY experiments/H001_geom_reliability/scripts/ /opt/h001/scripts/
#9 DONE 0.1s

#10 exporting to image
#10 exporting layers 0.1s done
#10 exporting manifest sha256:c6a9ede3f6f3b4cf9989fc5c4252989e95be40e2919a698471e2ca5b5f34adc5 0.0s done
#10 exporting config sha256:74d0638a77cfd7603ef60e05cf2532bf433e59b01c8da69f44f2687fd4c40741 0.0s done
#10 exporting attestation manifest sha256:8c7426a1fadfdf14434271cbf5c0eb76a29af0bf8748724b31b10edfa0fad451 0.1s done
#10 exporting manifest list sha256:75396b25ac0ef8d1edb47960984f2e2205d02bf1465dd4547bb197a56e1334f7
#10 exporting manifest list sha256:75396b25ac0ef8d1edb47960984f2e2205d02bf1465dd4547bb197a56e1334f7 0.0s done
#10 naming to docker.io/library/h001-geom-reliability:latest done
#10 unpacking to docker.io/library/h001-geom-reliability:latest 0.0s done
#10 DONE 0.3s

#11 resolving provenance for metadata file
#11 DONE 0.0s
 Image h001-geom-reliability:latest Built 
 Container h001_geom_reliability-table_builder-run-ac5d8770ef94 Creating 
 Container h001_geom_reliability-table_builder-run-ac5d8770ef94 Created 
{"out": "/workspace/experiments/H001_geom_reliability", "status": "ready"}
