#0 building with "default" instance using docker driver

#1 [internal] load build definition from Dockerfile
#1 transferring dockerfile: 335B done
#1 DONE 0.0s

#2 [internal] load metadata for docker.io/library/python:3.11.9-slim-bookworm
#2 DONE 0.3s

#3 [internal] load .dockerignore
#3 transferring context: 2B done
#3 DONE 0.0s

#4 [internal] load build context
#4 transferring context: 5.09kB done
#4 DONE 0.0s

#5 [1/4] FROM docker.io/library/python:3.11.9-slim-bookworm@sha256:8fb099199b9f2d70342674bd9dbccd3ed03a258f26bbd1d556822c6dfc60c317
#5 resolve docker.io/library/python:3.11.9-slim-bookworm@sha256:8fb099199b9f2d70342674bd9dbccd3ed03a258f26bbd1d556822c6dfc60c317 0.0s done
#5 DONE 0.0s

#6 [2/4] WORKDIR /workspace
#6 CACHED

#7 [3/4] RUN pip install --no-cache-dir numpy==1.26.4 pillow==10.4.0
#7 CACHED

#8 [4/4] COPY experiments/H001_geom_reliability/scripts/ /opt/h001/scripts/
#8 CACHED

#9 exporting to image
#9 exporting layers done
#9 exporting manifest sha256:6d5f2c5177563a46cf0692249eb9e0fdf00ba340235a7c355b1c10468c0a95d0 done
#9 exporting config sha256:7354ab46aea18d067f08de5dff73ddeedbc73b43ef3b5333fe95f078573a5acf done
#9 exporting attestation manifest sha256:ba3460235b7618f459802462643317a9fe7e48403795a20e686faffb90ec76b3
#9 exporting attestation manifest sha256:ba3460235b7618f459802462643317a9fe7e48403795a20e686faffb90ec76b3 0.1s done
#9 exporting manifest list sha256:841b58990ab6488fd2576bb312da14c6c271b72a2d04adc86c5b9b551cf84b6d 0.0s done
#9 naming to docker.io/library/h001-geom-reliability:latest done
#9 unpacking to docker.io/library/h001-geom-reliability:latest 0.0s done
#9 DONE 0.2s
