#0 building with "default" instance using docker driver

#1 [internal] load build definition from Dockerfile
#1 transferring dockerfile: 335B done
#1 DONE 0.0s

#2 [internal] load metadata for docker.io/library/python:3.11.9-slim-bookworm
#2 DONE 5.2s

#3 [internal] load .dockerignore
#3 transferring context: 2B done
#3 DONE 0.0s

#4 [internal] load build context
#4 transferring context: 21.84kB done
#4 DONE 0.0s

#5 [1/4] FROM docker.io/library/python:3.11.9-slim-bookworm@sha256:8fb099199b9f2d70342674bd9dbccd3ed03a258f26bbd1d556822c6dfc60c317
#5 resolve docker.io/library/python:3.11.9-slim-bookworm@sha256:8fb099199b9f2d70342674bd9dbccd3ed03a258f26bbd1d556822c6dfc60c317 0.0s done
#5 DONE 0.0s

#6 [2/4] WORKDIR /workspace
#6 CACHED

#7 [3/4] RUN pip install --no-cache-dir numpy==1.26.4 pillow==10.4.0
#7 CACHED

#8 [4/4] COPY experiments/H001_geom_reliability/scripts/ /opt/h001/scripts/
#8 DONE 0.1s

#9 exporting to image
#9 exporting layers 0.1s done
#9 exporting manifest sha256:0e22709c61f6a0a3054c88e80569af9eca2a1041c27a7e56e76d2a320b761b07 0.0s done
#9 exporting config sha256:59f6b17f6fbdc9fc201a79dcfa91ac2d74b079876815487f3ad41543d0af4efc 0.0s done
#9 exporting attestation manifest sha256:72fab706f07a6855602ac1a3c62fb8b2f45405bee41dcba3c30cf7d976119568 0.1s done
#9 exporting manifest list sha256:07c8905b4aadfb29c2a1be3ddcee2eb50b3b261640ad377df8572b0720414cca
#9 exporting manifest list sha256:07c8905b4aadfb29c2a1be3ddcee2eb50b3b261640ad377df8572b0720414cca 0.0s done
#9 naming to docker.io/library/h001-geom-reliability:latest done
#9 unpacking to docker.io/library/h001-geom-reliability:latest 0.0s done
#9 DONE 0.4s
