 Image h001-geom-reliability:latest Building 
#1 [internal] load local bake definitions
#1 reading from stdin 579B done
#1 DONE 0.0s

#2 [internal] load build definition from Dockerfile
#2 transferring dockerfile: 335B done
#2 DONE 0.0s

#3 [auth] library/python:pull token for registry-1.docker.io
#3 DONE 0.0s

#4 [internal] load metadata for docker.io/library/python:3.11.9-slim-bookworm
#4 DONE 1.4s

#5 [internal] load .dockerignore
#5 transferring context: 2B done
#5 DONE 0.0s

#6 [internal] load build context
#6 transferring context: 53.88kB done
#6 DONE 0.0s

#7 [1/4] FROM docker.io/library/python:3.11.9-slim-bookworm@sha256:8fb099199b9f2d70342674bd9dbccd3ed03a258f26bbd1d556822c6dfc60c317
#7 resolve docker.io/library/python:3.11.9-slim-bookworm@sha256:8fb099199b9f2d70342674bd9dbccd3ed03a258f26bbd1d556822c6dfc60c317 0.0s done
#7 DONE 0.0s

#8 [2/4] WORKDIR /workspace
#8 CACHED

#9 [3/4] RUN pip install --no-cache-dir numpy==1.26.4 pillow==10.4.0
#9 CACHED

#10 [4/4] COPY experiments/H001_geom_reliability/scripts/ /opt/h001/scripts/
#10 DONE 0.1s

#11 exporting to image
#11 exporting layers 0.1s done
#11 exporting manifest sha256:6ce16dc921b41ba3d916accd5ad818094ec51c98123e884af3df2c689e54d7e8 0.0s done
#11 exporting config sha256:2b4fab4c3721e1a92dd99a9d4c26d6dba82e279962442f86f9f4830655135028 0.0s done
#11 exporting attestation manifest sha256:9cca63637364bfc3740fc3058f0f3fe32f68105d78da4d6af1c1a8a95f9a45d6 0.1s done
#11 exporting manifest list sha256:0383a55e96724cc22311d6579e73e7b99300a15e63a7b1a9c3d894ed58051830 0.0s done
#11 naming to docker.io/library/h001-geom-reliability:latest done
#11 unpacking to docker.io/library/h001-geom-reliability:latest 0.0s done
#11 DONE 0.4s

#12 resolving provenance for metadata file
#12 DONE 0.0s
 Image h001-geom-reliability:latest Built 
 Container h001_geom_reliability-table_builder-run-45ac25ca34c7 Creating 
 Container h001_geom_reliability-table_builder-run-45ac25ca34c7 Created 
{"out": "/workspace/experiments/H001_geom_reliability", "status": "ready"}
