 Container open3dsg-open3dsg_base-run-0a4d5d0b3677 Creating 
 Container open3dsg-open3dsg_base-run-0a4d5d0b3677 Created 

==========
== CUDA ==
==========

CUDA Version 12.8.1

Container image Copyright (c) 2016-2023, NVIDIA CORPORATION & AFFILIATES. All rights reserved.

This container image and its contents are governed by the NVIDIA Deep Learning Container License.
By pulling and using the container, you accept the terms and conditions of this license:
https://developer.nvidia.com/ngc/nvidia-deep-learning-container-license

A copy of this license is made available in this container at /NGC-DL-CONTAINER-LICENSE for your convenience.

{
  "date_checked": "2026-06-05T05:44:40+00:00",
  "output_dir": "experiments/H001_geom_reliability/sources/open3dsg/h001_covered_recovery/preprocess_min_visible2_relaxed_final1",
  "records": "experiments/H001_geom_reliability/sources/open3dsg/h001_covered_recovery/preprocess_min_visible2_relaxed_final1/records.jsonl",
  "remove_original": true,
  "runtime_root": "local_dataset/Open3DSG_staged/h001_runtime",
  "scan_count": 1,
  "schema_version": "h001_open3dsg_view_recovery_prepare_v1",
  "status": "prepared"
}
