 Container open3dsg-open3dsg_base-run-dbbb7fc5eaae Creating 
 Container open3dsg-open3dsg_base-run-dbbb7fc5eaae Created 

==========
== CUDA ==
==========

CUDA Version 12.8.1

Container image Copyright (c) 2016-2023, NVIDIA CORPORATION & AFFILIATES. All rights reserved.

This container image and its contents are governed by the NVIDIA Deep Learning Container License.
By pulling and using the container, you accept the terms and conditions of this license:
https://developer.nvidia.com/ngc/nvidia-deep-learning-container-license

A copy of this license is made available in this container at /NGC-DL-CONTAINER-LICENSE for your convenience.

{
  "categories": {
    "source_preprocess_policy_visible_object_gate": 15
  },
  "date_checked": "2026-06-04T16:41:29+00:00",
  "diagnosed_contexts": 15,
  "missing_records": "experiments/H001_geom_reliability/sources/open3dsg/full_validation/preprocess_retry2/records.jsonl",
  "official_drop_condition": {
    "condition": "if len(objects_id) - len(drop) < 4: print('too few visible objects, scene missalignment possible'); return",
    "file": "open3dsg/data/preprocess_3rscan.py",
    "meaning": "the source drops a subgraph when fewer than four annotation objects have object2image view metadata"
  },
  "outputs": {
    "records": "experiments/H001_geom_reliability/sources/open3dsg/full_validation/preprocess_missing15_diagnosis/records.jsonl",
    "report": "experiments/H001_geom_reliability/sources/open3dsg/full_validation/preprocess_missing15_diagnosis/report.md",
    "summary": "experiments/H001_geom_reliability/sources/open3dsg/full_validation/preprocess_missing15_diagnosis/summary.json"
  },
  "recoverability": {
    "candidate_relax_min_visible_to_2": 8,
    "candidate_relax_min_visible_to_2_low_metric_value": 5,
    "not_recoverable_by_min2": 2
  },
  "relaxed_min2_candidate_count": 8,
  "relaxed_min2_candidate_ids": [
    "0cac7534-8d6f-2d13-8de7-8a915ed90050-3",
    "0cac7582-8d6f-2d13-8d4b-e4041cb166c4-1",
    "10b1794e-3938-2467-89a7-ebc89e84cf88-3",
    "10b17957-3938-2467-88a5-9e9254930dad-8",
    "10b17957-3938-2467-88a5-9e9254930dad-9",
    "422885c5-192d-25fc-85e6-12a3d65c8e7b-2",
    "bf9a3ddf-45a5-2e80-8007-8e9e7f323e52-2",
    "c7895f7c-339c-2d13-819f-3bb0b26c91f6-4"
  ],
  "runtime_root": "local_dataset/Open3DSG_staged/h001_full_validation_runtime",
  "schema_version": "h001_open3dsg_missing15_diagnosis_v1",
  "status": "diagnosis_ready",
  "unrecoverable_without_view_regeneration_count": 2,
  "unrecoverable_without_view_regeneration_ids": [
    "0cac7532-8d6f-2d13-8cea-1e70d5ae4856-2",
    "c7895f29-339c-2d13-83e9-90dbe61fa8be-5"
  ],
  "view_generation_condition": {
    "condition": "pixels > 12 and ((ratio > 0.3 or pixels > 80) or wall/floor pixels > 80), with R3Scan projection visibility threshold 0.20",
    "file": "open3dsg/data/get_object_frame.py"
  },
  "visible_annotation_object_count_histogram": {
    "1": 2,
    "2": 1,
    "3": 12
  }
}
