 Container open3dsg-open3dsg_base-run-927d77ecdd4c Creating 
 Container open3dsg-open3dsg_base-run-927d77ecdd4c Created 

==========
== CUDA ==
==========

CUDA Version 12.8.1

Container image Copyright (c) 2016-2023, NVIDIA CORPORATION & AFFILIATES. All rights reserved.

This container image and its contents are governed by the NVIDIA Deep Learning Container License.
By pulling and using the container, you accept the terms and conditions of this license:
https://developer.nvidia.com/ngc/nvidia-deep-learning-container-license

A copy of this license is made available in this container at /NGC-DL-CONTAINER-LICENSE for your convenience.

[1/10] c7895f63-339c-2d13-81a3-0b07b1eb23b4 already_ready ready=True objects=12
[2/10] 0cac7584-8d6f-2d13-8df8-c05e4307b418 already_ready ready=True objects=23
[3/10] fcf66d7b-622d-291c-86b8-7db96aebcee3 already_ready ready=True objects=19
[4/10] 0cac7582-8d6f-2d13-8d4b-e4041cb166c4 already_ready ready=True objects=17
[5/10] 0cac7532-8d6f-2d13-8cea-1e70d5ae4856 already_ready ready=True objects=4
[6/10] 10b1794e-3938-2467-89a7-ebc89e84cf88 already_ready ready=True objects=13
[7/10] 0cac7534-8d6f-2d13-8de7-8a915ed90050 already_ready ready=True objects=12
[8/10] 422885c5-192d-25fc-85e6-12a3d65c8e7b already_ready ready=True objects=9
[9/10] bf9a3ddf-45a5-2e80-8007-8e9e7f323e52 already_ready ready=True objects=11
[10/10] 422885b3-192d-25fc-84c9-9b80eea1752d already_ready ready=True objects=6
{
  "all_selected_scan_count": 10,
  "audit_only": true,
  "blockers": [],
  "claim_limit": "No Open3DSG raw dump, prediction JSONL, geometry join, metric, or improvement claim exists after view pickle generation.",
  "config_patch": "experiments/H001_geom_reliability/sources/open3dsg/h001_covered_recovery/views_default_audit/config_patch.diff",
  "date_checked": "2026-06-05T05:40:43+00:00",
  "limit": null,
  "mode": "validation",
  "next_action": "Run Open3DSG preprocess generation after view pickles are ready.",
  "offset": 0,
  "open3dsg_source": "local_dataset/Open3DSG_staged/h001_runtime/source/open3dsg_source",
  "processed_scan_count": 10,
  "schema_version": "h001_open3dsg_views_v1",
  "selected_scans_file": "local_dataset/Open3DSG_staged/h001_runtime/data/3RScan/3DSSG_subset/validation_scans.txt",
  "staged_root": "local_dataset/Open3DSG_staged/h001_runtime",
  "status": "views_ready",
  "summary": {
    "actions": {
      "already_ready": 10
    },
    "failed_records": [],
    "missing_scan_count": 0,
    "processed_scan_count": 10,
    "ready_scan_count": 10,
    "total_frame_ref_count": 297,
    "total_object_count": 126,
    "total_size_bytes": 357803
  },
  "view_root": "local_dataset/Open3DSG_staged/h001_runtime/output/datasets/OpenSG_3RScan/views",
  "work_source": "local_dataset/Open3DSG_staged/h001_runtime/work/open3dsg_h001_r2_recovery_source",
  "workers": 1
}
