 Container open3dsg-open3dsg_base-run-80e7bee25b03 Creating 
 Container open3dsg-open3dsg_base-run-80e7bee25b03 Created 

==========
== CUDA ==
==========

CUDA Version 12.8.1

Container image Copyright (c) 2016-2023, NVIDIA CORPORATION & AFFILIATES. All rights reserved.

This container image and its contents are governed by the NVIDIA Deep Learning Container License.
By pulling and using the container, you accept the terms and conditions of this license:
https://developer.nvidia.com/ngc/nvidia-deep-learning-container-license

A copy of this license is made available in this container at /NGC-DL-CONTAINER-LICENSE for your convenience.

[1/388] ab835faa-54c6-29a1-9b55-1a5217fcba19-1 already_ready ready=True bytes=29036969
[2/388] ab835faa-54c6-29a1-9b55-1a5217fcba19-2 already_ready ready=True bytes=16448616
[3/388] ab835faa-54c6-29a1-9b55-1a5217fcba19-3 already_ready ready=True bytes=29019696
[4/388] 6e67e550-1209-2cd0-8294-7cc2564cf82c-1 already_ready ready=True bytes=36770108
[5/388] 6e67e550-1209-2cd0-8294-7cc2564cf82c-2 already_ready ready=True bytes=36758912
[6/388] 6e67e550-1209-2cd0-8294-7cc2564cf82c-3 already_ready ready=True bytes=11000917
[7/388] bcb0fe06-4f39-2c70-9c24-a8dd7496c2f8-1 already_ready ready=True bytes=7633316
[8/388] bcb0fe06-4f39-2c70-9c24-a8dd7496c2f8-2 already_ready ready=True bytes=7637184
[9/388] bcb0fe06-4f39-2c70-9c24-a8dd7496c2f8-3 already_ready ready=True bytes=29014908
[10/388] bcb0fe06-4f39-2c70-9c24-a8dd7496c2f8-4 already_ready ready=True bytes=11564870
[11/388] c2d99345-1947-2fbf-818d-90ea82acef29-1 already_ready ready=True bytes=29057932
[12/388] c2d99345-1947-2fbf-818d-90ea82acef29-2 already_ready ready=True bytes=36775143
[13/388] 742e8f17-be0a-294e-9dd3-52492d308e2b-1 already_ready ready=True bytes=29019512
[14/388] 742e8f17-be0a-294e-9dd3-52492d308e2b-2 already_ready ready=True bytes=29034950
[15/388] 742e8f17-be0a-294e-9dd3-52492d308e2b-3 already_ready ready=True bytes=16307807
[16/388] 20c993b3-698f-29c5-859c-dca8ddecf220-1 already_ready ready=True bytes=29024004
[17/388] 20c993b3-698f-29c5-859c-dca8ddecf220-2 already_ready ready=True bytes=7224195
[18/388] 10b17963-3938-2467-8a48-0d4af350ce92-1 already_ready ready=True bytes=22259486
[19/388] 10b17963-3938-2467-8a48-0d4af350ce92-2 already_ready ready=True bytes=16302815
[20/388] 1d233fe8-e280-2b1a-8fac-c3646a1cd64a-1 already_ready ready=True bytes=16446981
[21/388] 1d233fe8-e280-2b1a-8fac-c3646a1cd64a-2 already_ready ready=True bytes=36717299
[22/388] c7895f63-339c-2d13-81a3-0b07b1eb23b4-1 already_ready ready=True bytes=11579009
[23/388] c7895f63-339c-2d13-81a3-0b07b1eb23b4-2 already_ready ready=True bytes=4639102
[24/388] c7895f63-339c-2d13-81a3-0b07b1eb23b4-3 already_ready ready=True bytes=16307499
[25/388] 43b8cadf-6678-2e38-9920-064144c99406-1 already_ready ready=True bytes=36795225
[26/388] 43b8cadf-6678-2e38-9920-064144c99406-2 already_ready ready=True bytes=22300557
[27/388] 43b8cadf-6678-2e38-9920-064144c99406-3 already_ready ready=True bytes=22134207
[28/388] 0cac7676-8d6f-2d13-8f3a-d7bf7f03e721-1 already_ready ready=True bytes=11580526
[29/388] 0cac7676-8d6f-2d13-8f3a-d7bf7f03e721-2 already_ready ready=True bytes=22286675
[30/388] 0cac7676-8d6f-2d13-8f3a-d7bf7f03e721-3 already_ready ready=True bytes=22279892
[31/388] 0cac7676-8d6f-2d13-8f3a-d7bf7f03e721-4 already_ready ready=True bytes=36770476
[32/388] 0cac7676-8d6f-2d13-8f3a-d7bf7f03e721-5 already_ready ready=True bytes=36752236
[33/388] 1d234022-e280-2b1a-8cec-e9787bb0d7b2-1 already_ready ready=True bytes=22261928
[34/388] 1d234022-e280-2b1a-8cec-e9787bb0d7b2-2 already_ready ready=True bytes=22264951
[35/388] 1d234022-e280-2b1a-8cec-e9787bb0d7b2-3 already_ready ready=True bytes=36726231
[36/388] 1d234024-e280-2b1a-8c28-2743fefed020-1 already_ready ready=True bytes=16442345
[37/388] 1d234024-e280-2b1a-8c28-2743fefed020-2 already_ready ready=True bytes=22263389
[38/388] 1d234024-e280-2b1a-8c28-2743fefed020-3 already_ready ready=True bytes=16452398
[39/388] 095821f7-e2c2-2de1-9568-b9ce59920e29-1 already_ready ready=True bytes=36799321
[40/388] 0cac761b-8d6f-2d13-8f16-23a7d73c54fe-1 already_ready ready=True bytes=36734525
[41/388] 0cac761b-8d6f-2d13-8f16-23a7d73c54fe-2 already_ready ready=True bytes=16155530
[42/388] 7272e17c-a01b-20f6-8b2f-e659331ae41a-1 already_ready ready=True bytes=29077741
[43/388] 7272e17c-a01b-20f6-8b2f-e659331ae41a-2 already_ready ready=True bytes=29108185
[44/388] 7272e17c-a01b-20f6-8b2f-e659331ae41a-3 already_ready ready=True bytes=36784285
[45/388] 0cac7584-8d6f-2d13-8df8-c05e4307b418-1 already_ready ready=True bytes=7648392
[46/388] 0cac7584-8d6f-2d13-8df8-c05e4307b418-2 already_ready ready=True bytes=29030035
[47/388] 0cac7584-8d6f-2d13-8df8-c05e4307b418-3 already_ready ready=True bytes=29035494
[48/388] 0cac7584-8d6f-2d13-8df8-c05e4307b418-4 already_ready ready=True bytes=11599310
[49/388] 0cac7584-8d6f-2d13-8df8-c05e4307b418-5 already_ready ready=True bytes=2601042
[50/388] 5341b79f-8a66-2cdd-84d5-6dba6525dd75-1 already_ready ready=True bytes=22270764
[51/388] 5341b79f-8a66-2cdd-84d5-6dba6525dd75-2 already_ready ready=True bytes=16444100
[52/388] 5341b79f-8a66-2cdd-84d5-6dba6525dd75-3 already_ready ready=True bytes=7340685
[53/388] 68bae75f-3567-2f7c-829d-7422117729f3-1 already_ready ready=True bytes=22272314
[54/388] 68bae75f-3567-2f7c-829d-7422117729f3-2 already_ready ready=True bytes=36751557
[55/388] 68bae75f-3567-2f7c-829d-7422117729f3-3 already_ready ready=True bytes=16159076
[56/388] 0988ea72-eb32-2e61-8344-99e2283c2728-1 already_ready ready=True bytes=36783910
[57/388] 0988ea72-eb32-2e61-8344-99e2283c2728-2 already_ready ready=True bytes=36773211
[58/388] 0988ea72-eb32-2e61-8344-99e2283c2728-3 already_ready ready=True bytes=36754540
[59/388] 0988ea72-eb32-2e61-8344-99e2283c2728-4 already_ready ready=True bytes=22315429
[60/388] b05fdd96-fca0-2d4f-88c3-d9dfda85c00e-1 already_ready ready=True bytes=16454715
[61/388] b05fdd96-fca0-2d4f-88c3-d9dfda85c00e-2 already_ready ready=True bytes=21977337
[62/388] 0cac75ea-8d6f-2d13-8e50-c5faf0159e32-1 already_ready ready=True bytes=36729471
[63/388] 0cac75ea-8d6f-2d13-8e50-c5faf0159e32-2 already_ready ready=True bytes=29028591
[64/388] 10b1792a-3938-2467-8b4e-a93da27a0985-1 already_ready ready=True bytes=29094591
[65/388] 10b1792a-3938-2467-8b4e-a93da27a0985-2 already_ready ready=True bytes=22278186
[66/388] 10b1792a-3938-2467-8b4e-a93da27a0985-3 already_ready ready=True bytes=22286871
[67/388] 10b1792a-3938-2467-8b4e-a93da27a0985-4 already_ready ready=True bytes=29037338
[68/388] 10b1792a-3938-2467-8b4e-a93da27a0985-5 already_ready ready=True bytes=36746553
[69/388] 9766cbe5-6321-2e2f-8040-4e5b7a5d8ba1-1 already_ready ready=True bytes=36770298
[70/388] 9766cbe5-6321-2e2f-8040-4e5b7a5d8ba1-2 already_ready ready=True bytes=36782808
[71/388] 9766cbe5-6321-2e2f-8040-4e5b7a5d8ba1-3 already_ready ready=True bytes=36795760
[72/388] 9766cbe5-6321-2e2f-8040-4e5b7a5d8ba1-4 already_ready ready=True bytes=36834848
[73/388] 9766cbe5-6321-2e2f-8040-4e5b7a5d8ba1-5 already_ready ready=True bytes=22110672
[74/388] 6bde60cd-9162-246f-8fad-fca80b4d6ad8-1 already_ready ready=True bytes=10993716
[75/388] c2d99343-1947-2fbf-808f-92dbb7d47aa5-1 already_ready ready=True bytes=36783056
[76/388] 4138582f-a238-2435-8332-6902542c2823-1 already_ready ready=True bytes=36716588
[77/388] 4138582f-a238-2435-8332-6902542c2823-2 already_ready ready=True bytes=29013879
[78/388] 4138582f-a238-2435-8332-6902542c2823-3 already_ready ready=True bytes=7342251
[79/388] 7272e16c-a01b-20f6-8961-a0927b4a7629-1 already_ready ready=True bytes=29052389
[80/388] 7272e16c-a01b-20f6-8961-a0927b4a7629-2 already_ready ready=True bytes=11578797
[81/388] 6e67e55f-1209-2cd0-8194-8c6278434c80-1 already_ready ready=True bytes=29036758
[82/388] 6e67e55f-1209-2cd0-8194-8c6278434c80-2 already_ready ready=True bytes=7199836
[83/388] f2c76ff1-2239-29d0-87f5-8a0346584384-1 already_ready ready=True bytes=22260988
[84/388] f2c76ff1-2239-29d0-87f5-8a0346584384-2 already_ready ready=True bytes=29038933
[85/388] f2c76ff1-2239-29d0-87f5-8a0346584384-3 already_ready ready=True bytes=7638608
[86/388] f2c76ff1-2239-29d0-87f5-8a0346584384-4 already_ready ready=True bytes=16158285
[87/388] 6bde607b-9162-246f-8e65-76e3ef265504-1 already_ready ready=True bytes=29074793
[88/388] 6bde607b-9162-246f-8e65-76e3ef265504-2 already_ready ready=True bytes=36738339
[89/388] 7747a510-9431-24e8-8705-907ee78be2a2-1 already_ready ready=True bytes=36808159
[90/388] 7747a510-9431-24e8-8705-907ee78be2a2-2 already_ready ready=True bytes=36770541
[91/388] 7747a510-9431-24e8-8705-907ee78be2a2-3 already_ready ready=True bytes=36773046
[92/388] 7747a510-9431-24e8-8705-907ee78be2a2-4 already_ready ready=True bytes=36878494
[93/388] 7747a510-9431-24e8-8705-907ee78be2a2-5 already_ready ready=True bytes=36836868
[94/388] 7747a510-9431-24e8-8705-907ee78be2a2-6 already_ready ready=True bytes=36797444
[95/388] 7747a510-9431-24e8-8705-907ee78be2a2-7 already_ready ready=True bytes=36782816
[96/388] 43b8cae1-6678-2e38-9865-c19c07c25015-1 already_ready ready=True bytes=28918317
[97/388] 43b8cae1-6678-2e38-9865-c19c07c25015-2 already_ready ready=True bytes=36828499
[98/388] 43b8cae1-6678-2e38-9865-c19c07c25015-3 already_ready ready=True bytes=36766679
[99/388] 4d3d82b0-8cf4-2e04-80a8-c955ea964c2f-1 already_ready ready=True bytes=36821857
[100/388] 4d3d82b0-8cf4-2e04-80a8-c955ea964c2f-2 already_ready ready=True bytes=22277141
[101/388] 4d3d82b0-8cf4-2e04-80a8-c955ea964c2f-3 already_ready ready=True bytes=7064215
[102/388] c92fb5b7-f771-2064-87a9-31c819832405-1 already_ready ready=True bytes=36770835
[103/388] c92fb5b7-f771-2064-87a9-31c819832405-2 already_ready ready=True bytes=36769862
[104/388] c92fb5b7-f771-2064-87a9-31c819832405-3 already_ready ready=True bytes=36762963
[105/388] c92fb5b7-f771-2064-87a9-31c819832405-4 already_ready ready=True bytes=22296176
[106/388] 9766cbf7-6321-2e2f-81e1-2b46533c64dd-1 already_ready ready=True bytes=36796402
[107/388] 9766cbf7-6321-2e2f-81e1-2b46533c64dd-2 already_ready ready=True bytes=36812311
[108/388] 9766cbf7-6321-2e2f-81e1-2b46533c64dd-3 already_ready ready=True bytes=36767572
[109/388] 9766cbf7-6321-2e2f-81e1-2b46533c64dd-4 already_ready ready=True bytes=28955636
[110/388] 4d3d82ae-8cf4-2e04-80de-20f96c814d9c-1 already_ready ready=True bytes=36793387
[111/388] 4d3d82ae-8cf4-2e04-80de-20f96c814d9c-2 already_ready ready=True bytes=16459719
[112/388] fcf66d7b-622d-291c-86b8-7db96aebcee3-1 already_ready ready=True bytes=28910966
[113/388] fcf66d7b-622d-291c-86b8-7db96aebcee3-2 already_ready ready=True bytes=36734546
[114/388] fcf66d7b-622d-291c-86b8-7db96aebcee3-3 already_ready ready=True bytes=4063159
[115/388] 20c993bf-698f-29c5-8549-a69fd169c1e1-1 already_ready ready=True bytes=22276386
[116/388] ba6fdaaa-a4c1-2dca-8163-a52b18bf6b64-1 already_ready ready=True bytes=36789839
[117/388] ba6fdaaa-a4c1-2dca-8163-a52b18bf6b64-2 already_ready ready=True bytes=16479949
[118/388] ba6fdaaa-a4c1-2dca-8163-a52b18bf6b64-3 already_ready ready=True bytes=36783335
[119/388] ba6fdaaa-a4c1-2dca-8163-a52b18bf6b64-4 already_ready ready=True bytes=36790145
[120/388] ba6fdaaa-a4c1-2dca-8163-a52b18bf6b64-5 already_ready ready=True bytes=36779221
[121/388] 8eabc445-5af7-2f32-85ae-90deb8eb1b0b-1 already_ready ready=True bytes=36725929
[122/388] 8eabc445-5af7-2f32-85ae-90deb8eb1b0b-2 already_ready ready=True bytes=22259698
[123/388] 8eabc445-5af7-2f32-85ae-90deb8eb1b0b-3 already_ready ready=True bytes=7348888
[124/388] 4a9a43d4-7736-2874-87a6-0c3089281af8-1 already_ready ready=True bytes=36970964
[125/388] 4a9a43d4-7736-2874-87a6-0c3089281af8-2 already_ready ready=True bytes=36895989
[126/388] 4a9a43d4-7736-2874-87a6-0c3089281af8-3 already_ready ready=True bytes=37140544
[127/388] 4a9a43d4-7736-2874-87a6-0c3089281af8-4 already_ready ready=True bytes=36930303
[128/388] 4a9a43d4-7736-2874-87a6-0c3089281af8-5 already_ready ready=True bytes=29222553
[129/388] 4a9a43d4-7736-2874-87a6-0c3089281af8-6 already_ready ready=True bytes=36920498
[130/388] 4a9a43d4-7736-2874-87a6-0c3089281af8-7 already_ready ready=True bytes=36952910
[131/388] 4a9a43d4-7736-2874-87a6-0c3089281af8-8 already_ready ready=True bytes=11159986
[132/388] 4fbad331-465b-2a5d-8488-852fcda9513c-1 already_ready ready=True bytes=28966477
[133/388] 4fbad331-465b-2a5d-8488-852fcda9513c-2 already_ready ready=True bytes=36790212
[134/388] 4fbad331-465b-2a5d-8488-852fcda9513c-3 already_ready ready=True bytes=29103209
[135/388] 4fbad331-465b-2a5d-8488-852fcda9513c-4 already_ready ready=True bytes=36846470
[136/388] 4fbad331-465b-2a5d-8488-852fcda9513c-5 already_ready ready=True bytes=36776922
[137/388] 095821fb-e2c2-2de1-94df-20f2cb423bcb-1 already_ready ready=True bytes=36820871
[138/388] 20c993bd-698f-29c5-8494-5556ba7d3fe9-1 already_ready ready=True bytes=22148109
[139/388] 137a8158-1db5-2cc0-8003-31c12610471e-1 already_ready ready=True bytes=29150432
[140/388] 137a8158-1db5-2cc0-8003-31c12610471e-2 already_ready ready=True bytes=36815384
[141/388] 137a8158-1db5-2cc0-8003-31c12610471e-3 already_ready ready=True bytes=36811060
[142/388] 137a8158-1db5-2cc0-8003-31c12610471e-4 already_ready ready=True bytes=36798470
[143/388] 137a8158-1db5-2cc0-8003-31c12610471e-5 already_ready ready=True bytes=36823455
[144/388] 137a8158-1db5-2cc0-8003-31c12610471e-6 already_ready ready=True bytes=16102780
[145/388] cdcaf5bd-ddd8-2ed6-97c3-489e105e4dde-1 already_ready ready=True bytes=16461348
[146/388] cdcaf5bd-ddd8-2ed6-97c3-489e105e4dde-2 already_ready ready=True bytes=36730896
[147/388] cdcaf5bd-ddd8-2ed6-97c3-489e105e4dde-3 already_ready ready=True bytes=29031440
[148/388] 5630cfe7-12bf-2860-8710-52729dc36cc6-1 already_ready ready=True bytes=36762844
[149/388] 5630cfe7-12bf-2860-8710-52729dc36cc6-2 already_ready ready=True bytes=16196685
[150/388] 9af05c68-5794-2e19-8c5a-979f448da545-1 already_ready ready=True bytes=36823642
[151/388] 9af05c68-5794-2e19-8c5a-979f448da545-2 already_ready ready=True bytes=36839285
[152/388] 9af05c68-5794-2e19-8c5a-979f448da545-3 already_ready ready=True bytes=29056903
[153/388] 9af05c68-5794-2e19-8c5a-979f448da545-4 already_ready ready=True bytes=36877042
[154/388] 9af05c68-5794-2e19-8c5a-979f448da545-5 already_ready ready=True bytes=28954696
[155/388] d7d40d4c-7a5d-2b36-95c1-5f6c9147caf0-1 already_ready ready=True bytes=36765993
[156/388] d7d40d4c-7a5d-2b36-95c1-5f6c9147caf0-2 already_ready ready=True bytes=36799463
[157/388] 5630cfcf-12bf-2860-8784-83d28a611a83-1 already_ready ready=True bytes=36782083
[158/388] 5630cfcf-12bf-2860-8784-83d28a611a83-2 already_ready ready=True bytes=29067265
[159/388] 5630cfcf-12bf-2860-8784-83d28a611a83-3 already_ready ready=True bytes=22011767
[160/388] 6bde6081-9162-246f-8c4e-ffaf709d17b1-1 already_ready ready=True bytes=22285757
[161/388] 6bde6081-9162-246f-8c4e-ffaf709d17b1-2 already_ready ready=True bytes=16310460
[162/388] 0cac7582-8d6f-2d13-8d4b-e4041cb166c4-1 already_ready ready=True bytes=4649029
[163/388] 0cac7582-8d6f-2d13-8d4b-e4041cb166c4-2 already_ready ready=True bytes=22266681
[164/388] 0cac7582-8d6f-2d13-8d4b-e4041cb166c4-3 already_ready ready=True bytes=16447469
[165/388] 0cac7582-8d6f-2d13-8d4b-e4041cb166c4-4 already_ready ready=True bytes=7208942
[166/388] f2c76fe7-2239-29d0-84f5-144c30fd7451-1 already_ready ready=True bytes=36741963
[167/388] f2c76fe7-2239-29d0-84f5-144c30fd7451-2 already_ready ready=True bytes=29075958
[168/388] f2c76fe7-2239-29d0-84f5-144c30fd7451-3 already_ready ready=True bytes=11294033
[169/388] d7d40d50-7a5d-2b36-9446-7d636174329f-1 already_ready ready=True bytes=36766183
[170/388] d7d40d50-7a5d-2b36-9446-7d636174329f-2 already_ready ready=True bytes=29080030
[171/388] 0cac7532-8d6f-2d13-8cea-1e70d5ae4856-1 already_ready ready=True bytes=7628750
[172/388] 0cac7532-8d6f-2d13-8cea-1e70d5ae4856-2 already_ready ready=True bytes=4202599
[173/388] 5630cfd3-12bf-2860-8749-9dacb499fb14-1 already_ready ready=True bytes=16497844
[174/388] 5630cfd3-12bf-2860-8749-9dacb499fb14-2 already_ready ready=True bytes=36826494
[175/388] 4a9a43d2-7736-2874-874d-d0fad0570e19-1 already_ready ready=True bytes=36843755
[176/388] 4a9a43d2-7736-2874-874d-d0fad0570e19-2 already_ready ready=True bytes=36897548
[177/388] 4a9a43d2-7736-2874-874d-d0fad0570e19-3 already_ready ready=True bytes=36940173
[178/388] 4a9a43d2-7736-2874-874d-d0fad0570e19-4 already_ready ready=True bytes=36866166
[179/388] 4a9a43d2-7736-2874-874d-d0fad0570e19-5 already_ready ready=True bytes=36825181
[180/388] 4a9a43d2-7736-2874-874d-d0fad0570e19-6 already_ready ready=True bytes=36884398
[181/388] 4a9a43d2-7736-2874-874d-d0fad0570e19-7 already_ready ready=True bytes=36853588
[182/388] 4a9a43d2-7736-2874-874d-d0fad0570e19-8 already_ready ready=True bytes=36933177
[183/388] 321c8680-a5a8-2a84-85c2-816a26d59516-1 already_ready ready=True bytes=36749042
[184/388] 321c8680-a5a8-2a84-85c2-816a26d59516-2 already_ready ready=True bytes=29052696
[185/388] 321c8680-a5a8-2a84-85c2-816a26d59516-3 already_ready ready=True bytes=16019185
[186/388] 5630cfde-12bf-2860-8563-d68bdd98fab0-1 already_ready ready=True bytes=22253358
[187/388] 5630cfde-12bf-2860-8563-d68bdd98fab0-2 already_ready ready=True bytes=29017632
[188/388] bcb0fe04-4f39-2c70-9f03-d0eec592de24-1 already_ready ready=True bytes=16435619
[189/388] bcb0fe04-4f39-2c70-9f03-d0eec592de24-2 already_ready ready=True bytes=11565428
[190/388] bcb0fe04-4f39-2c70-9f03-d0eec592de24-3 already_ready ready=True bytes=7632416
[191/388] c2d99341-1947-2fbf-817a-5aa9b44f724f-1 already_ready ready=True bytes=22308358
[192/388] c2d99341-1947-2fbf-817a-5aa9b44f724f-2 already_ready ready=True bytes=16338718
[193/388] 787ed58c-9d98-2c97-83b9-b48a609ace15-1 already_ready ready=True bytes=22152254
[194/388] 787ed58c-9d98-2c97-83b9-b48a609ace15-2 already_ready ready=True bytes=36731495
[195/388] 787ed58c-9d98-2c97-83b9-b48a609ace15-3 already_ready ready=True bytes=11143200
[196/388] 742e8f19-be0a-294e-9eb6-50dc474b110e-1 already_ready ready=True bytes=11568928
[197/388] 742e8f19-be0a-294e-9eb6-50dc474b110e-2 already_ready ready=True bytes=29033071
[198/388] 742e8f19-be0a-294e-9eb6-50dc474b110e-3 already_ready ready=True bytes=16446614
[199/388] 10b1794e-3938-2467-89a7-ebc89e84cf88-1 already_ready ready=True bytes=16437639
[200/388] 10b1794e-3938-2467-89a7-ebc89e84cf88-2 already_ready ready=True bytes=16468785
[201/388] 10b1794e-3938-2467-89a7-ebc89e84cf88-3 already_ready ready=True bytes=4346410
[202/388] 10b17940-3938-2467-8a7a-958300ba83d3-1 already_ready ready=True bytes=22290977
[203/388] 10b17940-3938-2467-8a7a-958300ba83d3-2 already_ready ready=True bytes=36753951
[204/388] 10b17940-3938-2467-8a7a-958300ba83d3-3 already_ready ready=True bytes=29057841
[205/388] c2d99347-1947-2fbf-834b-f95790c125dd-1 already_ready ready=True bytes=29039182
[206/388] c2d99347-1947-2fbf-834b-f95790c125dd-2 already_ready ready=True bytes=11580768
[207/388] 4fbad31e-465b-2a5d-84b7-c0ddea978db4-1 already_ready ready=True bytes=29028339
[208/388] 4fbad31e-465b-2a5d-84b7-c0ddea978db4-2 already_ready ready=True bytes=36804425
[209/388] 4fbad31e-465b-2a5d-84b7-c0ddea978db4-3 already_ready ready=True bytes=36859491
[210/388] 4fbad31e-465b-2a5d-84b7-c0ddea978db4-4 already_ready ready=True bytes=36887382
[211/388] 4fbad31e-465b-2a5d-84b7-c0ddea978db4-5 already_ready ready=True bytes=36840676
[212/388] 4fbad31e-465b-2a5d-84b7-c0ddea978db4-6 already_ready ready=True bytes=29042604
[213/388] 5341b7a5-8a66-2cdd-8751-70b98263cb8d-1 already_ready ready=True bytes=36715577
[214/388] 4138585b-a238-2435-810b-9728fc989b2f-1 already_ready ready=True bytes=22294437
[215/388] 4138585b-a238-2435-810b-9728fc989b2f-2 already_ready ready=True bytes=36763328
[216/388] 4138585b-a238-2435-810b-9728fc989b2f-3 already_ready ready=True bytes=22313380
[217/388] c2d99349-1947-2fbf-837e-a0bd5e027c52-1 already_ready ready=True bytes=29047713
[218/388] c2d99349-1947-2fbf-837e-a0bd5e027c52-2 already_ready ready=True bytes=36747468
[219/388] c2d99349-1947-2fbf-837e-a0bd5e027c52-3 already_ready ready=True bytes=16050252
[220/388] 1d233fe6-e280-2b1a-8caf-eb0d13a59ad6-1 already_ready ready=True bytes=29017767
[221/388] 1d233fe6-e280-2b1a-8caf-eb0d13a59ad6-2 already_ready ready=True bytes=36718417
[222/388] 77361fd4-d054-2a22-88c4-b5b404f904ca-1 already_ready ready=True bytes=11437965
[223/388] 0cac75e8-8d6f-2d13-8fc4-acdbf00437c8-1 already_ready ready=True bytes=36738658
[224/388] 0cac75e8-8d6f-2d13-8fc4-acdbf00437c8-2 already_ready ready=True bytes=16455843
[225/388] 0cac75e8-8d6f-2d13-8fc4-acdbf00437c8-3 already_ready ready=True bytes=7054575
[226/388] 0cac7534-8d6f-2d13-8de7-8a915ed90050-1 already_ready ready=True bytes=16435925
[227/388] 0cac7534-8d6f-2d13-8de7-8a915ed90050-2 already_ready ready=True bytes=11559294
[228/388] 0cac7534-8d6f-2d13-8de7-8a915ed90050-3 already_ready ready=True bytes=4344049
[229/388] 0cac75dc-8d6f-2d13-8d08-9c497bd6acdc-1 already_ready ready=True bytes=11587177
[230/388] 0cac75dc-8d6f-2d13-8d08-9c497bd6acdc-2 already_ready ready=True bytes=29030638
[231/388] 0cac75dc-8d6f-2d13-8d08-9c497bd6acdc-3 already_ready ready=True bytes=11580585
[232/388] 0cac75dc-8d6f-2d13-8d08-9c497bd6acdc-4 already_ready ready=True bytes=22264731
[233/388] 0cac75dc-8d6f-2d13-8d08-9c497bd6acdc-5 already_ready ready=True bytes=11159605
[234/388] 6bde60cf-9162-246f-8f98-6355d75494c2-1 already_ready ready=True bytes=28911301
[235/388] 4238490c-60a7-271e-9f38-3c651e3b3912-1 already_ready ready=True bytes=29020417
[236/388] 4238490c-60a7-271e-9f38-3c651e3b3912-2 already_ready ready=True bytes=28882166
[237/388] c2d9933f-1947-2fbf-807f-c44bc1aed269-1 already_ready ready=True bytes=36817129
[238/388] c2d9933f-1947-2fbf-807f-c44bc1aed269-2 already_ready ready=True bytes=36774309
[239/388] 742e8f15-be0a-294e-9ebb-6c72dbcb9662-1 already_ready ready=True bytes=36737625
[240/388] 742e8f15-be0a-294e-9ebb-6c72dbcb9662-2 already_ready ready=True bytes=11596301
[241/388] 742e8f15-be0a-294e-9ebb-6c72dbcb9662-3 already_ready ready=True bytes=16332560
[242/388] bf9a3de9-45a5-2e80-8022-277108d67404-1 already_ready ready=True bytes=22260740
[243/388] bf9a3de9-45a5-2e80-8022-277108d67404-2 already_ready ready=True bytes=16299004
[244/388] bf9a3de9-45a5-2e80-8022-277108d67404-3 already_ready ready=True bytes=29026990
[245/388] bf9a3de9-45a5-2e80-8022-277108d67404-4 already_ready ready=True bytes=29034078
[246/388] 5341b7e3-8a66-2cdd-8709-66a2159f0017-1 already_ready ready=True bytes=22284351
[247/388] 5341b7e3-8a66-2cdd-8709-66a2159f0017-2 already_ready ready=True bytes=22280892
[248/388] 5341b7e3-8a66-2cdd-8709-66a2159f0017-3 already_ready ready=True bytes=36742501
[249/388] 6bde6083-9162-246f-8c9c-e170212059b2-1 already_ready ready=True bytes=36754922
[250/388] 6bde6083-9162-246f-8c9c-e170212059b2-2 already_ready ready=True bytes=16309906
[251/388] f2c76fe5-2239-29d0-8593-1a2555125595-1 already_ready ready=True bytes=22306042
[252/388] f2c76fe5-2239-29d0-8593-1a2555125595-2 already_ready ready=True bytes=36807900
[253/388] f2c76fe5-2239-29d0-8593-1a2555125595-3 already_ready ready=True bytes=22287618
[254/388] 5630cfd1-12bf-2860-86b2-e7a96bc32c19-1 already_ready ready=True bytes=11609323
[255/388] 5630cfd1-12bf-2860-86b2-e7a96bc32c19-2 already_ready ready=True bytes=22292870
[256/388] 5630cfd1-12bf-2860-86b2-e7a96bc32c19-3 already_ready ready=True bytes=11162480
[257/388] 42384908-60a7-271e-9c46-01e562c8974c-1 already_ready ready=True bytes=29024802
[258/388] 42384908-60a7-271e-9c46-01e562c8974c-2 already_ready ready=True bytes=16302082
[259/388] 6bde60cb-9162-246f-8cf5-d04f7426e56f-1 already_ready ready=True bytes=36769795
[260/388] 4fbad32f-465b-2a5d-8408-146ab1d72808-1 already_ready ready=True bytes=29040186
[261/388] 4fbad32f-465b-2a5d-8408-146ab1d72808-2 already_ready ready=True bytes=36802788
[262/388] 4fbad32f-465b-2a5d-8408-146ab1d72808-3 already_ready ready=True bytes=29070809
[263/388] 4fbad32f-465b-2a5d-8408-146ab1d72808-4 already_ready ready=True bytes=36822769
[264/388] 4fbad32f-465b-2a5d-8408-146ab1d72808-5 already_ready ready=True bytes=29127945
[265/388] 422885c5-192d-25fc-85e6-12a3d65c8e7b-1 already_ready ready=True bytes=22266884
[266/388] 422885c5-192d-25fc-85e6-12a3d65c8e7b-2 already_ready ready=True bytes=4489830
[267/388] 10b1793e-3938-2467-8b92-f56541e7ef9e-1 already_ready ready=True bytes=11571287
[268/388] 10b1793e-3938-2467-8b92-f56541e7ef9e-2 already_ready ready=True bytes=22263108
[269/388] 7747a4ec-9431-24e8-848f-897279a1e9fe-1 already_ready ready=True bytes=29043925
[270/388] 7747a4ec-9431-24e8-848f-897279a1e9fe-2 already_ready ready=True bytes=36734484
[271/388] 7747a4ec-9431-24e8-848f-897279a1e9fe-3 already_ready ready=True bytes=29057441
[272/388] 7747a4ec-9431-24e8-848f-897279a1e9fe-4 already_ready ready=True bytes=36745387
[273/388] 7747a4ec-9431-24e8-848f-897279a1e9fe-5 already_ready ready=True bytes=36728454
[274/388] 7747a4ec-9431-24e8-848f-897279a1e9fe-6 already_ready ready=True bytes=36741396
[275/388] 7747a4ec-9431-24e8-848f-897279a1e9fe-7 already_ready ready=True bytes=36769585
[276/388] ab835fae-54c6-29a1-995e-b06cfc555786-1 already_ready ready=True bytes=36747246
[277/388] ab835fae-54c6-29a1-995e-b06cfc555786-2 already_ready ready=True bytes=36751424
[278/388] ab835fae-54c6-29a1-995e-b06cfc555786-3 already_ready ready=True bytes=29042949
[279/388] ab835fae-54c6-29a1-995e-b06cfc555786-4 already_ready ready=True bytes=11018954
[280/388] d04eb40f-1d53-27ea-8a41-47892bde7017-1 already_ready ready=True bytes=16459452
[281/388] d04eb40f-1d53-27ea-8a41-47892bde7017-2 already_ready ready=True bytes=16461424
[282/388] 321c867e-a5a8-2a84-851a-818df115be05-1 already_ready ready=True bytes=29059536
[283/388] 321c867e-a5a8-2a84-851a-818df115be05-2 already_ready ready=True bytes=36731297
[284/388] d7dc987e-a34a-2794-85c8-f75389b27532-1 already_ready ready=True bytes=29049619
[285/388] d7dc987e-a34a-2794-85c8-f75389b27532-2 already_ready ready=True bytes=29030394
[286/388] d7dc987e-a34a-2794-85c8-f75389b27532-3 already_ready ready=True bytes=36725014
[287/388] 6bde607d-9162-246f-8f84-98cf7ac2374c-1 already_ready ready=True bytes=36750629
[288/388] 6bde607d-9162-246f-8f84-98cf7ac2374c-2 already_ready ready=True bytes=16323400
[289/388] bf9a3da2-45a5-2e80-8219-1f0a216399fe-1 already_ready ready=True bytes=22264932
[290/388] bf9a3da2-45a5-2e80-8219-1f0a216399fe-2 already_ready ready=True bytes=11570572
[291/388] bf9a3da2-45a5-2e80-8219-1f0a216399fe-3 already_ready ready=True bytes=11274341
[292/388] bf9a3ddf-45a5-2e80-8007-8e9e7f323e52-1 already_ready ready=True bytes=36729811
[293/388] bf9a3ddf-45a5-2e80-8007-8e9e7f323e52-2 already_ready ready=True bytes=4638376
[294/388] 0cac7540-8d6f-2d13-8eee-36ba2a428e3f-1 already_ready ready=True bytes=7633212
[295/388] 0cac7540-8d6f-2d13-8eee-36ba2a428e3f-2 already_ready ready=True bytes=22257941
[296/388] 0cac7540-8d6f-2d13-8eee-36ba2a428e3f-3 already_ready ready=True bytes=11566727
[297/388] f2c76feb-2239-29d0-8418-72b6051fc144-1 already_ready ready=True bytes=29052262
[298/388] f2c76feb-2239-29d0-8418-72b6051fc144-2 already_ready ready=True bytes=22273575
[299/388] f2c76feb-2239-29d0-8418-72b6051fc144-3 already_ready ready=True bytes=11611143
[300/388] f2c76feb-2239-29d0-8418-72b6051fc144-4 already_ready ready=True bytes=36770935
[301/388] f2c76feb-2239-29d0-8418-72b6051fc144-5 already_ready ready=True bytes=16207075
[302/388] bf9a3ddd-45a5-2e80-80bc-647365c7ca08-1 already_ready ready=True bytes=11568673
[303/388] bf9a3ddd-45a5-2e80-80bc-647365c7ca08-2 already_ready ready=True bytes=7503979
[304/388] bf9a3ddd-45a5-2e80-80bc-647365c7ca08-3 already_ready ready=True bytes=16444889
[305/388] bf9a3dd9-45a5-2e80-817c-f918e193231b-1 already_ready ready=True bytes=22274782
[306/388] bf9a3dd9-45a5-2e80-817c-f918e193231b-2 already_ready ready=True bytes=36747035
[307/388] bf9a3dd9-45a5-2e80-817c-f918e193231b-3 already_ready ready=True bytes=22124211
[308/388] bf9a3dd9-45a5-2e80-817c-f918e193231b-4 already_ready ready=True bytes=22268981
[309/388] 7747a50c-9431-24e8-877d-e60c3a341cc2-1 already_ready ready=True bytes=36847802
[310/388] 7747a50c-9431-24e8-877d-e60c3a341cc2-2 already_ready ready=True bytes=36815916
[311/388] 7747a50c-9431-24e8-877d-e60c3a341cc2-3 already_ready ready=True bytes=29178774
[312/388] 7747a50c-9431-24e8-877d-e60c3a341cc2-4 already_ready ready=True bytes=36889406
[313/388] 7747a50c-9431-24e8-877d-e60c3a341cc2-5 already_ready ready=True bytes=29127808
[314/388] 7747a50c-9431-24e8-877d-e60c3a341cc2-6 already_ready ready=True bytes=29124391
[315/388] 7747a50c-9431-24e8-877d-e60c3a341cc2-7 already_ready ready=True bytes=36792028
[316/388] 7747a50c-9431-24e8-877d-e60c3a341cc2-8 already_ready ready=True bytes=16069023
[317/388] e61b0e04-bada-2f31-82d6-72831a602ba7-1 already_ready ready=True bytes=29151166
[318/388] e61b0e04-bada-2f31-82d6-72831a602ba7-2 already_ready ready=True bytes=22341100
[319/388] e61b0e04-bada-2f31-82d6-72831a602ba7-3 already_ready ready=True bytes=36840990
[320/388] e61b0e04-bada-2f31-82d6-72831a602ba7-4 already_ready ready=True bytes=36843332
[321/388] e61b0e04-bada-2f31-82d6-72831a602ba7-5 already_ready ready=True bytes=29114712
[322/388] e61b0e04-bada-2f31-82d6-72831a602ba7-6 already_ready ready=True bytes=29148131
[323/388] e61b0e04-bada-2f31-82d6-72831a602ba7-7 already_ready ready=True bytes=36851745
[324/388] d7d40d4e-7a5d-2b36-97e7-34324c52ac42-1 already_ready ready=True bytes=36797234
[325/388] d7d40d4e-7a5d-2b36-97e7-34324c52ac42-2 already_ready ready=True bytes=22011312
[326/388] bf9a3d9e-45a5-2e80-83c6-4e427c5586a2-1 already_ready ready=True bytes=36758930
[327/388] bf9a3d9e-45a5-2e80-83c6-4e427c5586a2-2 already_ready ready=True bytes=36766318
[328/388] bf9a3d9e-45a5-2e80-83c6-4e427c5586a2-3 already_ready ready=True bytes=16029982
[329/388] b05fdd8a-fca0-2d4f-8ac5-f6ae697787f5-1 already_ready ready=True bytes=29044165
[330/388] b05fdd8a-fca0-2d4f-8ac5-f6ae697787f5-2 already_ready ready=True bytes=22272284
[331/388] b05fdd8a-fca0-2d4f-8ac5-f6ae697787f5-3 already_ready ready=True bytes=29043647
[332/388] 20c993b7-698f-29c5-847d-c8cb8a685f5a-1 already_ready ready=True bytes=22286972
[333/388] 20c993b7-698f-29c5-847d-c8cb8a685f5a-2 already_ready ready=True bytes=11146265
[334/388] 2e369567-e133-204c-909a-c5da44bb58df-1 already_ready ready=True bytes=36839751
[335/388] 10b1792e-3938-2467-8bb3-172148ae5a67-1 already_ready ready=True bytes=29044678
[336/388] 10b1792e-3938-2467-8bb3-172148ae5a67-2 already_ready ready=True bytes=29048303
[337/388] 10b1792e-3938-2467-8bb3-172148ae5a67-3 already_ready ready=True bytes=11153495
[338/388] e61b0e02-bada-2f31-82d0-80fc5c70bd6f-1 already_ready ready=True bytes=36819602
[339/388] e61b0e02-bada-2f31-82d0-80fc5c70bd6f-2 already_ready ready=True bytes=36813427
[340/388] e61b0e02-bada-2f31-82d0-80fc5c70bd6f-3 already_ready ready=True bytes=29128517
[341/388] e61b0e02-bada-2f31-82d0-80fc5c70bd6f-4 already_ready ready=True bytes=36802945
[342/388] e61b0e02-bada-2f31-82d0-80fc5c70bd6f-5 already_ready ready=True bytes=22352384
[343/388] e61b0e02-bada-2f31-82d0-80fc5c70bd6f-6 already_ready ready=True bytes=36858014
[344/388] e61b0e02-bada-2f31-82d0-80fc5c70bd6f-7 already_ready ready=True bytes=29092549
[345/388] b1f23308-d255-2761-94da-981d962c6bf8-1 already_ready ready=True bytes=28890346
[346/388] 10b17944-3938-2467-8bac-5552375e4467-1 already_ready ready=True bytes=11588344
[347/388] 10b17944-3938-2467-8bac-5552375e4467-2 already_ready ready=True bytes=36771949
[348/388] 10b17944-3938-2467-8bac-5552375e4467-3 already_ready ready=True bytes=11295414
[349/388] c2d9933d-1947-2fbf-81fa-c8a7f9625eea-1 already_ready ready=True bytes=29082411
[350/388] c2d9933d-1947-2fbf-81fa-c8a7f9625eea-2 already_ready ready=True bytes=22319435
[351/388] c92fb5b5-f771-2064-8570-dbe16cb33764-1 already_ready ready=True bytes=29054784
[352/388] c92fb5b5-f771-2064-8570-dbe16cb33764-2 already_ready ready=True bytes=22265774
[353/388] c92fb5b5-f771-2064-8570-dbe16cb33764-3 already_ready ready=True bytes=28886129
[354/388] f2c76fed-2239-29d0-8598-9ed42cec9dc5-1 already_ready ready=True bytes=16463424
[355/388] f2c76fed-2239-29d0-8598-9ed42cec9dc5-2 already_ready ready=True bytes=7213843
[356/388] 422885b3-192d-25fc-84c9-9b80eea1752d-1 already_ready ready=True bytes=4636789
[357/388] 422885b3-192d-25fc-84c9-9b80eea1752d-2 already_ready ready=True bytes=4634904
[358/388] 43b8cae3-6678-2e38-9b67-5905de29f6d7-1 already_ready ready=True bytes=28916972
[359/388] 43b8cae3-6678-2e38-9b67-5905de29f6d7-2 already_ready ready=True bytes=22303676
[360/388] 43b8cae3-6678-2e38-9b67-5905de29f6d7-3 already_ready ready=True bytes=22297053
[361/388] ba6fdaac-a4c1-2dca-8380-f16765679fd7-1 already_ready ready=True bytes=36803715
[362/388] ba6fdaac-a4c1-2dca-8380-f16765679fd7-2 already_ready ready=True bytes=36764805
[363/388] ba6fdaac-a4c1-2dca-8380-f16765679fd7-3 already_ready ready=True bytes=7680114
[364/388] ba6fdaac-a4c1-2dca-8380-f16765679fd7-4 already_ready ready=True bytes=29064684
[365/388] ba6fdaac-a4c1-2dca-8380-f16765679fd7-5 already_ready ready=True bytes=22178248
[366/388] 0cac7619-8d6f-2d13-8f36-ac562ec9a4de-1 already_ready ready=True bytes=29025137
[367/388] 0cac7619-8d6f-2d13-8f36-ac562ec9a4de-2 already_ready ready=True bytes=7213329
[368/388] 9766cbf5-6321-2e2f-8131-78c4e204635d-1 already_ready ready=True bytes=36784353
[369/388] 9766cbf5-6321-2e2f-8131-78c4e204635d-2 already_ready ready=True bytes=29106815
[370/388] 9766cbf5-6321-2e2f-8131-78c4e204635d-3 already_ready ready=True bytes=36777818
[371/388] 9766cbf5-6321-2e2f-8131-78c4e204635d-4 already_ready ready=True bytes=36824035
[372/388] 9766cbf5-6321-2e2f-8131-78c4e204635d-5 already_ready ready=True bytes=11112188
[373/388] 4238490a-60a7-271e-9c04-3846221dc354-1 already_ready ready=True bytes=29024624
[374/388] 4238490a-60a7-271e-9c04-3846221dc354-2 already_ready ready=True bytes=22112926
[375/388] 8e0f1c28-9e28-2339-8584-ff06ff93c341-1 already_ready ready=True bytes=22284347
[376/388] 8e0f1c28-9e28-2339-8584-ff06ff93c341-2 already_ready ready=True bytes=11050188
[377/388] 0cac75de-8d6f-2d13-8e1a-b574569c3885-1 already_ready ready=True bytes=16459619
[378/388] 0cac75de-8d6f-2d13-8e1a-b574569c3885-2 already_ready ready=True bytes=11593003
[379/388] 0cac75de-8d6f-2d13-8e1a-b574569c3885-3 already_ready ready=True bytes=11580395
[380/388] 0cac75de-8d6f-2d13-8e1a-b574569c3885-4 already_ready ready=True bytes=22285558
[381/388] 0cac75de-8d6f-2d13-8e1a-b574569c3885-5 already_ready ready=True bytes=7068593
[382/388] f2c76fe9-2239-29d0-87ec-f2c7ced812c1-1 already_ready ready=True bytes=36752460
[383/388] f2c76fe9-2239-29d0-87ec-f2c7ced812c1-2 already_ready ready=True bytes=29063898
[384/388] f2c76fe9-2239-29d0-87ec-f2c7ced812c1-3 already_ready ready=True bytes=11144197
[385/388] 095821f9-e2c2-2de1-9707-8f735cd1c148-1 already_ready ready=True bytes=36899913
[386/388] 1d234026-e280-2b1a-8fe1-713e28269f4d-1 already_ready ready=True bytes=29025302
[387/388] 1d234026-e280-2b1a-8fe1-713e28269f4d-2 already_ready ready=True bytes=29020290
[388/388] 1d234026-e280-2b1a-8fe1-713e28269f4d-3 already_ready ready=True bytes=16299181
{
  "all_split_subgraph_count": 388,
  "audit_only": true,
  "blockers": [],
  "claim_limit": "No Open3DSG raw dump, prediction JSONL, geometry join, metric, or improvement claim exists after preprocessing.",
  "config_patch": "experiments/H001_geom_reliability/sources/open3dsg/h001_covered_recovery/preprocess_audit_388/config_patch.diff",
  "date_checked": "2026-06-05T05:46:07+00:00",
  "force": false,
  "limit": null,
  "next_action": "Acquire Open3DSG checkpoint/model artifacts, then run raw dump smoke.",
  "offset": 0,
  "open3dsg_min_visible_objects": "4",
  "open3dsg_source": "local_dataset/Open3DSG_staged/h001_runtime/source/open3dsg_source",
  "preprocessed_root": "local_dataset/Open3DSG_staged/h001_runtime/output/datasets/OpenSG_3RScan/preprocessed",
  "processed_subgraph_count": 388,
  "schema_version": "h001_open3dsg_preprocess_v1",
  "split": "validation",
  "staged_root": "local_dataset/Open3DSG_staged/h001_runtime",
  "status": "preprocess_ready",
  "summary": {
    "actions": {
      "already_ready": 388
    },
    "failed_records": [],
    "missing_records": [],
    "missing_subgraph_count": 0,
    "processed_subgraph_count": 388,
    "ready_subgraph_count": 388,
    "total_annotation_relations": 7505,
    "total_size_bytes": 10032884215,
    "unique_ready_scans": 127
  },
  "warnings": [],
  "work_source": "local_dataset/Open3DSG_staged/h001_runtime/work/open3dsg_h001_r2_recovery_source",
  "workers": 1
}
