 Container open3dsg-open3dsg_base-run-972d9779b8be Creating 
 Container open3dsg-open3dsg_base-run-972d9779b8be Created 

==========
== CUDA ==
==========

CUDA Version 12.8.1

Container image Copyright (c) 2016-2023, NVIDIA CORPORATION & AFFILIATES. All rights reserved.

This container image and its contents are governed by the NVIDIA Deep Learning Container License.
By pulling and using the container, you accept the terms and conditions of this license:
https://developer.nvidia.com/ngc/nvidia-deep-learning-container-license

A copy of this license is made available in this container at /NGC-DL-CONTAINER-LICENSE for your convenience.

{
  "after_dest_pt_files": 1584,
  "before_dest_pt_files": 0,
  "copy_stats": {
    "existing_files": 0,
    "linked_files": 1599,
    "visited_dirs": 3
  },
  "date_checked": "2026-06-04T16:59:29+00:00",
  "dest_run_dir": "local_dataset/Open3DSG_staged/h001_full_validation_runtime/output/features/clip_features_h001_full_validation_recovery_relaxed_views_min2",
  "purged_feature_ids": 20,
  "records": "experiments/H001_geom_reliability/sources/open3dsg/full_validation/preprocess_recovery_relaxed_views_min2/feature_prepare/records.jsonl",
  "schema_version": "h001_open3dsg_feature_recovery_prepare_v1",
  "source_run_dir": "local_dataset/Open3DSG_staged/h001_full_validation_runtime/output/features/clip_features_h001_full_validation_official_blip_top5_scales3",
  "status": "prepared"
}
