 Container open3dsg-open3dsg_base-run-6f37fe899475 Creating 
 Container open3dsg-open3dsg_base-run-6f37fe899475 Created 

==========
== CUDA ==
==========

CUDA Version 12.8.1

Container image Copyright (c) 2016-2023, NVIDIA CORPORATION & AFFILIATES. All rights reserved.

This container image and its contents are governed by the NVIDIA Deep Learning Container License.
By pulling and using the container, you accept the terms and conditions of this license:
https://developer.nvidia.com/ngc/nvidia-deep-learning-container-license

A copy of this license is made available in this container at /NGC-DL-CONTAINER-LICENSE for your convenience.

[1/29] c7895f63-339c-2d13-81a3-0b07b1eb23b4-1 already_ready ready=True bytes=11579009
[2/29] c7895f63-339c-2d13-81a3-0b07b1eb23b4-2 generated ready=True bytes=4639102
[3/29] c7895f63-339c-2d13-81a3-0b07b1eb23b4-3 already_ready ready=True bytes=16307499
[4/29] 0cac7584-8d6f-2d13-8df8-c05e4307b418-1 already_ready ready=True bytes=7648392
[5/29] 0cac7584-8d6f-2d13-8df8-c05e4307b418-2 already_ready ready=True bytes=29030035
[6/29] 0cac7584-8d6f-2d13-8df8-c05e4307b418-3 already_ready ready=True bytes=29035494
[7/29] 0cac7584-8d6f-2d13-8df8-c05e4307b418-4 already_ready ready=True bytes=11599310
[8/29] 0cac7584-8d6f-2d13-8df8-c05e4307b418-5 generated ready=True bytes=2601042
[9/29] fcf66d7b-622d-291c-86b8-7db96aebcee3-1 already_ready ready=True bytes=28910966
[10/29] fcf66d7b-622d-291c-86b8-7db96aebcee3-2 already_ready ready=True bytes=36734546
[11/29] fcf66d7b-622d-291c-86b8-7db96aebcee3-3 generated ready=True bytes=4063159
[12/29] 0cac7582-8d6f-2d13-8d4b-e4041cb166c4-1 generated ready=True bytes=4649029
[13/29] 0cac7582-8d6f-2d13-8d4b-e4041cb166c4-2 already_ready ready=True bytes=22266681
[14/29] 0cac7582-8d6f-2d13-8d4b-e4041cb166c4-3 already_ready ready=True bytes=16447469
[15/29] 0cac7582-8d6f-2d13-8d4b-e4041cb166c4-4 already_ready ready=True bytes=7208942
[16/29] 0cac7532-8d6f-2d13-8cea-1e70d5ae4856-1 already_ready ready=True bytes=7628750
too few visible objects, scene missalignment possible
[17/29] 0cac7532-8d6f-2d13-8cea-1e70d5ae4856-2 missing_output ready=False bytes=0
[18/29] 10b1794e-3938-2467-89a7-ebc89e84cf88-1 already_ready ready=True bytes=16437639
[19/29] 10b1794e-3938-2467-89a7-ebc89e84cf88-2 already_ready ready=True bytes=16468785
[20/29] 10b1794e-3938-2467-89a7-ebc89e84cf88-3 generated ready=True bytes=4346410
[21/29] 0cac7534-8d6f-2d13-8de7-8a915ed90050-1 already_ready ready=True bytes=16435925
[22/29] 0cac7534-8d6f-2d13-8de7-8a915ed90050-2 already_ready ready=True bytes=11559294
[23/29] 0cac7534-8d6f-2d13-8de7-8a915ed90050-3 generated ready=True bytes=4344049
[24/29] 422885c5-192d-25fc-85e6-12a3d65c8e7b-1 already_ready ready=True bytes=22266884
[25/29] 422885c5-192d-25fc-85e6-12a3d65c8e7b-2 generated ready=True bytes=4489830
[26/29] bf9a3ddf-45a5-2e80-8007-8e9e7f323e52-1 already_ready ready=True bytes=36729811
[27/29] bf9a3ddf-45a5-2e80-8007-8e9e7f323e52-2 generated ready=True bytes=4638376
[28/29] 422885b3-192d-25fc-84c9-9b80eea1752d-1 generated ready=True bytes=4636789
[29/29] 422885b3-192d-25fc-84c9-9b80eea1752d-2 generated ready=True bytes=4634904
{
  "all_split_subgraph_count": 388,
  "audit_only": false,
  "blockers": [],
  "claim_limit": "No Open3DSG raw dump, prediction JSONL, geometry join, metric, or improvement claim exists after preprocessing.",
  "config_patch": "experiments/H001_geom_reliability/sources/open3dsg/h001_covered_recovery/preprocess_min_visible2_after_views_retry/config_patch.diff",
  "date_checked": "2026-06-05T05:43:16+00:00",
  "force": false,
  "limit": null,
  "next_action": "Acquire Open3DSG checkpoint/model artifacts, then run raw dump smoke.",
  "offset": 0,
  "open3dsg_min_visible_objects": "2",
  "open3dsg_source": "local_dataset/Open3DSG_staged/h001_runtime/source/open3dsg_source",
  "preprocessed_root": "local_dataset/Open3DSG_staged/h001_runtime/output/datasets/OpenSG_3RScan/preprocessed",
  "processed_subgraph_count": 29,
  "schema_version": "h001_open3dsg_preprocess_v1",
  "split": "validation",
  "staged_root": "local_dataset/Open3DSG_staged/h001_runtime",
  "status": "preprocess_partial_ready",
  "summary": {
    "actions": {
      "already_ready": 18,
      "generated": 10,
      "missing_output": 1
    },
    "failed_records": [
      {
        "action": "missing_output",
        "after": {
          "exists": false,
          "objects_count": null,
          "predicate_count": null,
          "size_bytes": 0,
          "valid_pickle": false
        },
        "before": {
          "exists": false,
          "objects_count": null,
          "predicate_count": null,
          "size_bytes": 0,
          "valid_pickle": false
        },
        "error": null,
        "object_count_annotation": 6,
        "path": "local_dataset/Open3DSG_staged/h001_runtime/output/datasets/OpenSG_3RScan/preprocessed/0cac7532-8d6f-2d13-8cea-1e70d5ae4856/data_dict_2.pkl",
        "relationship_count": 43,
        "relationship_id": "0cac7532-8d6f-2d13-8cea-1e70d5ae4856-2",
        "scan_id": "0cac7532-8d6f-2d13-8cea-1e70d5ae4856",
        "split": 2,
        "traceback": null
      }
    ],
    "missing_records": [
      {
        "action": "missing_output",
        "after": {
          "exists": false,
          "objects_count": null,
          "predicate_count": null,
          "size_bytes": 0,
          "valid_pickle": false
        },
        "before": {
          "exists": false,
          "objects_count": null,
          "predicate_count": null,
          "size_bytes": 0,
          "valid_pickle": false
        },
        "error": null,
        "object_count_annotation": 6,
        "path": "local_dataset/Open3DSG_staged/h001_runtime/output/datasets/OpenSG_3RScan/preprocessed/0cac7532-8d6f-2d13-8cea-1e70d5ae4856/data_dict_2.pkl",
        "relationship_count": 43,
        "relationship_id": "0cac7532-8d6f-2d13-8cea-1e70d5ae4856-2",
        "scan_id": "0cac7532-8d6f-2d13-8cea-1e70d5ae4856",
        "split": 2,
        "traceback": null
      }
    ],
    "missing_subgraph_count": 1,
    "processed_subgraph_count": 29,
    "ready_subgraph_count": 28,
    "total_annotation_relations": 550,
    "total_size_bytes": 387338121,
    "unique_ready_scans": 10
  },
  "warnings": [
    "partial_runtime:open3dsg_preprocessed_pickles:28/29"
  ],
  "work_source": "local_dataset/Open3DSG_staged/h001_runtime/work/open3dsg_h001_r2_recovery_source",
  "workers": 1
}
