 Container open3dsg-open3dsg_base-run-e6de37d43803 Creating 
 Container open3dsg-open3dsg_base-run-e6de37d43803 Created 

==========
== CUDA ==
==========

CUDA Version 12.8.1

Container image Copyright (c) 2016-2023, NVIDIA CORPORATION & AFFILIATES. All rights reserved.

This container image and its contents are governed by the NVIDIA Deep Learning Container License.
By pulling and using the container, you accept the terms and conditions of this license:
https://developer.nvidia.com/ngc/nvidia-deep-learning-container-license

A copy of this license is made available in this container at /NGC-DL-CONTAINER-LICENSE for your convenience.

{"blockers": [], "status": "ready"}
{
  "changed": true,
  "date_checked": "2026-06-04T16:55:08+00:00",
  "default_behavior": "unset env keeps Open3DSG defaults: min_pixels=12, ratio=0.3, pixels=80, vis_thresh=0.20",
  "recovery_env": [
    "OPEN3DSG_VIEW_MIN_PIXELS",
    "OPEN3DSG_VIEW_RATIO_CRIT",
    "OPEN3DSG_VIEW_PIXEL_CRIT",
    "OPEN3DSG_VIEW_SURFACE_PIXEL_CRIT",
    "OPEN3DSG_VIEW_VIS_THRESH"
  ],
  "schema_version": "h001_open3dsg_view_threshold_patch_v1",
  "status": "patched",
  "target": "local_dataset/Open3DSG_staged/h001_runtime/source/open3dsg_source/open3dsg/data/get_object_frame.py"
}
{
  "date_checked": "2026-06-04T16:55:08+00:00",
  "output_dir": "experiments/H001_geom_reliability/sources/open3dsg/full_validation/preprocess_recovery_relaxed_views_min2",
  "records": "experiments/H001_geom_reliability/sources/open3dsg/full_validation/preprocess_recovery_relaxed_views_min2/records.jsonl",
  "remove_original": true,
  "runtime_root": "local_dataset/Open3DSG_staged/h001_full_validation_runtime",
  "scan_count": 2,
  "schema_version": "h001_open3dsg_view_recovery_prepare_v1",
  "status": "prepared"
}
[1/2] 0cac7532-8d6f-2d13-8cea-1e70d5ae4856 generated ready=True objects=12
[2/2] c7895f29-339c-2d13-83e9-90dbe61fa8be generated ready=True objects=28
{
  "all_selected_scan_count": 2,
  "audit_only": false,
  "blockers": [],
  "claim_limit": "No Open3DSG raw dump, prediction JSONL, geometry join, metric, or improvement claim exists after view pickle generation.",
  "config_patch": "experiments/H001_geom_reliability/sources/open3dsg/full_validation/preprocess_recovery_relaxed_views_min2/views/config_patch.diff",
  "date_checked": "2026-06-04T16:55:11+00:00",
  "limit": null,
  "mode": "validation",
  "next_action": "Run Open3DSG preprocess generation after view pickles are ready.",
  "offset": 0,
  "open3dsg_source": "local_dataset/Open3DSG_staged/h001_runtime/source/open3dsg_source",
  "processed_scan_count": 2,
  "schema_version": "h001_open3dsg_views_v1",
  "selected_scans_file": "local_dataset/Open3DSG_staged/h001_full_validation_runtime/data/3RScan/3DSSG_subset/validation_scans.txt",
  "staged_root": "local_dataset/Open3DSG_staged/h001_full_validation_runtime",
  "status": "views_ready",
  "summary": {
    "actions": {
      "generated": 2
    },
    "failed_records": [],
    "missing_scan_count": 0,
    "processed_scan_count": 2,
    "ready_scan_count": 2,
    "total_frame_ref_count": 105,
    "total_object_count": 40,
    "total_size_bytes": 97525
  },
  "view_root": "local_dataset/Open3DSG_staged/h001_full_validation_runtime/output/datasets/OpenSG_3RScan/views",
  "work_source": "local_dataset/Open3DSG_staged/h001_full_validation_runtime/work/open3dsg_eval_source",
  "workers": 1
}
