 Container open3dsg-open3dsg_base-run-ed3538dc4f37 Creating 
 Container open3dsg-open3dsg_base-run-ed3538dc4f37 Created 

==========
== CUDA ==
==========

CUDA Version 12.8.1

Container image Copyright (c) 2016-2023, NVIDIA CORPORATION & AFFILIATES. All rights reserved.

This container image and its contents are governed by the NVIDIA Deep Learning Container License.
By pulling and using the container, you accept the terms and conditions of this license:
https://developer.nvidia.com/ngc/nvidia-deep-learning-container-license

A copy of this license is made available in this container at /NGC-DL-CONTAINER-LICENSE for your convenience.

[1/29] c7895f63-339c-2d13-81a3-0b07b1eb23b4-1 already_ready ready=True bytes=11579009
[2/29] c7895f63-339c-2d13-81a3-0b07b1eb23b4-2 failed ready=False bytes=0
[3/29] c7895f63-339c-2d13-81a3-0b07b1eb23b4-3 already_ready ready=True bytes=16307499
[4/29] 0cac7584-8d6f-2d13-8df8-c05e4307b418-1 already_ready ready=True bytes=7648392
[5/29] 0cac7584-8d6f-2d13-8df8-c05e4307b418-2 already_ready ready=True bytes=29030035
[6/29] 0cac7584-8d6f-2d13-8df8-c05e4307b418-3 already_ready ready=True bytes=29035494
[7/29] 0cac7584-8d6f-2d13-8df8-c05e4307b418-4 already_ready ready=True bytes=11599310
[8/29] 0cac7584-8d6f-2d13-8df8-c05e4307b418-5 failed ready=False bytes=0
[9/29] fcf66d7b-622d-291c-86b8-7db96aebcee3-1 already_ready ready=True bytes=28910966
[10/29] fcf66d7b-622d-291c-86b8-7db96aebcee3-2 already_ready ready=True bytes=36734546
[11/29] fcf66d7b-622d-291c-86b8-7db96aebcee3-3 failed ready=False bytes=0
[12/29] 0cac7582-8d6f-2d13-8d4b-e4041cb166c4-1 failed ready=False bytes=0
[13/29] 0cac7582-8d6f-2d13-8d4b-e4041cb166c4-2 already_ready ready=True bytes=22266681
[14/29] 0cac7582-8d6f-2d13-8d4b-e4041cb166c4-3 already_ready ready=True bytes=16447469
[15/29] 0cac7582-8d6f-2d13-8d4b-e4041cb166c4-4 already_ready ready=True bytes=7208942
[16/29] 0cac7532-8d6f-2d13-8cea-1e70d5ae4856-1 already_ready ready=True bytes=7628750
[17/29] 0cac7532-8d6f-2d13-8cea-1e70d5ae4856-2 failed ready=False bytes=0
[18/29] 10b1794e-3938-2467-89a7-ebc89e84cf88-1 already_ready ready=True bytes=16437639
[19/29] 10b1794e-3938-2467-89a7-ebc89e84cf88-2 already_ready ready=True bytes=16468785
[20/29] 10b1794e-3938-2467-89a7-ebc89e84cf88-3 failed ready=False bytes=0
[21/29] 0cac7534-8d6f-2d13-8de7-8a915ed90050-1 already_ready ready=True bytes=16435925
[22/29] 0cac7534-8d6f-2d13-8de7-8a915ed90050-2 already_ready ready=True bytes=11559294
[23/29] 0cac7534-8d6f-2d13-8de7-8a915ed90050-3 failed ready=False bytes=0
[24/29] 422885c5-192d-25fc-85e6-12a3d65c8e7b-1 already_ready ready=True bytes=22266884
[25/29] 422885c5-192d-25fc-85e6-12a3d65c8e7b-2 failed ready=False bytes=0
[26/29] bf9a3ddf-45a5-2e80-8007-8e9e7f323e52-1 already_ready ready=True bytes=36729811
[27/29] bf9a3ddf-45a5-2e80-8007-8e9e7f323e52-2 failed ready=False bytes=0
[28/29] 422885b3-192d-25fc-84c9-9b80eea1752d-1 failed ready=False bytes=0
[29/29] 422885b3-192d-25fc-84c9-9b80eea1752d-2 failed ready=False bytes=0
{
  "all_split_subgraph_count": 388,
  "audit_only": false,
  "blockers": [],
  "claim_limit": "No Open3DSG raw dump, prediction JSONL, geometry join, metric, or improvement claim exists after preprocessing.",
  "config_patch": "experiments/H001_geom_reliability/sources/open3dsg/h001_covered_recovery/preprocess_min_visible2_after_views/config_patch.diff",
  "date_checked": "2026-06-05T05:42:13+00:00",
  "force": false,
  "limit": null,
  "next_action": "Acquire Open3DSG checkpoint/model artifacts, then run raw dump smoke.",
  "offset": 0,
  "open3dsg_min_visible_objects": "2",
  "open3dsg_source": "local_dataset/Open3DSG_staged/h001_runtime/source/open3dsg_source",
  "preprocessed_root": "local_dataset/Open3DSG_staged/h001_runtime/output/datasets/OpenSG_3RScan/preprocessed",
  "processed_subgraph_count": 29,
  "schema_version": "h001_open3dsg_preprocess_v1",
  "split": "validation",
  "staged_root": "local_dataset/Open3DSG_staged/h001_runtime",
  "status": "preprocess_partial_ready",
  "summary": {
    "actions": {
      "already_ready": 18,
      "failed": 11
    },
    "failed_records": [
      {
        "action": "failed",
        "after": {
          "exists": false,
          "objects_count": null,
          "predicate_count": null,
          "size_bytes": 0,
          "valid_pickle": false
        },
        "before": {
          "exists": false,
          "objects_count": null,
          "predicate_count": null,
          "size_bytes": 0,
          "valid_pickle": false
        },
        "error": "ModuleNotFoundError:No module named 'numpy._core'",
        "object_count_annotation": 6,
        "path": "local_dataset/Open3DSG_staged/h001_runtime/output/datasets/OpenSG_3RScan/preprocessed/0cac7532-8d6f-2d13-8cea-1e70d5ae4856/data_dict_2.pkl",
        "relationship_count": 43,
        "relationship_id": "0cac7532-8d6f-2d13-8cea-1e70d5ae4856-2",
        "scan_id": "0cac7532-8d6f-2d13-8cea-1e70d5ae4856",
        "split": 2,
        "traceback": "Traceback (most recent call last):\n  File \"/workspace/hypothesis/CAND-001/H001_geometry-grounded-verification/tools/run_open3dsg_preprocess.py\", line 167, in run_with_processor\n    processor.write_pickle(relationship)\n  File \"/workspace/local_dataset/Open3DSG_staged/h001_runtime/work/open3dsg_h001_r2_recovery_source/open3dsg/data/preprocess_3rscan.py\", line 404, in write_pickle\n    data_dict = self.process_one_scan(relationship, scan_id)\n  File \"/workspace/local_dataset/Open3DSG_staged/h001_runtime/work/open3dsg_h001_r2_recovery_source/open3dsg/data/preprocess_3rscan.py\", line 145, in process_one_scan\n    object2fame = pickle.load(open(os.path.join(CONF.PATH.R3SCAN, 'views', f\"{relationships_scan['scan']}_object2image.pkl\"), \"rb\"))\nModuleNotFoundError: No module named 'numpy._core'\n"
      },
      {
        "action": "failed",
        "after": {
          "exists": false,
          "objects_count": null,
          "predicate_count": null,
          "size_bytes": 0,
          "valid_pickle": false
        },
        "before": {
          "exists": false,
          "objects_count": null,
          "predicate_count": null,
          "size_bytes": 0,
          "valid_pickle": false
        },
        "error": "ModuleNotFoundError:No module named 'numpy._core'",
        "object_count_annotation": 7,
        "path": "local_dataset/Open3DSG_staged/h001_runtime/output/datasets/OpenSG_3RScan/preprocessed/0cac7534-8d6f-2d13-8de7-8a915ed90050/data_dict_3.pkl",
        "relationship_count": 18,
        "relationship_id": "0cac7534-8d6f-2d13-8de7-8a915ed90050-3",
        "scan_id": "0cac7534-8d6f-2d13-8de7-8a915ed90050",
        "split": 3,
        "traceback": "Traceback (most recent call last):\n  File \"/workspace/hypothesis/CAND-001/H001_geometry-grounded-verification/tools/run_open3dsg_preprocess.py\", line 167, in run_with_processor\n    processor.write_pickle(relationship)\n  File \"/workspace/local_dataset/Open3DSG_staged/h001_runtime/work/open3dsg_h001_r2_recovery_source/open3dsg/data/preprocess_3rscan.py\", line 404, in write_pickle\n    data_dict = self.process_one_scan(relationship, scan_id)\n  File \"/workspace/local_dataset/Open3DSG_staged/h001_runtime/work/open3dsg_h001_r2_recovery_source/open3dsg/data/preprocess_3rscan.py\", line 145, in process_one_scan\n    object2fame = pickle.load(open(os.path.join(CONF.PATH.R3SCAN, 'views', f\"{relationships_scan['scan']}_object2image.pkl\"), \"rb\"))\nModuleNotFoundError: No module named 'numpy._core'\n"
      },
      {
        "action": "failed",
        "after": {
          "exists": false,
          "objects_count": null,
          "predicate_count": null,
          "size_bytes": 0,
          "valid_pickle": false
        },
        "before": {
          "exists": false,
          "objects_count": null,
          "predicate_count": null,
          "size_bytes": 0,
          "valid_pickle": false
        },
        "error": "ModuleNotFoundError:No module named 'numpy._core'",
        "object_count_annotation": 9,
        "path": "local_dataset/Open3DSG_staged/h001_runtime/output/datasets/OpenSG_3RScan/preprocessed/0cac7582-8d6f-2d13-8d4b-e4041cb166c4/data_dict_1.pkl",
        "relationship_count": 24,
        "relationship_id": "0cac7582-8d6f-2d13-8d4b-e4041cb166c4-1",
        "scan_id": "0cac7582-8d6f-2d13-8d4b-e4041cb166c4",
        "split": 1,
        "traceback": "Traceback (most recent call last):\n  File \"/workspace/hypothesis/CAND-001/H001_geometry-grounded-verification/tools/run_open3dsg_preprocess.py\", line 167, in run_with_processor\n    processor.write_pickle(relationship)\n  File \"/workspace/local_dataset/Open3DSG_staged/h001_runtime/work/open3dsg_h001_r2_recovery_source/open3dsg/data/preprocess_3rscan.py\", line 404, in write_pickle\n    data_dict = self.process_one_scan(relationship, scan_id)\n  File \"/workspace/local_dataset/Open3DSG_staged/h001_runtime/work/open3dsg_h001_r2_recovery_source/open3dsg/data/preprocess_3rscan.py\", line 145, in process_one_scan\n    object2fame = pickle.load(open(os.path.join(CONF.PATH.R3SCAN, 'views', f\"{relationships_scan['scan']}_object2image.pkl\"), \"rb\"))\nModuleNotFoundError: No module named 'numpy._core'\n"
      },
      {
        "action": "failed",
        "after": {
          "exists": false,
          "objects_count": null,
          "predicate_count": null,
          "size_bytes": 0,
          "valid_pickle": false
        },
        "before": {
          "exists": false,
          "objects_count": null,
          "predicate_count": null,
          "size_bytes": 0,
          "valid_pickle": false
        },
        "error": "ModuleNotFoundError:No module named 'numpy._core'",
        "object_count_annotation": 9,
        "path": "local_dataset/Open3DSG_staged/h001_runtime/output/datasets/OpenSG_3RScan/preprocessed/0cac7584-8d6f-2d13-8df8-c05e4307b418/data_dict_5.pkl",
        "relationship_count": 21,
        "relationship_id": "0cac7584-8d6f-2d13-8df8-c05e4307b418-5",
        "scan_id": "0cac7584-8d6f-2d13-8df8-c05e4307b418",
        "split": 5,
        "traceback": "Traceback (most recent call last):\n  File \"/workspace/hypothesis/CAND-001/H001_geometry-grounded-verification/tools/run_open3dsg_preprocess.py\", line 167, in run_with_processor\n    processor.write_pickle(relationship)\n  File \"/workspace/local_dataset/Open3DSG_staged/h001_runtime/work/open3dsg_h001_r2_recovery_source/open3dsg/data/preprocess_3rscan.py\", line 404, in write_pickle\n    data_dict = self.process_one_scan(relationship, scan_id)\n  File \"/workspace/local_dataset/Open3DSG_staged/h001_runtime/work/open3dsg_h001_r2_recovery_source/open3dsg/data/preprocess_3rscan.py\", line 145, in process_one_scan\n    object2fame = pickle.load(open(os.path.join(CONF.PATH.R3SCAN, 'views', f\"{relationships_scan['scan']}_object2image.pkl\"), \"rb\"))\nModuleNotFoundError: No module named 'numpy._core'\n"
      },
      {
        "action": "failed",
        "after": {
          "exists": false,
          "objects_count": null,
          "predicate_count": null,
          "size_bytes": 0,
          "valid_pickle": false
        },
        "before": {
          "exists": false,
          "objects_count": null,
          "predicate_count": null,
          "size_bytes": 0,
          "valid_pickle": false
        },
        "error": "ModuleNotFoundError:No module named 'numpy._core'",
        "object_count_annotation": 7,
        "path": "local_dataset/Open3DSG_staged/h001_runtime/output/datasets/OpenSG_3RScan/preprocessed/10b1794e-3938-2467-89a7-ebc89e84cf88/data_dict_3.pkl",
        "relationship_count": 8,
        "relationship_id": "10b1794e-3938-2467-89a7-ebc89e84cf88-3",
        "scan_id": "10b1794e-3938-2467-89a7-ebc89e84cf88",
        "split": 3,
        "traceback": "Traceback (most recent call last):\n  File \"/workspace/hypothesis/CAND-001/H001_geometry-grounded-verification/tools/run_open3dsg_preprocess.py\", line 167, in run_with_processor\n    processor.write_pickle(relationship)\n  File \"/workspace/local_dataset/Open3DSG_staged/h001_runtime/work/open3dsg_h001_r2_recovery_source/open3dsg/data/preprocess_3rscan.py\", line 404, in write_pickle\n    data_dict = self.process_one_scan(relationship, scan_id)\n  File \"/workspace/local_dataset/Open3DSG_staged/h001_runtime/work/open3dsg_h001_r2_recovery_source/open3dsg/data/preprocess_3rscan.py\", line 145, in process_one_scan\n    object2fame = pickle.load(open(os.path.join(CONF.PATH.R3SCAN, 'views', f\"{relationships_scan['scan']}_object2image.pkl\"), \"rb\"))\nModuleNotFoundError: No module named 'numpy._core'\n"
      },
      {
        "action": "failed",
        "after": {
          "exists": false,
          "objects_count": null,
          "predicate_count": null,
          "size_bytes": 0,
          "valid_pickle": false
        },
        "before": {
          "exists": false,
          "objects_count": null,
          "predicate_count": null,
          "size_bytes": 0,
          "valid_pickle": false
        },
        "error": "ModuleNotFoundError:No module named 'numpy._core'",
        "object_count_annotation": 9,
        "path": "local_dataset/Open3DSG_staged/h001_runtime/output/datasets/OpenSG_3RScan/preprocessed/422885b3-192d-25fc-84c9-9b80eea1752d/data_dict_1.pkl",
        "relationship_count": 23,
        "relationship_id": "422885b3-192d-25fc-84c9-9b80eea1752d-1",
        "scan_id": "422885b3-192d-25fc-84c9-9b80eea1752d",
        "split": 1,
        "traceback": "Traceback (most recent call last):\n  File \"/workspace/hypothesis/CAND-001/H001_geometry-grounded-verification/tools/run_open3dsg_preprocess.py\", line 167, in run_with_processor\n    processor.write_pickle(relationship)\n  File \"/workspace/local_dataset/Open3DSG_staged/h001_runtime/work/open3dsg_h001_r2_recovery_source/open3dsg/data/preprocess_3rscan.py\", line 404, in write_pickle\n    data_dict = self.process_one_scan(relationship, scan_id)\n  File \"/workspace/local_dataset/Open3DSG_staged/h001_runtime/work/open3dsg_h001_r2_recovery_source/open3dsg/data/preprocess_3rscan.py\", line 145, in process_one_scan\n    object2fame = pickle.load(open(os.path.join(CONF.PATH.R3SCAN, 'views', f\"{relationships_scan['scan']}_object2image.pkl\"), \"rb\"))\nModuleNotFoundError: No module named 'numpy._core'\n"
      },
      {
        "action": "failed",
        "after": {
          "exists": false,
          "objects_count": null,
          "predicate_count": null,
          "size_bytes": 0,
          "valid_pickle": false
        },
        "before": {
          "exists": false,
          "objects_count": null,
          "predicate_count": null,
          "size_bytes": 0,
          "valid_pickle": false
        },
        "error": "ModuleNotFoundError:No module named 'numpy._core'",
        "object_count_annotation": 9,
        "path": "local_dataset/Open3DSG_staged/h001_runtime/output/datasets/OpenSG_3RScan/preprocessed/422885b3-192d-25fc-84c9-9b80eea1752d/data_dict_2.pkl",
        "relationship_count": 8,
        "relationship_id": "422885b3-192d-25fc-84c9-9b80eea1752d-2",
        "scan_id": "422885b3-192d-25fc-84c9-9b80eea1752d",
        "split": 2,
        "traceback": "Traceback (most recent call last):\n  File \"/workspace/hypothesis/CAND-001/H001_geometry-grounded-verification/tools/run_open3dsg_preprocess.py\", line 167, in run_with_processor\n    processor.write_pickle(relationship)\n  File \"/workspace/local_dataset/Open3DSG_staged/h001_runtime/work/open3dsg_h001_r2_recovery_source/open3dsg/data/preprocess_3rscan.py\", line 404, in write_pickle\n    data_dict = self.process_one_scan(relationship, scan_id)\n  File \"/workspace/local_dataset/Open3DSG_staged/h001_runtime/work/open3dsg_h001_r2_recovery_source/open3dsg/data/preprocess_3rscan.py\", line 145, in process_one_scan\n    object2fame = pickle.load(open(os.path.join(CONF.PATH.R3SCAN, 'views', f\"{relationships_scan['scan']}_object2image.pkl\"), \"rb\"))\nModuleNotFoundError: No module named 'numpy._core'\n"
      },
      {
        "action": "failed",
        "after": {
          "exists": false,
          "objects_count": null,
          "predicate_count": null,
          "size_bytes": 0,
          "valid_pickle": false
        },
        "before": {
          "exists": false,
          "objects_count": null,
          "predicate_count": null,
          "size_bytes": 0,
          "valid_pickle": false
        },
        "error": "ModuleNotFoundError:No module named 'numpy._core'",
        "object_count_annotation": 8,
        "path": "local_dataset/Open3DSG_staged/h001_runtime/output/datasets/OpenSG_3RScan/preprocessed/422885c5-192d-25fc-85e6-12a3d65c8e7b/data_dict_2.pkl",
        "relationship_count": 5,
        "relationship_id": "422885c5-192d-25fc-85e6-12a3d65c8e7b-2",
        "scan_id": "422885c5-192d-25fc-85e6-12a3d65c8e7b",
        "split": 2,
        "traceback": "Traceback (most recent call last):\n  File \"/workspace/hypothesis/CAND-001/H001_geometry-grounded-verification/tools/run_open3dsg_preprocess.py\", line 167, in run_with_processor\n    processor.write_pickle(relationship)\n  File \"/workspace/local_dataset/Open3DSG_staged/h001_runtime/work/open3dsg_h001_r2_recovery_source/open3dsg/data/preprocess_3rscan.py\", line 404, in write_pickle\n    data_dict = self.process_one_scan(relationship, scan_id)\n  File \"/workspace/local_dataset/Open3DSG_staged/h001_runtime/work/open3dsg_h001_r2_recovery_source/open3dsg/data/preprocess_3rscan.py\", line 145, in process_one_scan\n    object2fame = pickle.load(open(os.path.join(CONF.PATH.R3SCAN, 'views', f\"{relationships_scan['scan']}_object2image.pkl\"), \"rb\"))\nModuleNotFoundError: No module named 'numpy._core'\n"
      },
      {
        "action": "failed",
        "after": {
          "exists": false,
          "objects_count": null,
          "predicate_count": null,
          "size_bytes": 0,
          "valid_pickle": false
        },
        "before": {
          "exists": false,
          "objects_count": null,
          "predicate_count": null,
          "size_bytes": 0,
          "valid_pickle": false
        },
        "error": "ModuleNotFoundError:No module named 'numpy._core'",
        "object_count_annotation": 9,
        "path": "local_dataset/Open3DSG_staged/h001_runtime/output/datasets/OpenSG_3RScan/preprocessed/bf9a3ddf-45a5-2e80-8007-8e9e7f323e52/data_dict_2.pkl",
        "relationship_count": 19,
        "relationship_id": "bf9a3ddf-45a5-2e80-8007-8e9e7f323e52-2",
        "scan_id": "bf9a3ddf-45a5-2e80-8007-8e9e7f323e52",
        "split": 2,
        "traceback": "Traceback (most recent call last):\n  File \"/workspace/hypothesis/CAND-001/H001_geometry-grounded-verification/tools/run_open3dsg_preprocess.py\", line 167, in run_with_processor\n    processor.write_pickle(relationship)\n  File \"/workspace/local_dataset/Open3DSG_staged/h001_runtime/work/open3dsg_h001_r2_recovery_source/open3dsg/data/preprocess_3rscan.py\", line 404, in write_pickle\n    data_dict = self.process_one_scan(relationship, scan_id)\n  File \"/workspace/local_dataset/Open3DSG_staged/h001_runtime/work/open3dsg_h001_r2_recovery_source/open3dsg/data/preprocess_3rscan.py\", line 145, in process_one_scan\n    object2fame = pickle.load(open(os.path.join(CONF.PATH.R3SCAN, 'views', f\"{relationships_scan['scan']}_object2image.pkl\"), \"rb\"))\nModuleNotFoundError: No module named 'numpy._core'\n"
      },
      {
        "action": "failed",
        "after": {
          "exists": false,
          "objects_count": null,
          "predicate_count": null,
          "size_bytes": 0,
          "valid_pickle": false
        },
        "before": {
          "exists": false,
          "objects_count": null,
          "predicate_count": null,
          "size_bytes": 0,
          "valid_pickle": false
        },
        "error": "ModuleNotFoundError:No module named 'numpy._core'",
        "object_count_annotation": 9,
        "path": "local_dataset/Open3DSG_staged/h001_runtime/output/datasets/OpenSG_3RScan/preprocessed/c7895f63-339c-2d13-81a3-0b07b1eb23b4/data_dict_2.pkl",
        "relationship_count": 12,
        "relationship_id": "c7895f63-339c-2d13-81a3-0b07b1eb23b4-2",
        "scan_id": "c7895f63-339c-2d13-81a3-0b07b1eb23b4",
        "split": 2,
        "traceback": "Traceback (most recent call last):\n  File \"/workspace/hypothesis/CAND-001/H001_geometry-grounded-verification/tools/run_open3dsg_preprocess.py\", line 167, in run_with_processor\n    processor.write_pickle(relationship)\n  File \"/workspace/local_dataset/Open3DSG_staged/h001_runtime/work/open3dsg_h001_r2_recovery_source/open3dsg/data/preprocess_3rscan.py\", line 404, in write_pickle\n    data_dict = self.process_one_scan(relationship, scan_id)\n  File \"/workspace/local_dataset/Open3DSG_staged/h001_runtime/work/open3dsg_h001_r2_recovery_source/open3dsg/data/preprocess_3rscan.py\", line 145, in process_one_scan\n    object2fame = pickle.load(open(os.path.join(CONF.PATH.R3SCAN, 'views', f\"{relationships_scan['scan']}_object2image.pkl\"), \"rb\"))\nModuleNotFoundError: No module named 'numpy._core'\n"
      },
      {
        "action": "failed",
        "after": {
          "exists": false,
          "objects_count": null,
          "predicate_count": null,
          "size_bytes": 0,
          "valid_pickle": false
        },
        "before": {
          "exists": false,
          "objects_count": null,
          "predicate_count": null,
          "size_bytes": 0,
          "valid_pickle": false
        },
        "error": "ModuleNotFoundError:No module named 'numpy._core'",
        "object_count_annotation": 5,
        "path": "local_dataset/Open3DSG_staged/h001_runtime/output/datasets/OpenSG_3RScan/preprocessed/fcf66d7b-622d-291c-86b8-7db96aebcee3/data_dict_3.pkl",
        "relationship_count": 2,
        "relationship_id": "fcf66d7b-622d-291c-86b8-7db96aebcee3-3",
        "scan_id": "fcf66d7b-622d-291c-86b8-7db96aebcee3",
        "split": 3,
        "traceback": "Traceback (most recent call last):\n  File \"/workspace/hypothesis/CAND-001/H001_geometry-grounded-verification/tools/run_open3dsg_preprocess.py\", line 167, in run_with_processor\n    processor.write_pickle(relationship)\n  File \"/workspace/local_dataset/Open3DSG_staged/h001_runtime/work/open3dsg_h001_r2_recovery_source/open3dsg/data/preprocess_3rscan.py\", line 404, in write_pickle\n    data_dict = self.process_one_scan(relationship, scan_id)\n  File \"/workspace/local_dataset/Open3DSG_staged/h001_runtime/work/open3dsg_h001_r2_recovery_source/open3dsg/data/preprocess_3rscan.py\", line 145, in process_one_scan\n    object2fame = pickle.load(open(os.path.join(CONF.PATH.R3SCAN, 'views', f\"{relationships_scan['scan']}_object2image.pkl\"), \"rb\"))\nModuleNotFoundError: No module named 'numpy._core'\n"
      }
    ],
    "missing_records": [
      {
        "action": "failed",
        "after": {
          "exists": false,
          "objects_count": null,
          "predicate_count": null,
          "size_bytes": 0,
          "valid_pickle": false
        },
        "before": {
          "exists": false,
          "objects_count": null,
          "predicate_count": null,
          "size_bytes": 0,
          "valid_pickle": false
        },
        "error": "ModuleNotFoundError:No module named 'numpy._core'",
        "object_count_annotation": 6,
        "path": "local_dataset/Open3DSG_staged/h001_runtime/output/datasets/OpenSG_3RScan/preprocessed/0cac7532-8d6f-2d13-8cea-1e70d5ae4856/data_dict_2.pkl",
        "relationship_count": 43,
        "relationship_id": "0cac7532-8d6f-2d13-8cea-1e70d5ae4856-2",
        "scan_id": "0cac7532-8d6f-2d13-8cea-1e70d5ae4856",
        "split": 2,
        "traceback": "Traceback (most recent call last):\n  File \"/workspace/hypothesis/CAND-001/H001_geometry-grounded-verification/tools/run_open3dsg_preprocess.py\", line 167, in run_with_processor\n    processor.write_pickle(relationship)\n  File \"/workspace/local_dataset/Open3DSG_staged/h001_runtime/work/open3dsg_h001_r2_recovery_source/open3dsg/data/preprocess_3rscan.py\", line 404, in write_pickle\n    data_dict = self.process_one_scan(relationship, scan_id)\n  File \"/workspace/local_dataset/Open3DSG_staged/h001_runtime/work/open3dsg_h001_r2_recovery_source/open3dsg/data/preprocess_3rscan.py\", line 145, in process_one_scan\n    object2fame = pickle.load(open(os.path.join(CONF.PATH.R3SCAN, 'views', f\"{relationships_scan['scan']}_object2image.pkl\"), \"rb\"))\nModuleNotFoundError: No module named 'numpy._core'\n"
      },
      {
        "action": "failed",
        "after": {
          "exists": false,
          "objects_count": null,
          "predicate_count": null,
          "size_bytes": 0,
          "valid_pickle": false
        },
        "before": {
          "exists": false,
          "objects_count": null,
          "predicate_count": null,
          "size_bytes": 0,
          "valid_pickle": false
        },
        "error": "ModuleNotFoundError:No module named 'numpy._core'",
        "object_count_annotation": 7,
        "path": "local_dataset/Open3DSG_staged/h001_runtime/output/datasets/OpenSG_3RScan/preprocessed/0cac7534-8d6f-2d13-8de7-8a915ed90050/data_dict_3.pkl",
        "relationship_count": 18,
        "relationship_id": "0cac7534-8d6f-2d13-8de7-8a915ed90050-3",
        "scan_id": "0cac7534-8d6f-2d13-8de7-8a915ed90050",
        "split": 3,
        "traceback": "Traceback (most recent call last):\n  File \"/workspace/hypothesis/CAND-001/H001_geometry-grounded-verification/tools/run_open3dsg_preprocess.py\", line 167, in run_with_processor\n    processor.write_pickle(relationship)\n  File \"/workspace/local_dataset/Open3DSG_staged/h001_runtime/work/open3dsg_h001_r2_recovery_source/open3dsg/data/preprocess_3rscan.py\", line 404, in write_pickle\n    data_dict = self.process_one_scan(relationship, scan_id)\n  File \"/workspace/local_dataset/Open3DSG_staged/h001_runtime/work/open3dsg_h001_r2_recovery_source/open3dsg/data/preprocess_3rscan.py\", line 145, in process_one_scan\n    object2fame = pickle.load(open(os.path.join(CONF.PATH.R3SCAN, 'views', f\"{relationships_scan['scan']}_object2image.pkl\"), \"rb\"))\nModuleNotFoundError: No module named 'numpy._core'\n"
      },
      {
        "action": "failed",
        "after": {
          "exists": false,
          "objects_count": null,
          "predicate_count": null,
          "size_bytes": 0,
          "valid_pickle": false
        },
        "before": {
          "exists": false,
          "objects_count": null,
          "predicate_count": null,
          "size_bytes": 0,
          "valid_pickle": false
        },
        "error": "ModuleNotFoundError:No module named 'numpy._core'",
        "object_count_annotation": 9,
        "path": "local_dataset/Open3DSG_staged/h001_runtime/output/datasets/OpenSG_3RScan/preprocessed/0cac7582-8d6f-2d13-8d4b-e4041cb166c4/data_dict_1.pkl",
        "relationship_count": 24,
        "relationship_id": "0cac7582-8d6f-2d13-8d4b-e4041cb166c4-1",
        "scan_id": "0cac7582-8d6f-2d13-8d4b-e4041cb166c4",
        "split": 1,
        "traceback": "Traceback (most recent call last):\n  File \"/workspace/hypothesis/CAND-001/H001_geometry-grounded-verification/tools/run_open3dsg_preprocess.py\", line 167, in run_with_processor\n    processor.write_pickle(relationship)\n  File \"/workspace/local_dataset/Open3DSG_staged/h001_runtime/work/open3dsg_h001_r2_recovery_source/open3dsg/data/preprocess_3rscan.py\", line 404, in write_pickle\n    data_dict = self.process_one_scan(relationship, scan_id)\n  File \"/workspace/local_dataset/Open3DSG_staged/h001_runtime/work/open3dsg_h001_r2_recovery_source/open3dsg/data/preprocess_3rscan.py\", line 145, in process_one_scan\n    object2fame = pickle.load(open(os.path.join(CONF.PATH.R3SCAN, 'views', f\"{relationships_scan['scan']}_object2image.pkl\"), \"rb\"))\nModuleNotFoundError: No module named 'numpy._core'\n"
      },
      {
        "action": "failed",
        "after": {
          "exists": false,
          "objects_count": null,
          "predicate_count": null,
          "size_bytes": 0,
          "valid_pickle": false
        },
        "before": {
          "exists": false,
          "objects_count": null,
          "predicate_count": null,
          "size_bytes": 0,
          "valid_pickle": false
        },
        "error": "ModuleNotFoundError:No module named 'numpy._core'",
        "object_count_annotation": 9,
        "path": "local_dataset/Open3DSG_staged/h001_runtime/output/datasets/OpenSG_3RScan/preprocessed/0cac7584-8d6f-2d13-8df8-c05e4307b418/data_dict_5.pkl",
        "relationship_count": 21,
        "relationship_id": "0cac7584-8d6f-2d13-8df8-c05e4307b418-5",
        "scan_id": "0cac7584-8d6f-2d13-8df8-c05e4307b418",
        "split": 5,
        "traceback": "Traceback (most recent call last):\n  File \"/workspace/hypothesis/CAND-001/H001_geometry-grounded-verification/tools/run_open3dsg_preprocess.py\", line 167, in run_with_processor\n    processor.write_pickle(relationship)\n  File \"/workspace/local_dataset/Open3DSG_staged/h001_runtime/work/open3dsg_h001_r2_recovery_source/open3dsg/data/preprocess_3rscan.py\", line 404, in write_pickle\n    data_dict = self.process_one_scan(relationship, scan_id)\n  File \"/workspace/local_dataset/Open3DSG_staged/h001_runtime/work/open3dsg_h001_r2_recovery_source/open3dsg/data/preprocess_3rscan.py\", line 145, in process_one_scan\n    object2fame = pickle.load(open(os.path.join(CONF.PATH.R3SCAN, 'views', f\"{relationships_scan['scan']}_object2image.pkl\"), \"rb\"))\nModuleNotFoundError: No module named 'numpy._core'\n"
      },
      {
        "action": "failed",
        "after": {
          "exists": false,
          "objects_count": null,
          "predicate_count": null,
          "size_bytes": 0,
          "valid_pickle": false
        },
        "before": {
          "exists": false,
          "objects_count": null,
          "predicate_count": null,
          "size_bytes": 0,
          "valid_pickle": false
        },
        "error": "ModuleNotFoundError:No module named 'numpy._core'",
        "object_count_annotation": 7,
        "path": "local_dataset/Open3DSG_staged/h001_runtime/output/datasets/OpenSG_3RScan/preprocessed/10b1794e-3938-2467-89a7-ebc89e84cf88/data_dict_3.pkl",
        "relationship_count": 8,
        "relationship_id": "10b1794e-3938-2467-89a7-ebc89e84cf88-3",
        "scan_id": "10b1794e-3938-2467-89a7-ebc89e84cf88",
        "split": 3,
        "traceback": "Traceback (most recent call last):\n  File \"/workspace/hypothesis/CAND-001/H001_geometry-grounded-verification/tools/run_open3dsg_preprocess.py\", line 167, in run_with_processor\n    processor.write_pickle(relationship)\n  File \"/workspace/local_dataset/Open3DSG_staged/h001_runtime/work/open3dsg_h001_r2_recovery_source/open3dsg/data/preprocess_3rscan.py\", line 404, in write_pickle\n    data_dict = self.process_one_scan(relationship, scan_id)\n  File \"/workspace/local_dataset/Open3DSG_staged/h001_runtime/work/open3dsg_h001_r2_recovery_source/open3dsg/data/preprocess_3rscan.py\", line 145, in process_one_scan\n    object2fame = pickle.load(open(os.path.join(CONF.PATH.R3SCAN, 'views', f\"{relationships_scan['scan']}_object2image.pkl\"), \"rb\"))\nModuleNotFoundError: No module named 'numpy._core'\n"
      },
      {
        "action": "failed",
        "after": {
          "exists": false,
          "objects_count": null,
          "predicate_count": null,
          "size_bytes": 0,
          "valid_pickle": false
        },
        "before": {
          "exists": false,
          "objects_count": null,
          "predicate_count": null,
          "size_bytes": 0,
          "valid_pickle": false
        },
        "error": "ModuleNotFoundError:No module named 'numpy._core'",
        "object_count_annotation": 9,
        "path": "local_dataset/Open3DSG_staged/h001_runtime/output/datasets/OpenSG_3RScan/preprocessed/422885b3-192d-25fc-84c9-9b80eea1752d/data_dict_1.pkl",
        "relationship_count": 23,
        "relationship_id": "422885b3-192d-25fc-84c9-9b80eea1752d-1",
        "scan_id": "422885b3-192d-25fc-84c9-9b80eea1752d",
        "split": 1,
        "traceback": "Traceback (most recent call last):\n  File \"/workspace/hypothesis/CAND-001/H001_geometry-grounded-verification/tools/run_open3dsg_preprocess.py\", line 167, in run_with_processor\n    processor.write_pickle(relationship)\n  File \"/workspace/local_dataset/Open3DSG_staged/h001_runtime/work/open3dsg_h001_r2_recovery_source/open3dsg/data/preprocess_3rscan.py\", line 404, in write_pickle\n    data_dict = self.process_one_scan(relationship, scan_id)\n  File \"/workspace/local_dataset/Open3DSG_staged/h001_runtime/work/open3dsg_h001_r2_recovery_source/open3dsg/data/preprocess_3rscan.py\", line 145, in process_one_scan\n    object2fame = pickle.load(open(os.path.join(CONF.PATH.R3SCAN, 'views', f\"{relationships_scan['scan']}_object2image.pkl\"), \"rb\"))\nModuleNotFoundError: No module named 'numpy._core'\n"
      },
      {
        "action": "failed",
        "after": {
          "exists": false,
          "objects_count": null,
          "predicate_count": null,
          "size_bytes": 0,
          "valid_pickle": false
        },
        "before": {
          "exists": false,
          "objects_count": null,
          "predicate_count": null,
          "size_bytes": 0,
          "valid_pickle": false
        },
        "error": "ModuleNotFoundError:No module named 'numpy._core'",
        "object_count_annotation": 9,
        "path": "local_dataset/Open3DSG_staged/h001_runtime/output/datasets/OpenSG_3RScan/preprocessed/422885b3-192d-25fc-84c9-9b80eea1752d/data_dict_2.pkl",
        "relationship_count": 8,
        "relationship_id": "422885b3-192d-25fc-84c9-9b80eea1752d-2",
        "scan_id": "422885b3-192d-25fc-84c9-9b80eea1752d",
        "split": 2,
        "traceback": "Traceback (most recent call last):\n  File \"/workspace/hypothesis/CAND-001/H001_geometry-grounded-verification/tools/run_open3dsg_preprocess.py\", line 167, in run_with_processor\n    processor.write_pickle(relationship)\n  File \"/workspace/local_dataset/Open3DSG_staged/h001_runtime/work/open3dsg_h001_r2_recovery_source/open3dsg/data/preprocess_3rscan.py\", line 404, in write_pickle\n    data_dict = self.process_one_scan(relationship, scan_id)\n  File \"/workspace/local_dataset/Open3DSG_staged/h001_runtime/work/open3dsg_h001_r2_recovery_source/open3dsg/data/preprocess_3rscan.py\", line 145, in process_one_scan\n    object2fame = pickle.load(open(os.path.join(CONF.PATH.R3SCAN, 'views', f\"{relationships_scan['scan']}_object2image.pkl\"), \"rb\"))\nModuleNotFoundError: No module named 'numpy._core'\n"
      },
      {
        "action": "failed",
        "after": {
          "exists": false,
          "objects_count": null,
          "predicate_count": null,
          "size_bytes": 0,
          "valid_pickle": false
        },
        "before": {
          "exists": false,
          "objects_count": null,
          "predicate_count": null,
          "size_bytes": 0,
          "valid_pickle": false
        },
        "error": "ModuleNotFoundError:No module named 'numpy._core'",
        "object_count_annotation": 8,
        "path": "local_dataset/Open3DSG_staged/h001_runtime/output/datasets/OpenSG_3RScan/preprocessed/422885c5-192d-25fc-85e6-12a3d65c8e7b/data_dict_2.pkl",
        "relationship_count": 5,
        "relationship_id": "422885c5-192d-25fc-85e6-12a3d65c8e7b-2",
        "scan_id": "422885c5-192d-25fc-85e6-12a3d65c8e7b",
        "split": 2,
        "traceback": "Traceback (most recent call last):\n  File \"/workspace/hypothesis/CAND-001/H001_geometry-grounded-verification/tools/run_open3dsg_preprocess.py\", line 167, in run_with_processor\n    processor.write_pickle(relationship)\n  File \"/workspace/local_dataset/Open3DSG_staged/h001_runtime/work/open3dsg_h001_r2_recovery_source/open3dsg/data/preprocess_3rscan.py\", line 404, in write_pickle\n    data_dict = self.process_one_scan(relationship, scan_id)\n  File \"/workspace/local_dataset/Open3DSG_staged/h001_runtime/work/open3dsg_h001_r2_recovery_source/open3dsg/data/preprocess_3rscan.py\", line 145, in process_one_scan\n    object2fame = pickle.load(open(os.path.join(CONF.PATH.R3SCAN, 'views', f\"{relationships_scan['scan']}_object2image.pkl\"), \"rb\"))\nModuleNotFoundError: No module named 'numpy._core'\n"
      },
      {
        "action": "failed",
        "after": {
          "exists": false,
          "objects_count": null,
          "predicate_count": null,
          "size_bytes": 0,
          "valid_pickle": false
        },
        "before": {
          "exists": false,
          "objects_count": null,
          "predicate_count": null,
          "size_bytes": 0,
          "valid_pickle": false
        },
        "error": "ModuleNotFoundError:No module named 'numpy._core'",
        "object_count_annotation": 9,
        "path": "local_dataset/Open3DSG_staged/h001_runtime/output/datasets/OpenSG_3RScan/preprocessed/bf9a3ddf-45a5-2e80-8007-8e9e7f323e52/data_dict_2.pkl",
        "relationship_count": 19,
        "relationship_id": "bf9a3ddf-45a5-2e80-8007-8e9e7f323e52-2",
        "scan_id": "bf9a3ddf-45a5-2e80-8007-8e9e7f323e52",
        "split": 2,
        "traceback": "Traceback (most recent call last):\n  File \"/workspace/hypothesis/CAND-001/H001_geometry-grounded-verification/tools/run_open3dsg_preprocess.py\", line 167, in run_with_processor\n    processor.write_pickle(relationship)\n  File \"/workspace/local_dataset/Open3DSG_staged/h001_runtime/work/open3dsg_h001_r2_recovery_source/open3dsg/data/preprocess_3rscan.py\", line 404, in write_pickle\n    data_dict = self.process_one_scan(relationship, scan_id)\n  File \"/workspace/local_dataset/Open3DSG_staged/h001_runtime/work/open3dsg_h001_r2_recovery_source/open3dsg/data/preprocess_3rscan.py\", line 145, in process_one_scan\n    object2fame = pickle.load(open(os.path.join(CONF.PATH.R3SCAN, 'views', f\"{relationships_scan['scan']}_object2image.pkl\"), \"rb\"))\nModuleNotFoundError: No module named 'numpy._core'\n"
      },
      {
        "action": "failed",
        "after": {
          "exists": false,
          "objects_count": null,
          "predicate_count": null,
          "size_bytes": 0,
          "valid_pickle": false
        },
        "before": {
          "exists": false,
          "objects_count": null,
          "predicate_count": null,
          "size_bytes": 0,
          "valid_pickle": false
        },
        "error": "ModuleNotFoundError:No module named 'numpy._core'",
        "object_count_annotation": 9,
        "path": "local_dataset/Open3DSG_staged/h001_runtime/output/datasets/OpenSG_3RScan/preprocessed/c7895f63-339c-2d13-81a3-0b07b1eb23b4/data_dict_2.pkl",
        "relationship_count": 12,
        "relationship_id": "c7895f63-339c-2d13-81a3-0b07b1eb23b4-2",
        "scan_id": "c7895f63-339c-2d13-81a3-0b07b1eb23b4",
        "split": 2,
        "traceback": "Traceback (most recent call last):\n  File \"/workspace/hypothesis/CAND-001/H001_geometry-grounded-verification/tools/run_open3dsg_preprocess.py\", line 167, in run_with_processor\n    processor.write_pickle(relationship)\n  File \"/workspace/local_dataset/Open3DSG_staged/h001_runtime/work/open3dsg_h001_r2_recovery_source/open3dsg/data/preprocess_3rscan.py\", line 404, in write_pickle\n    data_dict = self.process_one_scan(relationship, scan_id)\n  File \"/workspace/local_dataset/Open3DSG_staged/h001_runtime/work/open3dsg_h001_r2_recovery_source/open3dsg/data/preprocess_3rscan.py\", line 145, in process_one_scan\n    object2fame = pickle.load(open(os.path.join(CONF.PATH.R3SCAN, 'views', f\"{relationships_scan['scan']}_object2image.pkl\"), \"rb\"))\nModuleNotFoundError: No module named 'numpy._core'\n"
      },
      {
        "action": "failed",
        "after": {
          "exists": false,
          "objects_count": null,
          "predicate_count": null,
          "size_bytes": 0,
          "valid_pickle": false
        },
        "before": {
          "exists": false,
          "objects_count": null,
          "predicate_count": null,
          "size_bytes": 0,
          "valid_pickle": false
        },
        "error": "ModuleNotFoundError:No module named 'numpy._core'",
        "object_count_annotation": 5,
        "path": "local_dataset/Open3DSG_staged/h001_runtime/output/datasets/OpenSG_3RScan/preprocessed/fcf66d7b-622d-291c-86b8-7db96aebcee3/data_dict_3.pkl",
        "relationship_count": 2,
        "relationship_id": "fcf66d7b-622d-291c-86b8-7db96aebcee3-3",
        "scan_id": "fcf66d7b-622d-291c-86b8-7db96aebcee3",
        "split": 3,
        "traceback": "Traceback (most recent call last):\n  File \"/workspace/hypothesis/CAND-001/H001_geometry-grounded-verification/tools/run_open3dsg_preprocess.py\", line 167, in run_with_processor\n    processor.write_pickle(relationship)\n  File \"/workspace/local_dataset/Open3DSG_staged/h001_runtime/work/open3dsg_h001_r2_recovery_source/open3dsg/data/preprocess_3rscan.py\", line 404, in write_pickle\n    data_dict = self.process_one_scan(relationship, scan_id)\n  File \"/workspace/local_dataset/Open3DSG_staged/h001_runtime/work/open3dsg_h001_r2_recovery_source/open3dsg/data/preprocess_3rscan.py\", line 145, in process_one_scan\n    object2fame = pickle.load(open(os.path.join(CONF.PATH.R3SCAN, 'views', f\"{relationships_scan['scan']}_object2image.pkl\"), \"rb\"))\nModuleNotFoundError: No module named 'numpy._core'\n"
      }
    ],
    "missing_subgraph_count": 11,
    "processed_subgraph_count": 29,
    "ready_subgraph_count": 18,
    "total_annotation_relations": 550,
    "total_size_bytes": 344295431,
    "unique_ready_scans": 9
  },
  "warnings": [
    "partial_runtime:open3dsg_preprocessed_pickles:18/29"
  ],
  "work_source": "local_dataset/Open3DSG_staged/h001_runtime/work/open3dsg_h001_r2_recovery_source",
  "workers": 1
}
