 Container open3dsg-open3dsg_base-run-2a4caac6aa02 Creating 
 Container open3dsg-open3dsg_base-run-2a4caac6aa02 Created 

==========
== CUDA ==
==========

CUDA Version 12.8.1

Container image Copyright (c) 2016-2023, NVIDIA CORPORATION & AFFILIATES. All rights reserved.

This container image and its contents are governed by the NVIDIA Deep Learning Container License.
By pulling and using the container, you accept the terms and conditions of this license:
https://developer.nvidia.com/ngc/nvidia-deep-learning-container-license

A copy of this license is made available in this container at /NGC-DL-CONTAINER-LICENSE for your convenience.

[1/1] 0cac7532-8d6f-2d13-8cea-1e70d5ae4856 generated ready=True objects=10
{
  "all_selected_scan_count": 1,
  "audit_only": false,
  "blockers": [],
  "claim_limit": "No Open3DSG raw dump, prediction JSONL, geometry join, metric, or improvement claim exists after view pickle generation.",
  "config_patch": "experiments/H001_geom_reliability/sources/open3dsg/h001_covered_recovery/preprocess_min_visible2_relaxed_final1/views/config_patch.diff",
  "date_checked": "2026-06-05T05:45:01+00:00",
  "limit": null,
  "mode": "validation",
  "next_action": "Run Open3DSG preprocess generation after view pickles are ready.",
  "offset": 0,
  "open3dsg_source": "local_dataset/Open3DSG_staged/h001_runtime/source/open3dsg_source",
  "processed_scan_count": 1,
  "schema_version": "h001_open3dsg_views_v1",
  "selected_scans_file": "local_dataset/Open3DSG_staged/h001_runtime/data/3RScan/3DSSG_subset/validation_scans.txt",
  "staged_root": "local_dataset/Open3DSG_staged/h001_runtime",
  "status": "views_ready",
  "summary": {
    "actions": {
      "generated": 1
    },
    "failed_records": [],
    "missing_scan_count": 0,
    "processed_scan_count": 1,
    "ready_scan_count": 1,
    "total_frame_ref_count": 21,
    "total_object_count": 10,
    "total_size_bytes": 6913
  },
  "view_root": "local_dataset/Open3DSG_staged/h001_runtime/output/datasets/OpenSG_3RScan/views",
  "work_source": "local_dataset/Open3DSG_staged/h001_runtime/work/open3dsg_h001_r2_recovery_source",
  "workers": 1
}
