 Container open3dsg-open3dsg_base-run-2553709d5fb6 Creating 
 Container open3dsg-open3dsg_base-run-2553709d5fb6 Created 

==========
== CUDA ==
==========

CUDA Version 12.8.1

Container image Copyright (c) 2016-2023, NVIDIA CORPORATION & AFFILIATES. All rights reserved.

This container image and its contents are governed by the NVIDIA Deep Learning Container License.
By pulling and using the container, you accept the terms and conditions of this license:
https://developer.nvidia.com/ngc/nvidia-deep-learning-container-license

A copy of this license is made available in this container at /NGC-DL-CONTAINER-LICENSE for your convenience.

{"blockers": [], "status": "ready"}
{
  "changed": false,
  "date_checked": "2026-06-04T16:55:29+00:00",
  "default_behavior": "OPEN3DSG_MIN_VISIBLE_OBJECTS unset keeps the official gate at 4",
  "recovery_override": "set OPEN3DSG_MIN_VISIBLE_OBJECTS=2 for isolated recovery only",
  "schema_version": "h001_open3dsg_preprocess_min_visible_patch_v1",
  "status": "already_patched",
  "target": "local_dataset/Open3DSG_staged/h001_runtime/source/open3dsg_source/open3dsg/data/preprocess_3rscan.py"
}
[1/7] c7895f29-339c-2d13-83e9-90dbe61fa8be-1 regenerated ready=True bytes=29049770
[2/7] c7895f29-339c-2d13-83e9-90dbe61fa8be-2 regenerated ready=True bytes=22283019
[3/7] c7895f29-339c-2d13-83e9-90dbe61fa8be-3 regenerated ready=True bytes=29040992
[4/7] c7895f29-339c-2d13-83e9-90dbe61fa8be-4 regenerated ready=True bytes=22293324
[5/7] c7895f29-339c-2d13-83e9-90dbe61fa8be-5 generated ready=True bytes=2174704
[6/7] 0cac7532-8d6f-2d13-8cea-1e70d5ae4856-1 regenerated ready=True bytes=29024440
[7/7] 0cac7532-8d6f-2d13-8cea-1e70d5ae4856-2 generated ready=True bytes=11135490
{
  "all_split_subgraph_count": 548,
  "audit_only": false,
  "blockers": [],
  "claim_limit": "No Open3DSG raw dump, prediction JSONL, geometry join, metric, or improvement claim exists after preprocessing.",
  "config_patch": "experiments/H001_geom_reliability/sources/open3dsg/full_validation/preprocess_recovery_relaxed_views_min2/preprocess/config_patch.diff",
  "date_checked": "2026-06-04T16:57:39+00:00",
  "force": true,
  "limit": null,
  "next_action": "Acquire Open3DSG checkpoint/model artifacts, then run raw dump smoke.",
  "offset": 0,
  "open3dsg_min_visible_objects": "2",
  "open3dsg_source": "local_dataset/Open3DSG_staged/h001_runtime/source/open3dsg_source",
  "preprocessed_root": "local_dataset/Open3DSG_staged/h001_full_validation_runtime/output/datasets/OpenSG_3RScan/preprocessed",
  "processed_subgraph_count": 7,
  "schema_version": "h001_open3dsg_preprocess_v1",
  "split": "validation",
  "staged_root": "local_dataset/Open3DSG_staged/h001_full_validation_runtime",
  "status": "preprocess_ready",
  "summary": {
    "actions": {
      "generated": 2,
      "regenerated": 5
    },
    "failed_records": [],
    "missing_records": [],
    "missing_subgraph_count": 0,
    "processed_subgraph_count": 7,
    "ready_subgraph_count": 7,
    "total_annotation_relations": 249,
    "total_size_bytes": 145001739,
    "unique_ready_scans": 2
  },
  "warnings": [],
  "work_source": "local_dataset/Open3DSG_staged/h001_full_validation_runtime/work/open3dsg_eval_source",
  "workers": 1
}
