 Image h001-geom-reliability:latest Building 
#1 [internal] load local bake definitions
#1 reading from stdin 615B done
#1 DONE 0.0s

#2 [internal] load build definition from Dockerfile
#2 transferring dockerfile: 335B done
#2 DONE 0.0s

#3 [internal] load metadata for docker.io/library/python:3.11.9-slim-bookworm
#3 DONE 0.7s

#4 [internal] load .dockerignore
#4 transferring context: 2B done
#4 DONE 0.0s

#5 [internal] load build context
#5 transferring context: 34.08kB done
#5 DONE 0.0s

#6 [1/4] FROM docker.io/library/python:3.11.9-slim-bookworm@sha256:8fb099199b9f2d70342674bd9dbccd3ed03a258f26bbd1d556822c6dfc60c317
#6 resolve docker.io/library/python:3.11.9-slim-bookworm@sha256:8fb099199b9f2d70342674bd9dbccd3ed03a258f26bbd1d556822c6dfc60c317 0.0s done
#6 DONE 0.0s

#7 [2/4] WORKDIR /workspace
#7 CACHED

#8 [3/4] RUN pip install --no-cache-dir numpy==1.26.4 pillow==10.4.0
#8 CACHED

#9 [4/4] COPY experiments/H001_geom_reliability/scripts/ /opt/h001/scripts/
#9 DONE 0.0s

#10 exporting to image
#10 exporting layers 0.1s done
#10 exporting manifest sha256:a7a0af0c1c969e097e769fe94b0b8dc512e23cb24f882b63341e7781829c11cf 0.0s done
#10 exporting config sha256:fec4191c19156af58972e57db424ce1495ea50e73679e83b9ed836a470db5cd1 0.0s done
#10 exporting attestation manifest sha256:93d26820327822cefbfb392318befa96c9716b542bf35441e2cc1bb816036550 0.1s done
#10 exporting manifest list sha256:538fd968fcf5d9f5d501546b3b77cb89329f2b229b3e067e9fabd9d53160bb9c
#10 exporting manifest list sha256:538fd968fcf5d9f5d501546b3b77cb89329f2b229b3e067e9fabd9d53160bb9c 0.0s done
#10 naming to docker.io/library/h001-geom-reliability:latest done
#10 unpacking to docker.io/library/h001-geom-reliability:latest 0.0s done
#10 DONE 0.4s

#11 resolving provenance for metadata file
#11 DONE 0.0s
 Image h001-geom-reliability:latest Built 
