 Image h001-geom-reliability:latest Building 
#1 [internal] load local bake definitions
#1 reading from stdin 633B done
#1 DONE 0.0s

#2 [internal] load build definition from Dockerfile
#2 transferring dockerfile: 335B done
#2 DONE 0.0s

#3 [internal] load metadata for docker.io/library/python:3.11.9-slim-bookworm
#3 ...

#4 [auth] library/python:pull token for registry-1.docker.io
#4 DONE 0.0s

#3 [internal] load metadata for docker.io/library/python:3.11.9-slim-bookworm
#3 DONE 1.2s

#5 [internal] load .dockerignore
#5 transferring context: 2B done
#5 DONE 0.0s

#6 [internal] load build context
#6 transferring context: 160.97kB done
#6 DONE 0.0s

#7 [1/4] FROM docker.io/library/python:3.11.9-slim-bookworm@sha256:8fb099199b9f2d70342674bd9dbccd3ed03a258f26bbd1d556822c6dfc60c317
#7 resolve docker.io/library/python:3.11.9-slim-bookworm@sha256:8fb099199b9f2d70342674bd9dbccd3ed03a258f26bbd1d556822c6dfc60c317 0.0s done
#7 DONE 0.0s

#8 [2/4] WORKDIR /workspace
#8 CACHED

#9 [3/4] RUN pip install --no-cache-dir numpy==1.26.4 pillow==10.4.0
#9 CACHED

#10 [4/4] COPY experiments/H001_geom_reliability/scripts/ /opt/h001/scripts/
#10 DONE 0.1s

#11 exporting to image
#11 exporting layers 0.1s done
#11 exporting manifest sha256:ddc73f87ad58175324a132b4195471cb571571314a876e1fc97b6f54fd719645 0.0s done
#11 exporting config sha256:eee541fa44bad8f5d31caad9796ef0ab813042f2c0466616fb7cce7d36ee6f6d 0.0s done
#11 exporting attestation manifest sha256:1a230f08624610985d0da59d1ece2daf4e3373c1e8ef0e31fbe3d6abce9829c0 0.1s done
#11 exporting manifest list sha256:11ec4fac119279bb24915b54a3b5e594cd788f96e85df7017ca3299f2ee7255c
#11 exporting manifest list sha256:11ec4fac119279bb24915b54a3b5e594cd788f96e85df7017ca3299f2ee7255c 0.1s done
#11 naming to docker.io/library/h001-geom-reliability:latest done
#11 unpacking to docker.io/library/h001-geom-reliability:latest 0.0s done
#11 DONE 0.4s

#12 resolving provenance for metadata file
#12 DONE 0.0s
 Image h001-geom-reliability:latest Built 
