 Image h001-geom-reliability:latest Building 
#1 [internal] load local bake definitions
#1 reading from stdin 612B done
#1 DONE 0.0s

#2 [internal] load build definition from Dockerfile
#2 transferring dockerfile: 335B done
#2 DONE 0.0s

#3 [auth] library/python:pull token for registry-1.docker.io
#3 DONE 0.0s

#4 [internal] load metadata for docker.io/library/python:3.11.9-slim-bookworm
#4 DONE 0.9s

#5 [internal] load .dockerignore
#5 transferring context: 2B done
#5 DONE 0.0s

#6 [internal] load build context
#6 transferring context: 24.75kB done
#6 DONE 0.0s

#7 [1/4] FROM docker.io/library/python:3.11.9-slim-bookworm@sha256:8fb099199b9f2d70342674bd9dbccd3ed03a258f26bbd1d556822c6dfc60c317
#7 resolve docker.io/library/python:3.11.9-slim-bookworm@sha256:8fb099199b9f2d70342674bd9dbccd3ed03a258f26bbd1d556822c6dfc60c317 0.0s done
#7 DONE 0.0s

#8 [2/4] WORKDIR /workspace
#8 CACHED

#9 [3/4] RUN pip install --no-cache-dir numpy==1.26.4 pillow==10.4.0
#9 CACHED

#10 [4/4] COPY experiments/H001_geom_reliability/scripts/ /opt/h001/scripts/
#10 DONE 0.1s

#11 exporting to image
#11 exporting layers 0.1s done
#11 exporting manifest sha256:a34af4a6122603132a3f3266328a2008f3b94df763bd31a8a0fc029b741f89a1 0.0s done
#11 exporting config sha256:946db7590a7199321bf9c8ff511dbe5f196bdfd872d261864e4a61ce82b3931d 0.0s done
#11 exporting attestation manifest sha256:cf893bd0bb6468539c4eea66685d077160c731689240bdbc7b0a5057bf6dc084 0.1s done
#11 exporting manifest list sha256:7bcf43fdf1ad6d500ee5d50aa13e88a9c2d7fa22a7597663851dcccbc3e90b13
#11 exporting manifest list sha256:7bcf43fdf1ad6d500ee5d50aa13e88a9c2d7fa22a7597663851dcccbc3e90b13 0.0s done
#11 naming to docker.io/library/h001-geom-reliability:latest done
#11 unpacking to docker.io/library/h001-geom-reliability:latest 0.0s done
#11 DONE 0.4s

#12 resolving provenance for metadata file
#12 DONE 0.0s
 Image h001-geom-reliability:latest Built 
