 Image h001-geom-reliability:latest Building 
#1 [internal] load local bake definitions
#1 reading from stdin 615B done
#1 DONE 0.0s

#2 [internal] load build definition from Dockerfile
#2 transferring dockerfile: 335B done
#2 DONE 0.0s

#3 [internal] load metadata for docker.io/library/python:3.11.9-slim-bookworm
#3 ...

#4 [auth] library/python:pull token for registry-1.docker.io
#4 DONE 0.0s

#3 [internal] load metadata for docker.io/library/python:3.11.9-slim-bookworm
#3 DONE 1.1s

#5 [internal] load .dockerignore
#5 transferring context: 2B done
#5 DONE 0.0s

#6 [internal] load build context
#6 transferring context: 195.28kB done
#6 DONE 0.0s

#7 [1/4] FROM docker.io/library/python:3.11.9-slim-bookworm@sha256:8fb099199b9f2d70342674bd9dbccd3ed03a258f26bbd1d556822c6dfc60c317
#7 resolve docker.io/library/python:3.11.9-slim-bookworm@sha256:8fb099199b9f2d70342674bd9dbccd3ed03a258f26bbd1d556822c6dfc60c317 0.0s done
#7 DONE 0.0s

#8 [2/4] WORKDIR /workspace
#8 CACHED

#9 [3/4] RUN pip install --no-cache-dir numpy==1.26.4 pillow==10.4.0
#9 CACHED

#10 [4/4] COPY experiments/H001_geom_reliability/scripts/ /opt/h001/scripts/
#10 DONE 0.1s

#11 exporting to image
#11 exporting layers 0.1s done
#11 exporting manifest sha256:ba7560d69e4d193539de8090fd6e520d27c1ddf65b1bc8a75b5409fb654e0ba7 0.0s done
#11 exporting config sha256:316da3e193731aab96d738c18b54cae898cb23422c8821ff22e068493ba2d552 0.0s done
#11 exporting attestation manifest sha256:e939a77992a8207461f7e655976c114099f4690930331c858f751a6f80540ce1 0.1s done
#11 exporting manifest list sha256:fbbf2968b76aa5ae11680aa910330c2d6f7b3108076508dcdda7ec38a297535c
#11 exporting manifest list sha256:fbbf2968b76aa5ae11680aa910330c2d6f7b3108076508dcdda7ec38a297535c 0.1s done
#11 naming to docker.io/library/h001-geom-reliability:latest done
#11 unpacking to docker.io/library/h001-geom-reliability:latest 0.0s done
#11 DONE 0.4s

#12 resolving provenance for metadata file
#12 DONE 0.0s
 Image h001-geom-reliability:latest Built 
