[2026-05-07T17:57:00+09:00] starting payload batch: limit=100 workers=4 current_mesh_ready=224/1178
 Container h001_geom_reliability-open3dsg_payload-run-92dd5929e663 Creating 
 Container h001_geom_reliability-open3dsg_payload-run-92dd5929e663 Created 
{"out": "/workspace/experiments/H001_geom_reliability/sources/open3dsg/payload", "status": "payload_download_batch_complete"}
[2026-05-07T18:29:42+09:00] refreshing training_repro manifest
 Container h001_geom_reliability-open3dsg_train_root-run-98fdceaf0e54 Creating 
 Container h001_geom_reliability-open3dsg_train_root-run-98fdceaf0e54 Created 
{"out": "/workspace/experiments/H001_geom_reliability/sources/open3dsg/training_repro", "status": "training_repro_metadata_ready_payload_incomplete"}
{"status":"training_repro_metadata_ready_payload_incomplete","train_payload":{"existing_scan_dirs":339,"expected_scans":1178,"missing_scan_dirs":839,"open3dsg_files":{"mesh.refined.mtl":321,"mesh.refined.v2.obj":321,"mesh.refined_0.png":321},"raw_files":{"labels.instances.annotated.v2.ply":339,"mesh.refined.0.010000.segs.v2.json":339,"semseg.v2.json":339},"sequence_files":{"sequence/_info.txt":321,"sequence/frame-000000.color.jpg":321,"sequence/frame-000000.depth.pgm":321,"sequence/frame-000000.pose.txt":321}},"train_dev_payload":{"existing_scan_dirs":12,"expected_scans":30,"missing_scan_dirs":18,"open3dsg_files":{"mesh.refined.mtl":5,"mesh.refined.v2.obj":5,"mesh.refined_0.png":5},"raw_files":{"labels.instances.annotated.v2.ply":12,"mesh.refined.0.010000.segs.v2.json":12,"semseg.v2.json":12},"sequence_files":{"sequence/_info.txt":12,"sequence/frame-000000.color.jpg":12,"sequence/frame-000000.depth.pgm":12,"sequence/frame-000000.pose.txt":12}},"target_payload":{"existing_scan_dirs":351,"expected_scans":1208,"missing_scan_dirs":857,"open3dsg_files":{"mesh.refined.mtl":326,"mesh.refined.v2.obj":326,"mesh.refined_0.png":326},"raw_files":{"labels.instances.annotated.v2.ply":351,"mesh.refined.0.010000.segs.v2.json":351,"semseg.v2.json":351},"sequence_files":{"sequence/_info.txt":333,"sequence/frame-000000.color.jpg":333,"sequence/frame-000000.depth.pgm":333,"sequence/frame-000000.pose.txt":333}}}
[2026-05-07T18:30:13+09:00] starting payload batch: limit=100 workers=4 current_mesh_ready=321/1178
 Container h001_geom_reliability-open3dsg_payload-run-c4e6a0b384ea Creating 
 Container h001_geom_reliability-open3dsg_payload-run-c4e6a0b384ea Created 
{"out": "/workspace/experiments/H001_geom_reliability/sources/open3dsg/payload", "status": "payload_download_batch_complete"}
[2026-05-07T19:06:37+09:00] refreshing training_repro manifest
 Container h001_geom_reliability-open3dsg_train_root-run-e3741d600b70 Creating 
 Container h001_geom_reliability-open3dsg_train_root-run-e3741d600b70 Created 
{"out": "/workspace/experiments/H001_geom_reliability/sources/open3dsg/training_repro", "status": "training_repro_metadata_ready_payload_incomplete"}
{"status":"training_repro_metadata_ready_payload_incomplete","train_payload":{"existing_scan_dirs":433,"expected_scans":1178,"missing_scan_dirs":745,"open3dsg_files":{"mesh.refined.mtl":416,"mesh.refined.v2.obj":416,"mesh.refined_0.png":416},"raw_files":{"labels.instances.annotated.v2.ply":433,"mesh.refined.0.010000.segs.v2.json":433,"semseg.v2.json":433},"sequence_files":{"sequence/_info.txt":416,"sequence/frame-000000.color.jpg":416,"sequence/frame-000000.depth.pgm":416,"sequence/frame-000000.pose.txt":416}},"train_dev_payload":{"existing_scan_dirs":16,"expected_scans":30,"missing_scan_dirs":14,"open3dsg_files":{"mesh.refined.mtl":10,"mesh.refined.v2.obj":10,"mesh.refined_0.png":10},"raw_files":{"labels.instances.annotated.v2.ply":16,"mesh.refined.0.010000.segs.v2.json":16,"semseg.v2.json":16},"sequence_files":{"sequence/_info.txt":16,"sequence/frame-000000.color.jpg":16,"sequence/frame-000000.depth.pgm":16,"sequence/frame-000000.pose.txt":16}},"target_payload":{"existing_scan_dirs":449,"expected_scans":1208,"missing_scan_dirs":759,"open3dsg_files":{"mesh.refined.mtl":426,"mesh.refined.v2.obj":426,"mesh.refined_0.png":426},"raw_files":{"labels.instances.annotated.v2.ply":449,"mesh.refined.0.010000.segs.v2.json":449,"semseg.v2.json":449},"sequence_files":{"sequence/_info.txt":432,"sequence/frame-000000.color.jpg":432,"sequence/frame-000000.depth.pgm":432,"sequence/frame-000000.pose.txt":432}}}
[2026-05-07T19:07:09+09:00] starting payload batch: limit=100 workers=4 current_mesh_ready=416/1178
 Container h001_geom_reliability-open3dsg_payload-run-ea4177a7b328 Creating 
 Container h001_geom_reliability-open3dsg_payload-run-ea4177a7b328 Created 
{"out": "/workspace/experiments/H001_geom_reliability/sources/open3dsg/payload", "status": "payload_download_batch_complete"}
[2026-05-07T19:41:39+09:00] refreshing training_repro manifest
 Container h001_geom_reliability-open3dsg_train_root-run-fe655d695cd6 Creating 
 Container h001_geom_reliability-open3dsg_train_root-run-fe655d695cd6 Created 
{"out": "/workspace/experiments/H001_geom_reliability/sources/open3dsg/training_repro", "status": "training_repro_metadata_ready_payload_incomplete"}
{"status":"training_repro_metadata_ready_payload_incomplete","train_payload":{"existing_scan_dirs":528,"expected_scans":1178,"missing_scan_dirs":650,"open3dsg_files":{"mesh.refined.mtl":515,"mesh.refined.v2.obj":515,"mesh.refined_0.png":515},"raw_files":{"labels.instances.annotated.v2.ply":528,"mesh.refined.0.010000.segs.v2.json":528,"semseg.v2.json":528},"sequence_files":{"sequence/_info.txt":515,"sequence/frame-000000.color.jpg":515,"sequence/frame-000000.depth.pgm":515,"sequence/frame-000000.pose.txt":515}},"train_dev_payload":{"existing_scan_dirs":17,"expected_scans":30,"missing_scan_dirs":13,"open3dsg_files":{"mesh.refined.mtl":11,"mesh.refined.v2.obj":11,"mesh.refined_0.png":11},"raw_files":{"labels.instances.annotated.v2.ply":17,"mesh.refined.0.010000.segs.v2.json":17,"semseg.v2.json":17},"sequence_files":{"sequence/_info.txt":17,"sequence/frame-000000.color.jpg":17,"sequence/frame-000000.depth.pgm":17,"sequence/frame-000000.pose.txt":17}},"target_payload":{"existing_scan_dirs":545,"expected_scans":1208,"missing_scan_dirs":663,"open3dsg_files":{"mesh.refined.mtl":526,"mesh.refined.v2.obj":526,"mesh.refined_0.png":526},"raw_files":{"labels.instances.annotated.v2.ply":545,"mesh.refined.0.010000.segs.v2.json":545,"semseg.v2.json":545},"sequence_files":{"sequence/_info.txt":532,"sequence/frame-000000.color.jpg":532,"sequence/frame-000000.depth.pgm":532,"sequence/frame-000000.pose.txt":532}}}
[2026-05-07T19:42:11+09:00] starting payload batch: limit=100 workers=4 current_mesh_ready=515/1178
 Container h001_geom_reliability-open3dsg_payload-run-a71a4d646466 Creating 
 Container h001_geom_reliability-open3dsg_payload-run-a71a4d646466 Created 
{"out": "/workspace/experiments/H001_geom_reliability/sources/open3dsg/payload", "status": "payload_download_batch_complete"}
[2026-05-07T20:05:31+09:00] refreshing training_repro manifest
 Container h001_geom_reliability-open3dsg_train_root-run-94396894aa9a Creating 
 Container h001_geom_reliability-open3dsg_train_root-run-94396894aa9a Created 
{"out": "/workspace/experiments/H001_geom_reliability/sources/open3dsg/training_repro", "status": "training_repro_metadata_ready_payload_incomplete"}
{"status":"training_repro_metadata_ready_payload_incomplete","train_payload":{"existing_scan_dirs":628,"expected_scans":1178,"missing_scan_dirs":550,"open3dsg_files":{"mesh.refined.mtl":615,"mesh.refined.v2.obj":615,"mesh.refined_0.png":615},"raw_files":{"labels.instances.annotated.v2.ply":628,"mesh.refined.0.010000.segs.v2.json":628,"semseg.v2.json":628},"sequence_files":{"sequence/_info.txt":615,"sequence/frame-000000.color.jpg":615,"sequence/frame-000000.depth.pgm":615,"sequence/frame-000000.pose.txt":615}},"train_dev_payload":{"existing_scan_dirs":17,"expected_scans":30,"missing_scan_dirs":13,"open3dsg_files":{"mesh.refined.mtl":11,"mesh.refined.v2.obj":11,"mesh.refined_0.png":11},"raw_files":{"labels.instances.annotated.v2.ply":17,"mesh.refined.0.010000.segs.v2.json":17,"semseg.v2.json":17},"sequence_files":{"sequence/_info.txt":17,"sequence/frame-000000.color.jpg":17,"sequence/frame-000000.depth.pgm":17,"sequence/frame-000000.pose.txt":17}},"target_payload":{"existing_scan_dirs":645,"expected_scans":1208,"missing_scan_dirs":563,"open3dsg_files":{"mesh.refined.mtl":626,"mesh.refined.v2.obj":626,"mesh.refined_0.png":626},"raw_files":{"labels.instances.annotated.v2.ply":645,"mesh.refined.0.010000.segs.v2.json":645,"semseg.v2.json":645},"sequence_files":{"sequence/_info.txt":632,"sequence/frame-000000.color.jpg":632,"sequence/frame-000000.depth.pgm":632,"sequence/frame-000000.pose.txt":632}}}
[2026-05-07T20:06:02+09:00] starting payload batch: limit=100 workers=4 current_mesh_ready=615/1178
 Container h001_geom_reliability-open3dsg_payload-run-4770d5a8668b Creating 
 Container h001_geom_reliability-open3dsg_payload-run-4770d5a8668b Created 
{"out": "/workspace/experiments/H001_geom_reliability/sources/open3dsg/payload", "status": "payload_download_batch_complete"}
[2026-05-07T20:48:12+09:00] refreshing training_repro manifest
 Container h001_geom_reliability-open3dsg_train_root-run-0ad22570578e Creating 
 Container h001_geom_reliability-open3dsg_train_root-run-0ad22570578e Created 
{"out": "/workspace/experiments/H001_geom_reliability/sources/open3dsg/training_repro", "status": "training_repro_metadata_ready_payload_incomplete"}
{"status":"training_repro_metadata_ready_payload_incomplete","train_payload":{"existing_scan_dirs":725,"expected_scans":1178,"missing_scan_dirs":453,"open3dsg_files":{"mesh.refined.mtl":713,"mesh.refined.v2.obj":713,"mesh.refined_0.png":713},"raw_files":{"labels.instances.annotated.v2.ply":725,"mesh.refined.0.010000.segs.v2.json":725,"semseg.v2.json":725},"sequence_files":{"sequence/_info.txt":713,"sequence/frame-000000.color.jpg":713,"sequence/frame-000000.depth.pgm":713,"sequence/frame-000000.pose.txt":713}},"train_dev_payload":{"existing_scan_dirs":18,"expected_scans":30,"missing_scan_dirs":12,"open3dsg_files":{"mesh.refined.mtl":13,"mesh.refined.v2.obj":13,"mesh.refined_0.png":13},"raw_files":{"labels.instances.annotated.v2.ply":18,"mesh.refined.0.010000.segs.v2.json":18,"semseg.v2.json":18},"sequence_files":{"sequence/_info.txt":18,"sequence/frame-000000.color.jpg":18,"sequence/frame-000000.depth.pgm":18,"sequence/frame-000000.pose.txt":18}},"target_payload":{"existing_scan_dirs":743,"expected_scans":1208,"missing_scan_dirs":465,"open3dsg_files":{"mesh.refined.mtl":726,"mesh.refined.v2.obj":726,"mesh.refined_0.png":726},"raw_files":{"labels.instances.annotated.v2.ply":743,"mesh.refined.0.010000.segs.v2.json":743,"semseg.v2.json":743},"sequence_files":{"sequence/_info.txt":731,"sequence/frame-000000.color.jpg":731,"sequence/frame-000000.depth.pgm":731,"sequence/frame-000000.pose.txt":731}}}
[2026-05-07T20:48:44+09:00] starting payload batch: limit=100 workers=4 current_mesh_ready=713/1178
 Container h001_geom_reliability-open3dsg_payload-run-dae522df2260 Creating 
 Container h001_geom_reliability-open3dsg_payload-run-dae522df2260 Created 
{"out": "/workspace/experiments/H001_geom_reliability/sources/open3dsg/payload", "status": "payload_download_batch_complete"}
[2026-05-07T21:19:00+09:00] refreshing training_repro manifest
 Container h001_geom_reliability-open3dsg_train_root-run-764d8f20b04f Creating 
 Container h001_geom_reliability-open3dsg_train_root-run-764d8f20b04f Created 
{"out": "/workspace/experiments/H001_geom_reliability/sources/open3dsg/training_repro", "status": "training_repro_metadata_ready_payload_incomplete"}
{"status":"training_repro_metadata_ready_payload_incomplete","train_payload":{"existing_scan_dirs":819,"expected_scans":1178,"missing_scan_dirs":359,"open3dsg_files":{"mesh.refined.mtl":807,"mesh.refined.v2.obj":807,"mesh.refined_0.png":807},"raw_files":{"labels.instances.annotated.v2.ply":819,"mesh.refined.0.010000.segs.v2.json":819,"semseg.v2.json":819},"sequence_files":{"sequence/_info.txt":807,"sequence/frame-000000.color.jpg":807,"sequence/frame-000000.depth.pgm":807,"sequence/frame-000000.pose.txt":807}},"train_dev_payload":{"existing_scan_dirs":22,"expected_scans":30,"missing_scan_dirs":8,"open3dsg_files":{"mesh.refined.mtl":19,"mesh.refined.v2.obj":19,"mesh.refined_0.png":19},"raw_files":{"labels.instances.annotated.v2.ply":22,"mesh.refined.0.010000.segs.v2.json":22,"semseg.v2.json":22},"sequence_files":{"sequence/_info.txt":22,"sequence/frame-000000.color.jpg":22,"sequence/frame-000000.depth.pgm":22,"sequence/frame-000000.pose.txt":22}},"target_payload":{"existing_scan_dirs":841,"expected_scans":1208,"missing_scan_dirs":367,"open3dsg_files":{"mesh.refined.mtl":826,"mesh.refined.v2.obj":826,"mesh.refined_0.png":826},"raw_files":{"labels.instances.annotated.v2.ply":841,"mesh.refined.0.010000.segs.v2.json":841,"semseg.v2.json":841},"sequence_files":{"sequence/_info.txt":829,"sequence/frame-000000.color.jpg":829,"sequence/frame-000000.depth.pgm":829,"sequence/frame-000000.pose.txt":829}}}
[2026-05-07T21:19:31+09:00] starting payload batch: limit=100 workers=4 current_mesh_ready=807/1178
 Container h001_geom_reliability-open3dsg_payload-run-7e19e468d9b2 Creating 
 Container h001_geom_reliability-open3dsg_payload-run-7e19e468d9b2 Created 
{"out": "/workspace/experiments/H001_geom_reliability/sources/open3dsg/payload", "status": "payload_download_batch_complete"}
[2026-05-07T21:47:24+09:00] refreshing training_repro manifest
 Container h001_geom_reliability-open3dsg_train_root-run-4ec1e1160f4e Creating 
 Container h001_geom_reliability-open3dsg_train_root-run-4ec1e1160f4e Created 
{"out": "/workspace/experiments/H001_geom_reliability/sources/open3dsg/training_repro", "status": "training_repro_metadata_ready_payload_incomplete"}
{"status":"training_repro_metadata_ready_payload_incomplete","train_payload":{"existing_scan_dirs":916,"expected_scans":1178,"missing_scan_dirs":262,"open3dsg_files":{"mesh.refined.mtl":907,"mesh.refined.v2.obj":907,"mesh.refined_0.png":907},"raw_files":{"labels.instances.annotated.v2.ply":916,"mesh.refined.0.010000.segs.v2.json":916,"semseg.v2.json":916},"sequence_files":{"sequence/_info.txt":907,"sequence/frame-000000.color.jpg":907,"sequence/frame-000000.depth.pgm":907,"sequence/frame-000000.pose.txt":907}},"train_dev_payload":{"existing_scan_dirs":22,"expected_scans":30,"missing_scan_dirs":8,"open3dsg_files":{"mesh.refined.mtl":19,"mesh.refined.v2.obj":19,"mesh.refined_0.png":19},"raw_files":{"labels.instances.annotated.v2.ply":22,"mesh.refined.0.010000.segs.v2.json":22,"semseg.v2.json":22},"sequence_files":{"sequence/_info.txt":22,"sequence/frame-000000.color.jpg":22,"sequence/frame-000000.depth.pgm":22,"sequence/frame-000000.pose.txt":22}},"target_payload":{"existing_scan_dirs":938,"expected_scans":1208,"missing_scan_dirs":270,"open3dsg_files":{"mesh.refined.mtl":926,"mesh.refined.v2.obj":926,"mesh.refined_0.png":926},"raw_files":{"labels.instances.annotated.v2.ply":938,"mesh.refined.0.010000.segs.v2.json":938,"semseg.v2.json":938},"sequence_files":{"sequence/_info.txt":929,"sequence/frame-000000.color.jpg":929,"sequence/frame-000000.depth.pgm":929,"sequence/frame-000000.pose.txt":929}}}
[2026-05-07T21:47:56+09:00] starting payload batch: limit=100 workers=4 current_mesh_ready=907/1178
 Container h001_geom_reliability-open3dsg_payload-run-34ed106d1654 Creating 
 Container h001_geom_reliability-open3dsg_payload-run-34ed106d1654 Created 
{"out": "/workspace/experiments/H001_geom_reliability/sources/open3dsg/payload", "status": "payload_download_batch_complete"}
[2026-05-07T22:23:24+09:00] refreshing training_repro manifest
 Container h001_geom_reliability-open3dsg_train_root-run-4de781d5d9e3 Creating 
 Container h001_geom_reliability-open3dsg_train_root-run-4de781d5d9e3 Created 
{"out": "/workspace/experiments/H001_geom_reliability/sources/open3dsg/training_repro", "status": "training_repro_metadata_ready_payload_incomplete"}
{"status":"training_repro_metadata_ready_payload_incomplete","train_payload":{"existing_scan_dirs":1012,"expected_scans":1178,"missing_scan_dirs":166,"open3dsg_files":{"mesh.refined.mtl":1003,"mesh.refined.v2.obj":1003,"mesh.refined_0.png":1003},"raw_files":{"labels.instances.annotated.v2.ply":1012,"mesh.refined.0.010000.segs.v2.json":1012,"semseg.v2.json":1012},"sequence_files":{"sequence/_info.txt":1003,"sequence/frame-000000.color.jpg":1003,"sequence/frame-000000.depth.pgm":1003,"sequence/frame-000000.pose.txt":1003}},"train_dev_payload":{"existing_scan_dirs":25,"expected_scans":30,"missing_scan_dirs":5,"open3dsg_files":{"mesh.refined.mtl":23,"mesh.refined.v2.obj":23,"mesh.refined_0.png":23},"raw_files":{"labels.instances.annotated.v2.ply":25,"mesh.refined.0.010000.segs.v2.json":25,"semseg.v2.json":25},"sequence_files":{"sequence/_info.txt":25,"sequence/frame-000000.color.jpg":25,"sequence/frame-000000.depth.pgm":25,"sequence/frame-000000.pose.txt":25}},"target_payload":{"existing_scan_dirs":1037,"expected_scans":1208,"missing_scan_dirs":171,"open3dsg_files":{"mesh.refined.mtl":1026,"mesh.refined.v2.obj":1026,"mesh.refined_0.png":1026},"raw_files":{"labels.instances.annotated.v2.ply":1037,"mesh.refined.0.010000.segs.v2.json":1037,"semseg.v2.json":1037},"sequence_files":{"sequence/_info.txt":1028,"sequence/frame-000000.color.jpg":1028,"sequence/frame-000000.depth.pgm":1028,"sequence/frame-000000.pose.txt":1028}}}
[2026-05-07T22:23:56+09:00] starting payload batch: limit=100 workers=4 current_mesh_ready=1003/1178
 Container h001_geom_reliability-open3dsg_payload-run-f5cd8d328cb6 Creating 
 Container h001_geom_reliability-open3dsg_payload-run-f5cd8d328cb6 Created 
{"out": "/workspace/experiments/H001_geom_reliability/sources/open3dsg/payload", "status": "payload_download_batch_complete"}
[2026-05-07T23:01:16+09:00] refreshing training_repro manifest
 Container h001_geom_reliability-open3dsg_train_root-run-156ab3b06381 Creating 
 Container h001_geom_reliability-open3dsg_train_root-run-156ab3b06381 Created 
{"out": "/workspace/experiments/H001_geom_reliability/sources/open3dsg/training_repro", "status": "training_repro_metadata_ready_payload_incomplete"}
{"status":"training_repro_metadata_ready_payload_incomplete","train_payload":{"existing_scan_dirs":1106,"expected_scans":1178,"missing_scan_dirs":72,"open3dsg_files":{"mesh.refined.mtl":1100,"mesh.refined.v2.obj":1100,"mesh.refined_0.png":1100},"raw_files":{"labels.instances.annotated.v2.ply":1106,"mesh.refined.0.010000.segs.v2.json":1106,"semseg.v2.json":1106},"sequence_files":{"sequence/_info.txt":1100,"sequence/frame-000000.color.jpg":1100,"sequence/frame-000000.depth.pgm":1100,"sequence/frame-000000.pose.txt":1100}},"train_dev_payload":{"existing_scan_dirs":27,"expected_scans":30,"missing_scan_dirs":3,"open3dsg_files":{"mesh.refined.mtl":26,"mesh.refined.v2.obj":26,"mesh.refined_0.png":26},"raw_files":{"labels.instances.annotated.v2.ply":27,"mesh.refined.0.010000.segs.v2.json":27,"semseg.v2.json":27},"sequence_files":{"sequence/_info.txt":27,"sequence/frame-000000.color.jpg":27,"sequence/frame-000000.depth.pgm":27,"sequence/frame-000000.pose.txt":27}},"target_payload":{"existing_scan_dirs":1133,"expected_scans":1208,"missing_scan_dirs":75,"open3dsg_files":{"mesh.refined.mtl":1126,"mesh.refined.v2.obj":1126,"mesh.refined_0.png":1126},"raw_files":{"labels.instances.annotated.v2.ply":1133,"mesh.refined.0.010000.segs.v2.json":1133,"semseg.v2.json":1133},"sequence_files":{"sequence/_info.txt":1127,"sequence/frame-000000.color.jpg":1127,"sequence/frame-000000.depth.pgm":1127,"sequence/frame-000000.pose.txt":1127}}}
[2026-05-07T23:01:47+09:00] starting payload batch: limit=100 workers=4 current_mesh_ready=1100/1178
 Container h001_geom_reliability-open3dsg_payload-run-731ee55013e9 Creating 
 Container h001_geom_reliability-open3dsg_payload-run-731ee55013e9 Created 
{"out": "/workspace/experiments/H001_geom_reliability/sources/open3dsg/payload", "status": "payload_download_batch_complete"}
[2026-05-07T23:35:51+09:00] refreshing training_repro manifest
 Container h001_geom_reliability-open3dsg_train_root-run-825faa495265 Creating 
 Container h001_geom_reliability-open3dsg_train_root-run-825faa495265 Created 
{"out": "/workspace/experiments/H001_geom_reliability/sources/open3dsg/training_repro", "status": "training_repro_staged_root_ready_for_view_preprocess"}
{"status":"training_repro_staged_root_ready_for_view_preprocess","train_payload":{"existing_scan_dirs":1178,"expected_scans":1178,"missing_scan_dirs":0,"open3dsg_files":{"mesh.refined.mtl":1178,"mesh.refined.v2.obj":1178,"mesh.refined_0.png":1178},"raw_files":{"labels.instances.annotated.v2.ply":1178,"mesh.refined.0.010000.segs.v2.json":1178,"semseg.v2.json":1178},"sequence_files":{"sequence/_info.txt":1178,"sequence/frame-000000.color.jpg":1178,"sequence/frame-000000.depth.pgm":1178,"sequence/frame-000000.pose.txt":1178}},"train_dev_payload":{"existing_scan_dirs":30,"expected_scans":30,"missing_scan_dirs":0,"open3dsg_files":{"mesh.refined.mtl":30,"mesh.refined.v2.obj":30,"mesh.refined_0.png":30},"raw_files":{"labels.instances.annotated.v2.ply":30,"mesh.refined.0.010000.segs.v2.json":30,"semseg.v2.json":30},"sequence_files":{"sequence/_info.txt":30,"sequence/frame-000000.color.jpg":30,"sequence/frame-000000.depth.pgm":30,"sequence/frame-000000.pose.txt":30}},"target_payload":{"existing_scan_dirs":1208,"expected_scans":1208,"missing_scan_dirs":0,"open3dsg_files":{"mesh.refined.mtl":1208,"mesh.refined.v2.obj":1208,"mesh.refined_0.png":1208},"raw_files":{"labels.instances.annotated.v2.ply":1208,"mesh.refined.0.010000.segs.v2.json":1208,"semseg.v2.json":1208},"sequence_files":{"sequence/_info.txt":1208,"sequence/frame-000000.color.jpg":1208,"sequence/frame-000000.depth.pgm":1208,"sequence/frame-000000.pose.txt":1208}}}
[2026-05-07T23:36:22+09:00] payload complete: train Open3DSG mesh/texture readiness is 1178/1178
